Training console diary: C:\Users\abuj\Code\Reinforcement-Learning-Furuta-Inverted-Pendulum\results\TD3\run_20260708_125527_td3_mathworks_style_pi_current_1c_500hz_theta1_offset_warm\training_console.log
Starting parallel pool (parpool) using the 'Processes' profile ...
Preserving jobs with IDs: 1 because they contain crash dump files.
You can use 'delete(myCluster.Jobs)' to remove all jobs created with profile Processes. To create 'myCluster' use 'myCluster = parcluster('Processes')'.
Connected to parallel pool with 22 workers.
Episode:   1/2000 | Episode reward:   299.82 | Episode steps:  500 | Average reward:   299.82 | Step Count:  500 | Episode Q0:    28.33
Episode:   2/2000 | Episode reward:   454.37 | Episode steps:  609 | Average reward:   377.09 | Step Count: 1109 | Episode Q0:    28.33
Episode:   3/2000 | Episode reward:   714.04 | Episode steps: 1007 | Average reward:   489.41 | Step Count: 2116 | Episode Q0:    28.33
Episode:   4/2000 | Episode reward:   763.58 | Episode steps: 1041 | Average reward:   557.95 | Step Count: 3157 | Episode Q0:    28.33
Episode:   5/2000 | Episode reward:   300.75 | Episode steps:  500 | Average reward:   506.51 | Step Count: 3657 | Episode Q0:    28.33
Episode:   6/2000 | Episode reward:   530.23 | Episode steps:  709 | Average reward:   510.46 | Step Count: 4366 | Episode Q0:    28.33
Episode:   7/2000 | Episode reward:   597.06 | Episode steps:  825 | Average reward:   522.83 | Step Count: 5191 | Episode Q0:    28.33
Episode:   8/2000 | Episode reward:   859.48 | Episode steps: 1196 | Average reward:   564.91 | Step Count: 6387 | Episode Q0:    28.33
Episode:   9/2000 | Episode reward:   446.51 | Episode steps:  613 | Average reward:   551.76 | Step Count: 7000 | Episode Q0:    28.33
Episode:  10/2000 | Episode reward:   971.51 | Episode steps: 1349 | Average reward:   593.73 | Step Count: 8349 | Episode Q0:    28.33
Episode:  11/2000 | Episode reward:   524.82 | Episode steps:  715 | Average reward:   616.23 | Step Count: 9064 | Episode Q0:    28.33
Episode:  12/2000 | Episode reward:  1391.05 | Episode steps: 1928 | Average reward:   709.90 | Step Count: 10992 | Episode Q0:    58.38
Episode:  13/2000 | Episode reward:  1741.74 | Episode steps: 2392 | Average reward:   812.67 | Step Count: 13384 | Episode Q0:    58.38
Episode:  14/2000 | Episode reward:  1348.12 | Episode steps: 1817 | Average reward:   871.13 | Step Count: 15201 | Episode Q0:    58.38
Episode:  15/2000 | Episode reward:  1762.28 | Episode steps: 2428 | Average reward:  1017.28 | Step Count: 17629 | Episode Q0:    58.38
Episode:  16/2000 | Episode reward:  1827.29 | Episode steps: 2500 | Average reward:  1146.99 | Step Count: 20129 | Episode Q0:    58.38
Episode:  17/2000 | Episode reward:   730.39 | Episode steps:  995 | Average reward:  1160.32 | Step Count: 21124 | Episode Q0:    58.38
Episode:  18/2000 | Episode reward:  1795.04 | Episode steps: 2500 | Average reward:  1253.87 | Step Count: 23624 | Episode Q0:    58.38
Episode:  19/2000 | Episode reward:   658.14 | Episode steps:  899 | Average reward:  1275.04 | Step Count: 24523 | Episode Q0:    58.38
Episode:  20/2000 | Episode reward:   298.16 | Episode steps:  500 | Average reward:  1207.70 | Step Count: 25023 | Episode Q0:    58.38
Episode:  21/2000 | Episode reward:  1366.21 | Episode steps: 1840 | Average reward:  1291.84 | Step Count: 26863 | Episode Q0:    58.38
Episode:  22/2000 | Episode reward:   592.11 | Episode steps:  819 | Average reward:  1211.95 | Step Count: 27682 | Episode Q0:    58.38
Episode:  23/2000 | Episode reward:   903.29 | Episode steps: 1240 | Average reward:  1128.10 | Step Count: 28922 | Episode Q0:    58.38
Episode:  24/2000 | Episode reward:   402.20 | Episode steps:  542 | Average reward:  1033.51 | Step Count: 29464 | Episode Q0:    58.38
Episode:  25/2000 | Episode reward:   551.76 | Episode steps:  754 | Average reward:   912.46 | Step Count: 30218 | Episode Q0:    58.38
Episode:  26/2000 | Episode reward:   870.22 | Episode steps: 1189 | Average reward:   816.75 | Step Count: 31407 | Episode Q0:    58.38
Episode:  27/2000 | Episode reward:   839.56 | Episode steps: 1129 | Average reward:   827.67 | Step Count: 32536 | Episode Q0:    58.38
Episode:  28/2000 | Episode reward:   297.87 | Episode steps:  500 | Average reward:   677.95 | Step Count: 33036 | Episode Q0:    58.38
Episode:  29/2000 | Episode reward:   353.99 | Episode steps:  500 | Average reward:   647.54 | Step Count: 33536 | Episode Q0:    58.38
Episode:  30/2000 | Episode reward:  1129.79 | Episode steps: 1547 | Average reward:   730.70 | Step Count: 35083 | Episode Q0:    58.38
Episode:  31/2000 | Episode reward:   422.12 | Episode steps:  568 | Average reward:   636.29 | Step Count: 35651 | Episode Q0:    58.38
Episode:  32/2000 | Episode reward:   563.44 | Episode steps:  838 | Average reward:   633.42 | Step Count: 36489 | Episode Q0:    58.38
Episode:  33/2000 | Episode reward:  1038.80 | Episode steps: 1418 | Average reward:   646.98 | Step Count: 37907 | Episode Q0:    58.38
Episode:  34/2000 | Episode reward:   598.61 | Episode steps:  821 | Average reward:   666.62 | Step Count: 38728 | Episode Q0:    58.38
Episode:  35/2000 | Episode reward:   779.09 | Episode steps: 1097 | Average reward:   689.35 | Step Count: 39825 | Episode Q0:    58.38
Episode:  36/2000 | Episode reward:   814.38 | Episode steps: 1102 | Average reward:   683.77 | Step Count: 40927 | Episode Q0:    58.38
Episode:  37/2000 | Episode reward:   283.00 | Episode steps:  500 | Average reward:   628.11 | Step Count: 41427 | Episode Q0:    58.38
Episode:  38/2000 | Episode reward:   373.32 | Episode steps:  523 | Average reward:   635.65 | Step Count: 41950 | Episode Q0:    58.38
Episode:  39/2000 | Episode reward:   974.25 | Episode steps: 1352 | Average reward:   697.68 | Step Count: 43302 | Episode Q0:    58.38
Episode:  40/2000 | Episode reward:  1238.29 | Episode steps: 1680 | Average reward:   708.53 | Step Count: 44982 | Episode Q0:    58.38
Episode:  41/2000 | Episode reward:  1730.12 | Episode steps: 2391 | Average reward:   839.33 | Step Count: 47373 | Episode Q0:    58.38
Episode:  42/2000 | Episode reward:   766.89 | Episode steps: 1041 | Average reward:   859.68 | Step Count: 48414 | Episode Q0:    58.38
Episode:  43/2000 | Episode reward:  1843.07 | Episode steps: 2500 | Average reward:   940.10 | Step Count: 50914 | Episode Q0:    58.38
Episode:  44/2000 | Episode reward:   600.47 | Episode steps:  811 | Average reward:   940.29 | Step Count: 51725 | Episode Q0:    58.38
Episode:  45/2000 | Episode reward:  1529.67 | Episode steps: 2075 | Average reward:  1015.35 | Step Count: 53800 | Episode Q0:    82.32
Episode:  46/2000 | Episode reward:   297.91 | Episode steps:  500 | Average reward:   963.70 | Step Count: 54300 | Episode Q0:    82.32
Episode:  47/2000 | Episode reward:   300.45 | Episode steps:  500 | Average reward:   965.44 | Step Count: 54800 | Episode Q0:    82.32
Episode:  48/2000 | Episode reward:   250.85 | Episode steps:  484 | Average reward:   953.20 | Step Count: 55284 | Episode Q0:    82.32
Episode:  49/2000 | Episode reward:   289.86 | Episode steps:  500 | Average reward:   884.76 | Step Count: 55784 | Episode Q0:    82.32
Episode:  50/2000 | Episode reward:   297.44 | Episode steps:  500 | Average reward:   790.67 | Step Count: 56284 | Episode Q0:    82.32
Episode:  51/2000 | Episode reward:   254.21 | Episode steps:  443 | Average reward:   643.08 | Step Count: 56727 | Episode Q0:    82.32
Episode:  52/2000 | Episode reward:   306.22 | Episode steps:  500 | Average reward:   597.02 | Step Count: 57227 | Episode Q0:    82.32
Episode:  53/2000 | Episode reward:   281.93 | Episode steps:  500 | Average reward:   440.90 | Step Count: 57727 | Episode Q0:    82.32
Episode:  54/2000 | Episode reward:   285.44 | Episode steps:  500 | Average reward:   409.40 | Step Count: 58227 | Episode Q0:    82.32
Episode:  55/2000 | Episode reward:   298.95 | Episode steps:  500 | Average reward:   286.33 | Step Count: 58727 | Episode Q0:    82.32
Episode:  56/2000 | Episode reward:   101.41 | Episode steps:  199 | Average reward:   266.68 | Step Count: 58926 | Episode Q0:    82.32
Episode:  57/2000 | Episode reward:    78.34 | Episode steps:  204 | Average reward:   244.47 | Step Count: 59130 | Episode Q0:    82.32
Episode:  58/2000 | Episode reward:   172.14 | Episode steps:  294 | Average reward:   236.59 | Step Count: 59424 | Episode Q0:    82.32
Episode:  59/2000 | Episode reward:   135.40 | Episode steps:  279 | Average reward:   221.15 | Step Count: 59703 | Episode Q0:    82.32
Episode:  60/2000 | Episode reward:   136.79 | Episode steps:  294 | Average reward:   205.08 | Step Count: 59997 | Episode Q0:    82.32
Episode:  61/2000 | Episode reward:   140.49 | Episode steps:  242 | Average reward:   193.71 | Step Count: 60239 | Episode Q0:    82.32
Episode:  62/2000 | Episode reward:    69.42 | Episode steps:  185 | Average reward:   170.03 | Step Count: 60424 | Episode Q0:    82.32
Episode:  63/2000 | Episode reward:    68.43 | Episode steps:  132 | Average reward:   148.68 | Step Count: 60556 | Episode Q0:    82.32
Episode:  64/2000 | Episode reward:    97.19 | Episode steps:  224 | Average reward:   129.85 | Step Count: 60780 | Episode Q0:    82.32
Episode:  65/2000 | Episode reward:    88.45 | Episode steps:  173 | Average reward:   108.80 | Step Count: 60953 | Episode Q0:    82.32
Episode:  66/2000 | Episode reward:   110.96 | Episode steps:  215 | Average reward:   109.76 | Step Count: 61168 | Episode Q0:    82.32
Episode:  67/2000 | Episode reward:    80.57 | Episode steps:  170 | Average reward:   109.98 | Step Count: 61338 | Episode Q0:    82.32
Episode:  68/2000 | Episode reward:   178.97 | Episode steps:  360 | Average reward:   110.67 | Step Count: 61698 | Episode Q0:    82.32
Episode:  69/2000 | Episode reward:    65.27 | Episode steps:  143 | Average reward:   103.65 | Step Count: 61841 | Episode Q0:    82.32
Episode:  70/2000 | Episode reward:    71.19 | Episode steps:  164 | Average reward:    97.09 | Step Count: 62005 | Episode Q0:    82.32
Episode:  71/2000 | Episode reward:   127.97 | Episode steps:  288 | Average reward:    95.84 | Step Count: 62293 | Episode Q0:    85.76
Episode:  72/2000 | Episode reward:    77.80 | Episode steps:  160 | Average reward:    96.68 | Step Count: 62453 | Episode Q0:    85.76
Episode:  73/2000 | Episode reward:    85.33 | Episode steps:  189 | Average reward:    98.37 | Step Count: 62642 | Episode Q0:    85.76
Episode:  74/2000 | Episode reward:   100.37 | Episode steps:  199 | Average reward:    98.69 | Step Count: 62841 | Episode Q0:    85.76
Episode:  75/2000 | Episode reward:    81.15 | Episode steps:  163 | Average reward:    97.96 | Step Count: 63004 | Episode Q0:    85.76
Episode:  76/2000 | Episode reward:    70.44 | Episode steps:  188 | Average reward:    93.91 | Step Count: 63192 | Episode Q0:    85.76
Episode:  77/2000 | Episode reward:   106.94 | Episode steps:  252 | Average reward:    96.54 | Step Count: 63444 | Episode Q0:    85.76
Episode:  78/2000 | Episode reward:    74.46 | Episode steps:  202 | Average reward:    86.09 | Step Count: 63646 | Episode Q0:    85.76
Episode:  79/2000 | Episode reward:    82.59 | Episode steps:  167 | Average reward:    87.82 | Step Count: 63813 | Episode Q0:    85.76
Episode:  80/2000 | Episode reward:    98.65 | Episode steps:  252 | Average reward:    90.57 | Step Count: 64065 | Episode Q0:    85.76
Episode:  81/2000 | Episode reward:   146.13 | Episode steps:  286 | Average reward:    92.39 | Step Count: 64351 | Episode Q0:    85.76
Episode:  82/2000 | Episode reward:    83.38 | Episode steps:  157 | Average reward:    92.95 | Step Count: 64508 | Episode Q0:    85.76
Episode:  83/2000 | Episode reward:   107.29 | Episode steps:  238 | Average reward:    95.14 | Step Count: 64746 | Episode Q0:    85.76
Episode:  84/2000 | Episode reward:    91.23 | Episode steps:  217 | Average reward:    94.23 | Step Count: 64963 | Episode Q0:    85.76
Episode:  85/2000 | Episode reward:    86.70 | Episode steps:  183 | Average reward:    94.78 | Step Count: 65146 | Episode Q0:    85.76
Episode:  86/2000 | Episode reward:   102.91 | Episode steps:  229 | Average reward:    98.03 | Step Count: 65375 | Episode Q0:    85.76
Episode:  87/2000 | Episode reward:   127.16 | Episode steps:  244 | Average reward:   100.05 | Step Count: 65619 | Episode Q0:    85.76
Episode:  88/2000 | Episode reward:   106.64 | Episode steps:  230 | Average reward:   103.27 | Step Count: 65849 | Episode Q0:    85.76
Episode:  89/2000 | Episode reward:   118.94 | Episode steps:  288 | Average reward:   106.90 | Step Count: 66137 | Episode Q0:    85.76
Episode:  90/2000 | Episode reward:    80.31 | Episode steps:  236 | Average reward:   105.07 | Step Count: 66373 | Episode Q0:    85.76
Episode:  91/2000 | Episode reward:   117.20 | Episode steps:  286 | Average reward:   102.18 | Step Count: 66659 | Episode Q0:    85.76
Episode:  92/2000 | Episode reward:    97.27 | Episode steps:  264 | Average reward:   103.57 | Step Count: 66923 | Episode Q0:    85.76
Episode:  93/2000 | Episode reward:   186.66 | Episode steps:  500 | Average reward:   111.50 | Step Count: 67423 | Episode Q0:    85.76
Episode:  94/2000 | Episode reward:    81.09 | Episode steps:  233 | Average reward:   110.49 | Step Count: 67656 | Episode Q0:    85.76
Episode:  95/2000 | Episode reward:   104.03 | Episode steps:  393 | Average reward:   112.22 | Step Count: 68049 | Episode Q0:    85.76
Episode:  96/2000 | Episode reward:    97.42 | Episode steps:  251 | Average reward:   111.67 | Step Count: 68300 | Episode Q0:    85.76
Episode:  97/2000 | Episode reward:   170.11 | Episode steps:  471 | Average reward:   115.97 | Step Count: 68771 | Episode Q0:    85.76
Episode:  98/2000 | Episode reward:    90.32 | Episode steps:  252 | Average reward:   114.34 | Step Count: 69023 | Episode Q0:    85.76
Episode:  99/2000 | Episode reward:    79.45 | Episode steps:  244 | Average reward:   110.39 | Step Count: 69267 | Episode Q0:    85.76
Episode: 100/2000 | Episode reward:   108.61 | Episode steps:  279 | Average reward:   113.22 | Step Count: 69546 | Episode Q0:    85.76
Episode: 101/2000 | Episode reward:   140.60 | Episode steps:  431 | Average reward:   115.56 | Step Count: 69977 | Episode Q0:    85.76
Episode: 102/2000 | Episode reward:    73.75 | Episode steps:  225 | Average reward:   113.21 | Step Count: 70202 | Episode Q0:    85.76
Episode: 103/2000 | Episode reward:    62.06 | Episode steps:  215 | Average reward:   100.75 | Step Count: 70417 | Episode Q0:    85.69
Episode: 104/2000 | Episode reward:    96.92 | Episode steps:  256 | Average reward:   102.33 | Step Count: 70673 | Episode Q0:    85.69
Episode: 105/2000 | Episode reward:   128.01 | Episode steps:  434 | Average reward:   104.73 | Step Count: 71107 | Episode Q0:    85.69
Episode: 106/2000 | Episode reward:    92.62 | Episode steps:  165 | Average reward:   104.25 | Step Count: 71272 | Episode Q0:    85.69
Episode: 107/2000 | Episode reward:   125.80 | Episode steps:  304 | Average reward:    99.82 | Step Count: 71576 | Episode Q0:    85.69
Episode: 108/2000 | Episode reward:    82.53 | Episode steps:  247 | Average reward:    99.04 | Step Count: 71823 | Episode Q0:    85.69
Episode: 109/2000 | Episode reward:   100.52 | Episode steps:  254 | Average reward:   101.14 | Step Count: 72077 | Episode Q0:    85.69
Episode: 110/2000 | Episode reward:    69.25 | Episode steps:  215 | Average reward:    97.21 | Step Count: 72292 | Episode Q0:    85.69
Episode: 111/2000 | Episode reward:   123.36 | Episode steps:  305 | Average reward:    95.48 | Step Count: 72597 | Episode Q0:    85.69
Episode: 112/2000 | Episode reward:    84.84 | Episode steps:  248 | Average reward:    96.59 | Step Count: 72845 | Episode Q0:    85.69
Episode: 113/2000 | Episode reward:   101.19 | Episode steps:  257 | Average reward:   100.50 | Step Count: 73102 | Episode Q0:    85.69
Episode: 114/2000 | Episode reward:    99.36 | Episode steps:  255 | Average reward:   100.75 | Step Count: 73357 | Episode Q0:    85.69
Episode: 115/2000 | Episode reward:    48.85 | Episode steps:  166 | Average reward:    92.83 | Step Count: 73523 | Episode Q0:    85.69
Episode: 116/2000 | Episode reward:    79.28 | Episode steps:  226 | Average reward:    91.50 | Step Count: 73749 | Episode Q0:    85.69
Episode: 117/2000 | Episode reward:    47.46 | Episode steps:  181 | Average reward:    83.66 | Step Count: 73930 | Episode Q0:    85.69
Episode: 118/2000 | Episode reward:    88.30 | Episode steps:  225 | Average reward:    84.24 | Step Count: 74155 | Episode Q0:    85.69
Episode: 119/2000 | Episode reward:   147.55 | Episode steps:  309 | Average reward:    88.94 | Step Count: 74464 | Episode Q0:    85.69
Episode: 120/2000 | Episode reward:    53.40 | Episode steps:  189 | Average reward:    87.36 | Step Count: 74653 | Episode Q0:    85.69
Episode: 121/2000 | Episode reward:   104.99 | Episode steps:  231 | Average reward:    85.52 | Step Count: 74884 | Episode Q0:    85.69
Episode: 122/2000 | Episode reward:    52.35 | Episode steps:  192 | Average reward:    82.27 | Step Count: 75076 | Episode Q0:    85.69
Episode: 123/2000 | Episode reward:    55.55 | Episode steps:  190 | Average reward:    77.71 | Step Count: 75266 | Episode Q0:    85.69
Episode: 124/2000 | Episode reward:    76.36 | Episode steps:  218 | Average reward:    75.41 | Step Count: 75484 | Episode Q0:    85.69
Episode: 125/2000 | Episode reward:   159.71 | Episode steps:  316 | Average reward:    86.50 | Step Count: 75800 | Episode Q0:    85.69
Episode: 126/2000 | Episode reward:    36.78 | Episode steps:  175 | Average reward:    82.25 | Step Count: 75975 | Episode Q0:    85.69
Episode: 127/2000 | Episode reward:    77.56 | Episode steps:  220 | Average reward:    85.26 | Step Count: 76195 | Episode Q0:    85.69
Episode: 128/2000 | Episode reward:    77.78 | Episode steps:  231 | Average reward:    84.20 | Step Count: 76426 | Episode Q0:    85.69
Episode: 129/2000 | Episode reward:   121.71 | Episode steps:  242 | Average reward:    81.62 | Step Count: 76668 | Episode Q0:    85.69
Episode: 130/2000 | Episode reward:    55.89 | Episode steps:  195 | Average reward:    81.87 | Step Count: 76863 | Episode Q0:    85.69
Episode: 131/2000 | Episode reward:    41.53 | Episode steps:  172 | Average reward:    75.52 | Step Count: 77035 | Episode Q0:    85.69
Episode: 132/2000 | Episode reward:    44.61 | Episode steps:  175 | Average reward:    74.75 | Step Count: 77210 | Episode Q0:    85.69
Episode: 133/2000 | Episode reward:    74.30 | Episode steps:  217 | Average reward:    76.62 | Step Count: 77427 | Episode Q0:    85.69
Episode: 134/2000 | Episode reward:    53.56 | Episode steps:  197 | Average reward:    74.34 | Step Count: 77624 | Episode Q0:    85.69
Episode: 135/2000 | Episode reward:    63.33 | Episode steps:  225 | Average reward:    64.70 | Step Count: 77849 | Episode Q0:    85.69
