Training console diary: C:\Users\abuj\Code\Reinforcement-Learning-Furuta-Inverted-Pendulum\results\TD3\run_20260708_212509_td3_mathworks_style_pi_current_1d_500hz_long_imeas_scratch7000\training_console.log
Episode:   1/7000 | Episode reward:    59.48 | Episode steps:   88 | Average reward:    59.48 | Step Count:   88 | Episode Q0:     0.02
Episode:   2/7000 | Episode reward:    39.55 | Episode steps:   77 | Average reward:    49.51 | Step Count:  165 | Episode Q0:     0.02
Episode:   3/7000 | Episode reward:    82.09 | Episode steps:  223 | Average reward:    60.37 | Step Count:  388 | Episode Q0:     0.02
Episode:   4/7000 | Episode reward:    40.75 | Episode steps:   99 | Average reward:    55.46 | Step Count:  487 | Episode Q0:     0.02
Episode:   5/7000 | Episode reward:    86.71 | Episode steps:  218 | Average reward:    61.71 | Step Count:  705 | Episode Q0:     0.02
Episode:   6/7000 | Episode reward:   115.50 | Episode steps:  181 | Average reward:    70.68 | Step Count:  886 | Episode Q0:     0.02
Episode:   7/7000 | Episode reward:   131.43 | Episode steps:  317 | Average reward:    79.36 | Step Count: 1203 | Episode Q0:     0.02
Episode:   8/7000 | Episode reward:    72.87 | Episode steps:  197 | Average reward:    78.55 | Step Count: 1400 | Episode Q0:     0.02
Episode:   9/7000 | Episode reward:    70.18 | Episode steps:  236 | Average reward:    77.62 | Step Count: 1636 | Episode Q0:     0.02
Episode:  10/7000 | Episode reward:   108.26 | Episode steps:  263 | Average reward:    80.68 | Step Count: 1899 | Episode Q0:     0.02
Episode:  11/7000 | Episode reward:    63.28 | Episode steps:  185 | Average reward:    81.06 | Step Count: 2084 | Episode Q0:     0.02
Episode:  12/7000 | Episode reward:   165.15 | Episode steps:  218 | Average reward:    93.62 | Step Count: 2302 | Episode Q0:     0.02
Episode:  13/7000 | Episode reward:    73.36 | Episode steps:  196 | Average reward:    92.75 | Step Count: 2498 | Episode Q0:     0.02
Episode:  14/7000 | Episode reward:    62.56 | Episode steps:  118 | Average reward:    94.93 | Step Count: 2616 | Episode Q0:     0.02
Episode:  15/7000 | Episode reward:   126.25 | Episode steps:  183 | Average reward:    98.88 | Step Count: 2799 | Episode Q0:     0.31
Episode:  16/7000 | Episode reward:    33.62 | Episode steps:  155 | Average reward:    90.70 | Step Count: 2954 | Episode Q0:     0.31
Episode:  17/7000 | Episode reward:    67.87 | Episode steps:  189 | Average reward:    84.34 | Step Count: 3143 | Episode Q0:     0.31
Episode:  18/7000 | Episode reward:   121.61 | Episode steps:  269 | Average reward:    89.21 | Step Count: 3412 | Episode Q0:     0.31
Episode:  19/7000 | Episode reward:   142.57 | Episode steps:  301 | Average reward:    96.45 | Step Count: 3713 | Episode Q0:     0.31
Episode:  20/7000 | Episode reward:    73.06 | Episode steps:  195 | Average reward:    92.93 | Step Count: 3908 | Episode Q0:     0.31
Episode:  21/7000 | Episode reward:   119.09 | Episode steps:  260 | Average reward:    98.51 | Step Count: 4168 | Episode Q0:     0.31
Episode:  22/7000 | Episode reward:    47.01 | Episode steps:  175 | Average reward:    86.70 | Step Count: 4343 | Episode Q0:     0.31
Episode:  23/7000 | Episode reward:    80.11 | Episode steps:  218 | Average reward:    87.38 | Step Count: 4561 | Episode Q0:     0.31
Episode:  24/7000 | Episode reward:    73.39 | Episode steps:  201 | Average reward:    88.46 | Step Count: 4762 | Episode Q0:     0.31
Episode:  25/7000 | Episode reward:   122.04 | Episode steps:  276 | Average reward:    88.04 | Step Count: 5038 | Episode Q0:     0.31
Episode:  26/7000 | Episode reward:   137.17 | Episode steps:  274 | Average reward:    98.39 | Step Count: 5312 | Episode Q0:     0.31
Episode:  27/7000 | Episode reward:    47.95 | Episode steps:  103 | Average reward:    96.40 | Step Count: 5415 | Episode Q0:     0.31
Episode:  28/7000 | Episode reward:    75.05 | Episode steps:  137 | Average reward:    91.74 | Step Count: 5552 | Episode Q0:     0.31
Episode:  29/7000 | Episode reward:    48.42 | Episode steps:  189 | Average reward:    82.33 | Step Count: 5741 | Episode Q0:     0.31
Episode:  30/7000 | Episode reward:    69.75 | Episode steps:  215 | Average reward:    82.00 | Step Count: 5956 | Episode Q0:     0.08
Episode:  31/7000 | Episode reward:   100.79 | Episode steps:  154 | Average reward:    80.17 | Step Count: 6110 | Episode Q0:     0.08
Episode:  32/7000 | Episode reward:    76.93 | Episode steps:  208 | Average reward:    83.16 | Step Count: 6318 | Episode Q0:     0.08
Episode:  33/7000 | Episode reward:    84.31 | Episode steps:  221 | Average reward:    83.58 | Step Count: 6539 | Episode Q0:     0.08
Episode:  34/7000 | Episode reward:    75.33 | Episode steps:  196 | Average reward:    83.77 | Step Count: 6735 | Episode Q0:     0.08
Episode:  35/7000 | Episode reward:    61.91 | Episode steps:  189 | Average reward:    77.76 | Step Count: 6924 | Episode Q0:     0.08
Episode:  36/7000 | Episode reward:    32.36 | Episode steps:   87 | Average reward:    67.28 | Step Count: 7011 | Episode Q0:     0.08
Episode:  37/7000 | Episode reward:    57.11 | Episode steps:   84 | Average reward:    68.20 | Step Count: 7095 | Episode Q0:     0.08
Episode:  38/7000 | Episode reward:    27.92 | Episode steps:  101 | Average reward:    63.48 | Step Count: 7196 | Episode Q0:     0.08
Episode:  39/7000 | Episode reward:    76.38 | Episode steps:  110 | Average reward:    66.28 | Step Count: 7306 | Episode Q0:     0.08
Episode:  40/7000 | Episode reward:    59.86 | Episode steps:   78 | Average reward:    65.29 | Step Count: 7384 | Episode Q0:     0.08
Episode:  41/7000 | Episode reward:    26.85 | Episode steps:  129 | Average reward:    57.90 | Step Count: 7513 | Episode Q0:     0.08
Episode:  42/7000 | Episode reward:    39.07 | Episode steps:  140 | Average reward:    54.11 | Step Count: 7653 | Episode Q0:     0.08
Episode:  43/7000 | Episode reward:     6.37 | Episode steps:   81 | Average reward:    46.32 | Step Count: 7734 | Episode Q0:     0.05
Episode:  44/7000 | Episode reward:    21.22 | Episode steps:  137 | Average reward:    40.91 | Step Count: 7871 | Episode Q0:     0.05
Episode:  45/7000 | Episode reward:    98.17 | Episode steps:  137 | Average reward:    44.53 | Step Count: 8008 | Episode Q0:     0.05
Episode:  46/7000 | Episode reward:    69.05 | Episode steps:  106 | Average reward:    48.20 | Step Count: 8114 | Episode Q0:     0.05
Episode:  47/7000 | Episode reward:    53.86 | Episode steps:  101 | Average reward:    47.88 | Step Count: 8215 | Episode Q0:     0.05
Episode:  48/7000 | Episode reward:    48.37 | Episode steps:  175 | Average reward:    49.92 | Step Count: 8390 | Episode Q0:     0.05
Episode:  49/7000 | Episode reward:    34.61 | Episode steps:  139 | Average reward:    45.74 | Step Count: 8529 | Episode Q0:     0.05
Episode:  50/7000 | Episode reward:    34.47 | Episode steps:   79 | Average reward:    43.20 | Step Count: 8608 | Episode Q0:     0.05
Episode:  51/7000 | Episode reward:    43.30 | Episode steps:  142 | Average reward:    44.85 | Step Count: 8750 | Episode Q0:     0.05
Episode:  52/7000 | Episode reward:    54.65 | Episode steps:   79 | Average reward:    46.41 | Step Count: 8829 | Episode Q0:     0.05
Episode:  53/7000 | Episode reward:    46.21 | Episode steps:   92 | Average reward:    50.39 | Step Count: 8921 | Episode Q0:     0.05
Episode:  54/7000 | Episode reward:    39.56 | Episode steps:  133 | Average reward:    52.23 | Step Count: 9054 | Episode Q0:     0.05
Episode:  55/7000 | Episode reward:    37.99 | Episode steps:   92 | Average reward:    46.21 | Step Count: 9146 | Episode Q0:     0.08
Episode:  56/7000 | Episode reward:    43.89 | Episode steps:  141 | Average reward:    43.69 | Step Count: 9287 | Episode Q0:     0.08
Episode:  57/7000 | Episode reward:    40.95 | Episode steps:  123 | Average reward:    42.40 | Step Count: 9410 | Episode Q0:     0.08
Episode:  58/7000 | Episode reward:    33.43 | Episode steps:  121 | Average reward:    40.91 | Step Count: 9531 | Episode Q0:     0.08
Episode:  59/7000 | Episode reward:    26.28 | Episode steps:  118 | Average reward:    40.07 | Step Count: 9649 | Episode Q0:     0.08
Episode:  60/7000 | Episode reward:    46.13 | Episode steps:  181 | Average reward:    41.24 | Step Count: 9830 | Episode Q0:     0.08
Episode:  61/7000 | Episode reward:    42.16 | Episode steps:   68 | Average reward:    41.13 | Step Count: 9898 | Episode Q0:     0.08
Episode:  62/7000 | Episode reward:    38.09 | Episode steps:  116 | Average reward:    39.47 | Step Count: 10014 | Episode Q0:     0.08
Episode:  63/7000 | Episode reward:    47.99 | Episode steps:  148 | Average reward:    39.65 | Step Count: 10162 | Episode Q0:     0.08
Episode:  64/7000 | Episode reward:    48.15 | Episode steps:  154 | Average reward:    40.51 | Step Count: 10316 | Episode Q0:     0.08
Episode:  65/7000 | Episode reward:    62.89 | Episode steps:   97 | Average reward:    43.00 | Step Count: 10413 | Episode Q0:     0.08
Episode:  66/7000 | Episode reward:    28.03 | Episode steps:  140 | Average reward:    41.41 | Step Count: 10553 | Episode Q0:     0.08
Episode:  67/7000 | Episode reward:    36.27 | Episode steps:   81 | Average reward:    40.94 | Step Count: 10634 | Episode Q0:     0.08
Episode:  68/7000 | Episode reward:    48.79 | Episode steps:  100 | Average reward:    42.48 | Step Count: 10734 | Episode Q0:     0.12
Episode:  69/7000 | Episode reward:    49.31 | Episode steps:   87 | Average reward:    44.78 | Step Count: 10821 | Episode Q0:     0.12
Episode:  70/7000 | Episode reward:    73.41 | Episode steps:  184 | Average reward:    47.51 | Step Count: 11005 | Episode Q0:     0.12
Episode:  71/7000 | Episode reward:    41.01 | Episode steps:  149 | Average reward:    47.39 | Step Count: 11154 | Episode Q0:     0.12
Episode:  72/7000 | Episode reward:    45.26 | Episode steps:   68 | Average reward:    48.11 | Step Count: 11222 | Episode Q0:     0.12
Episode:  73/7000 | Episode reward:    52.65 | Episode steps:   82 | Average reward:    48.58 | Step Count: 11304 | Episode Q0:     0.12
Episode:  74/7000 | Episode reward:    39.78 | Episode steps:  142 | Average reward:    47.74 | Step Count: 11446 | Episode Q0:     0.12
Episode:  75/7000 | Episode reward:    80.52 | Episode steps:  211 | Average reward:    49.50 | Step Count: 11657 | Episode Q0:     0.12
Episode:  76/7000 | Episode reward:    55.93 | Episode steps:  127 | Average reward:    52.29 | Step Count: 11784 | Episode Q0:     0.12
Episode:  77/7000 | Episode reward:    47.15 | Episode steps:  171 | Average reward:    53.38 | Step Count: 11955 | Episode Q0:     0.12
Episode:  78/7000 | Episode reward:    29.89 | Episode steps:   82 | Average reward:    51.49 | Step Count: 12037 | Episode Q0:     0.12
Episode:  79/7000 | Episode reward:    59.85 | Episode steps:  112 | Average reward:    52.55 | Step Count: 12149 | Episode Q0:     0.12
Episode:  80/7000 | Episode reward:    30.13 | Episode steps:   83 | Average reward:    48.22 | Step Count: 12232 | Episode Q0:     0.12
Episode:  81/7000 | Episode reward:    43.38 | Episode steps:  159 | Average reward:    48.45 | Step Count: 12391 | Episode Q0:     0.19
Episode:  82/7000 | Episode reward:    75.56 | Episode steps:  202 | Average reward:    51.48 | Step Count: 12593 | Episode Q0:     0.19
Episode:  83/7000 | Episode reward:    51.83 | Episode steps:  113 | Average reward:    51.40 | Step Count: 12706 | Episode Q0:     0.19
Episode:  84/7000 | Episode reward:    46.19 | Episode steps:  171 | Average reward:    52.04 | Step Count: 12877 | Episode Q0:     0.19
Episode:  85/7000 | Episode reward:    68.17 | Episode steps:   91 | Average reward:    50.81 | Step Count: 12968 | Episode Q0:     0.19
Episode:  86/7000 | Episode reward:    49.31 | Episode steps:   98 | Average reward:    50.15 | Step Count: 13066 | Episode Q0:     0.19
Episode:  87/7000 | Episode reward:    46.00 | Episode steps:  110 | Average reward:    50.03 | Step Count: 13176 | Episode Q0:     0.19
Episode:  88/7000 | Episode reward:    45.01 | Episode steps:  137 | Average reward:    51.55 | Step Count: 13313 | Episode Q0:     0.19
Episode:  89/7000 | Episode reward:   153.19 | Episode steps:  360 | Average reward:    60.88 | Step Count: 13673 | Episode Q0:     0.19
Episode:  90/7000 | Episode reward:   169.18 | Episode steps:  382 | Average reward:    74.78 | Step Count: 14055 | Episode Q0:     0.26
Episode:  91/7000 | Episode reward:   119.39 | Episode steps:  323 | Average reward:    82.39 | Step Count: 14378 | Episode Q0:     0.26
Episode:  92/7000 | Episode reward:    44.88 | Episode steps:  140 | Average reward:    79.32 | Step Count: 14518 | Episode Q0:     0.26
Episode:  93/7000 | Episode reward:   134.43 | Episode steps:  325 | Average reward:    87.58 | Step Count: 14843 | Episode Q0:     0.26
Episode:  94/7000 | Episode reward:    35.11 | Episode steps:  156 | Average reward:    86.47 | Step Count: 14999 | Episode Q0:     0.26
Episode:  95/7000 | Episode reward:    62.35 | Episode steps:  195 | Average reward:    85.89 | Step Count: 15194 | Episode Q0:     0.26
Episode:  96/7000 | Episode reward:   183.26 | Episode steps:  382 | Average reward:    99.28 | Step Count: 15576 | Episode Q0:     0.26
Episode:  97/7000 | Episode reward:    40.04 | Episode steps:  157 | Average reward:    98.69 | Step Count: 15733 | Episode Q0:     0.26
Episode:  98/7000 | Episode reward:    24.63 | Episode steps:  138 | Average reward:    96.65 | Step Count: 15871 | Episode Q0:     0.26
Episode:  99/7000 | Episode reward:    50.12 | Episode steps:  284 | Average reward:    86.34 | Step Count: 16155 | Episode Q0:     0.26
Episode: 100/7000 | Episode reward:   249.54 | Episode steps:  736 | Average reward:    94.38 | Step Count: 16891 | Episode Q0:     0.26
Episode: 101/7000 | Episode reward:    12.47 | Episode steps:   99 | Average reward:    83.68 | Step Count: 16990 | Episode Q0:     0.26
Episode: 102/7000 | Episode reward:    75.41 | Episode steps:  193 | Average reward:    86.74 | Step Count: 17183 | Episode Q0:     0.23
Episode: 103/7000 | Episode reward:   178.30 | Episode steps:  403 | Average reward:    91.12 | Step Count: 17586 | Episode Q0:     0.23
Episode: 104/7000 | Episode reward:    37.21 | Episode steps:  144 | Average reward:    91.33 | Step Count: 17730 | Episode Q0:     0.23
Episode: 105/7000 | Episode reward:   107.51 | Episode steps:  248 | Average reward:    95.85 | Step Count: 17978 | Episode Q0:     0.23
Episode: 106/7000 | Episode reward:   227.40 | Episode steps:  499 | Average reward:   100.26 | Step Count: 18477 | Episode Q0:     0.23
Episode: 107/7000 | Episode reward:    20.77 | Episode steps:  122 | Average reward:    98.34 | Step Count: 18599 | Episode Q0:     0.23
Episode: 108/7000 | Episode reward:    57.98 | Episode steps:  168 | Average reward:   101.67 | Step Count: 18767 | Episode Q0:     0.23
Episode: 109/7000 | Episode reward:    29.71 | Episode steps:  106 | Average reward:    99.63 | Step Count: 18873 | Episode Q0:     0.23
Episode: 110/7000 | Episode reward:   114.12 | Episode steps:  263 | Average reward:    86.09 | Step Count: 19136 | Episode Q0:     0.23
Episode: 111/7000 | Episode reward:    14.84 | Episode steps:   95 | Average reward:    86.33 | Step Count: 19231 | Episode Q0:     0.36
Episode: 112/7000 | Episode reward:    91.20 | Episode steps:  273 | Average reward:    87.90 | Step Count: 19504 | Episode Q0:     0.36
Episode: 113/7000 | Episode reward:   134.68 | Episode steps:  346 | Average reward:    83.54 | Step Count: 19850 | Episode Q0:     0.36
Episode: 114/7000 | Episode reward:    79.33 | Episode steps:  213 | Average reward:    87.75 | Step Count: 20063 | Episode Q0:     0.36
Episode: 115/7000 | Episode reward:   145.51 | Episode steps:  208 | Average reward:    91.55 | Step Count: 20271 | Episode Q0:     0.36
Episode: 116/7000 | Episode reward:    91.22 | Episode steps:  221 | Average reward:    77.94 | Step Count: 20492 | Episode Q0:     0.36
Episode: 117/7000 | Episode reward:   137.28 | Episode steps:  459 | Average reward:    89.59 | Step Count: 20951 | Episode Q0:     0.36
Episode: 118/7000 | Episode reward:   308.89 | Episode steps:  895 | Average reward:   114.68 | Step Count: 21846 | Episode Q0:     0.36
Episode: 119/7000 | Episode reward:   172.99 | Episode steps:  332 | Average reward:   129.01 | Step Count: 22178 | Episode Q0:     0.36
Episode: 120/7000 | Episode reward:   270.66 | Episode steps:  764 | Average reward:   144.66 | Step Count: 22942 | Episode Q0:     0.36
Episode: 121/7000 | Episode reward:    17.65 | Episode steps:   95 | Average reward:   144.94 | Step Count: 23037 | Episode Q0:     0.36
Episode: 122/7000 | Episode reward:    43.93 | Episode steps:  102 | Average reward:   140.21 | Step Count: 23139 | Episode Q0:     0.36
Episode: 123/7000 | Episode reward:   199.07 | Episode steps:  526 | Average reward:   146.65 | Step Count: 23665 | Episode Q0:     0.58
Episode: 124/7000 | Episode reward:   165.91 | Episode steps:  522 | Average reward:   155.31 | Step Count: 24187 | Episode Q0:     0.58
Episode: 125/7000 | Episode reward:   164.86 | Episode steps:  319 | Average reward:   157.25 | Step Count: 24506 | Episode Q0:     0.58
Episode: 126/7000 | Episode reward:   160.52 | Episode steps:  373 | Average reward:   164.18 | Step Count: 24879 | Episode Q0:     0.58
Episode: 127/7000 | Episode reward:    73.43 | Episode steps:  231 | Average reward:   157.79 | Step Count: 25110 | Episode Q0:     0.58
Episode: 128/7000 | Episode reward:    59.77 | Episode steps:  156 | Average reward:   132.88 | Step Count: 25266 | Episode Q0:     0.58
Episode: 129/7000 | Episode reward:    95.98 | Episode steps:  353 | Average reward:   125.18 | Step Count: 25619 | Episode Q0:     0.58
Episode: 130/7000 | Episode reward:   326.56 | Episode steps:  715 | Average reward:   130.77 | Step Count: 26334 | Episode Q0:     0.58
Episode: 131/7000 | Episode reward:    35.58 | Episode steps:  156 | Average reward:   132.56 | Step Count: 26490 | Episode Q0:     0.58
Episode: 132/7000 | Episode reward:   221.34 | Episode steps:  651 | Average reward:   150.30 | Step Count: 27141 | Episode Q0:     0.96
Episode: 133/7000 | Episode reward:    95.92 | Episode steps:  345 | Average reward:   139.99 | Step Count: 27486 | Episode Q0:     0.96
Episode: 134/7000 | Episode reward:   109.12 | Episode steps:  300 | Average reward:   134.31 | Step Count: 27786 | Episode Q0:     0.96
Episode: 135/7000 | Episode reward:    59.61 | Episode steps:  243 | Average reward:   123.78 | Step Count: 28029 | Episode Q0:     0.96
Episode: 136/7000 | Episode reward:    62.89 | Episode steps:  308 | Average reward:   114.02 | Step Count: 28337 | Episode Q0:     0.96
Episode: 137/7000 | Episode reward:    49.85 | Episode steps:  129 | Average reward:   111.66 | Step Count: 28466 | Episode Q0:     0.96
Episode: 138/7000 | Episode reward:    84.58 | Episode steps:  224 | Average reward:   114.14 | Step Count: 28690 | Episode Q0:     0.96
Episode: 139/7000 | Episode reward:   295.26 | Episode steps:  487 | Average reward:   134.07 | Step Count: 29177 | Episode Q0:     0.96
Episode: 140/7000 | Episode reward:   113.51 | Episode steps:  329 | Average reward:   112.77 | Step Count: 29506 | Episode Q0:     0.96
Episode: 141/7000 | Episode reward:    96.70 | Episode steps:  130 | Average reward:   118.88 | Step Count: 29636 | Episode Q0:     0.96
Episode: 142/7000 | Episode reward:   252.03 | Episode steps:  861 | Average reward:   121.95 | Step Count: 30497 | Episode Q0:     0.96
Episode: 143/7000 | Episode reward:    32.14 | Episode steps:  113 | Average reward:   115.57 | Step Count: 30610 | Episode Q0:     0.96
Episode: 144/7000 | Episode reward:   216.01 | Episode steps:  787 | Average reward:   126.26 | Step Count: 31397 | Episode Q0:     1.49
Episode: 145/7000 | Episode reward:   244.09 | Episode steps:  647 | Average reward:   144.71 | Step Count: 32044 | Episode Q0:     1.49
Episode: 146/7000 | Episode reward:   110.08 | Episode steps:  254 | Average reward:   149.43 | Step Count: 32298 | Episode Q0:     1.49
Episode: 147/7000 | Episode reward:   116.06 | Episode steps:  334 | Average reward:   156.05 | Step Count: 32632 | Episode Q0:     1.49
Episode: 148/7000 | Episode reward:   109.63 | Episode steps:  372 | Average reward:   158.55 | Step Count: 33004 | Episode Q0:     1.49
Episode: 149/7000 | Episode reward:   182.68 | Episode steps:  710 | Average reward:   147.29 | Step Count: 33714 | Episode Q0:     1.49
Episode: 150/7000 | Episode reward:   125.62 | Episode steps:  449 | Average reward:   148.50 | Step Count: 34163 | Episode Q0:     1.49
Episode: 151/7000 | Episode reward:   118.43 | Episode steps:  259 | Average reward:   150.68 | Step Count: 34422 | Episode Q0:     1.49
Episode: 152/7000 | Episode reward:   140.67 | Episode steps:  304 | Average reward:   139.54 | Step Count: 34726 | Episode Q0:     2.03
Episode: 153/7000 | Episode reward:   257.92 | Episode steps:  596 | Average reward:   162.12 | Step Count: 35322 | Episode Q0:     2.03
Episode: 154/7000 | Episode reward:    89.31 | Episode steps:  647 | Average reward:   149.45 | Step Count: 35969 | Episode Q0:     2.03
Episode: 155/7000 | Episode reward:   143.48 | Episode steps:  340 | Average reward:   139.39 | Step Count: 36309 | Episode Q0:     2.03
Episode: 156/7000 | Episode reward:   167.50 | Episode steps:  346 | Average reward:   145.13 | Step Count: 36655 | Episode Q0:     2.03
Episode: 157/7000 | Episode reward:    62.33 | Episode steps:  170 | Average reward:   139.76 | Step Count: 36825 | Episode Q0:     2.03
Episode: 158/7000 | Episode reward:   146.36 | Episode steps:  390 | Average reward:   143.43 | Step Count: 37215 | Episode Q0:     2.03
Episode: 159/7000 | Episode reward:   362.82 | Episode steps:  967 | Average reward:   161.44 | Step Count: 38182 | Episode Q0:     2.03
Episode: 160/7000 | Episode reward:   116.99 | Episode steps:  197 | Average reward:   160.58 | Step Count: 38379 | Episode Q0:     2.03
Episode: 161/7000 | Episode reward:   410.61 | Episode steps: 1147 | Average reward:   189.80 | Step Count: 39526 | Episode Q0:     2.03
Episode: 162/7000 | Episode reward:   107.79 | Episode steps:  278 | Average reward:   186.51 | Step Count: 39804 | Episode Q0:     2.03
Episode: 163/7000 | Episode reward:   155.28 | Episode steps:  457 | Average reward:   176.25 | Step Count: 40261 | Episode Q0:     2.03
Episode: 164/7000 | Episode reward:   219.56 | Episode steps:  418 | Average reward:   189.27 | Step Count: 40679 | Episode Q0:     2.61
Episode: 165/7000 | Episode reward:   126.33 | Episode steps:  294 | Average reward:   187.56 | Step Count: 40973 | Episode Q0:     2.61
Episode: 166/7000 | Episode reward:    79.22 | Episode steps:  336 | Average reward:   178.73 | Step Count: 41309 | Episode Q0:     2.61
Episode: 167/7000 | Episode reward:   101.38 | Episode steps:  276 | Average reward:   182.63 | Step Count: 41585 | Episode Q0:     2.61
Episode: 168/7000 | Episode reward:    89.75 | Episode steps:  269 | Average reward:   176.97 | Step Count: 41854 | Episode Q0:     2.61
Episode: 169/7000 | Episode reward:    69.24 | Episode steps:  173 | Average reward:   147.61 | Step Count: 42027 | Episode Q0:     2.61
Episode: 170/7000 | Episode reward:   348.31 | Episode steps: 1035 | Average reward:   170.75 | Step Count: 43062 | Episode Q0:     2.61
Episode: 171/7000 | Episode reward:    18.43 | Episode steps:  117 | Average reward:   131.53 | Step Count: 43179 | Episode Q0:     2.61
Episode: 172/7000 | Episode reward:   117.97 | Episode steps:  255 | Average reward:   132.55 | Step Count: 43434 | Episode Q0:     2.61
Episode: 173/7000 | Episode reward:   139.55 | Episode steps:  315 | Average reward:   130.97 | Step Count: 43749 | Episode Q0:     2.61
Episode: 174/7000 | Episode reward:    75.09 | Episode steps:  177 | Average reward:   116.53 | Step Count: 43926 | Episode Q0:     2.61
Episode: 175/7000 | Episode reward:    81.21 | Episode steps:  147 | Average reward:   112.01 | Step Count: 44073 | Episode Q0:     3.40
Episode: 176/7000 | Episode reward:    95.49 | Episode steps:  173 | Average reward:   113.64 | Step Count: 44246 | Episode Q0:     3.40
Episode: 177/7000 | Episode reward:    38.18 | Episode steps:  114 | Average reward:   107.32 | Step Count: 44360 | Episode Q0:     3.40
Episode: 178/7000 | Episode reward:    84.77 | Episode steps:  246 | Average reward:   106.82 | Step Count: 44606 | Episode Q0:     3.40
Episode: 179/7000 | Episode reward:   130.72 | Episode steps:  316 | Average reward:   112.97 | Step Count: 44922 | Episode Q0:     3.40
Episode: 180/7000 | Episode reward:    27.89 | Episode steps:  126 | Average reward:    80.93 | Step Count: 45048 | Episode Q0:     3.40
Episode: 181/7000 | Episode reward:   104.30 | Episode steps:  411 | Average reward:    89.52 | Step Count: 45459 | Episode Q0:     3.40
Episode: 182/7000 | Episode reward:   287.54 | Episode steps:  452 | Average reward:   106.47 | Step Count: 45911 | Episode Q0:     3.40
Episode: 183/7000 | Episode reward:   119.05 | Episode steps:  301 | Average reward:   104.42 | Step Count: 46212 | Episode Q0:     3.40
Episode: 184/7000 | Episode reward:   119.33 | Episode steps:  299 | Average reward:   108.85 | Step Count: 46511 | Episode Q0:     3.40
Episode: 185/7000 | Episode reward:    32.50 | Episode steps:   94 | Average reward:   103.98 | Step Count: 46605 | Episode Q0:     3.40
Episode: 186/7000 | Episode reward:    85.23 | Episode steps:  177 | Average reward:   102.95 | Step Count: 46782 | Episode Q0:     4.26
Episode: 187/7000 | Episode reward:    29.16 | Episode steps:  100 | Average reward:   102.05 | Step Count: 46882 | Episode Q0:     4.26
Episode: 188/7000 | Episode reward:    34.79 | Episode steps:  125 | Average reward:    97.05 | Step Count: 47007 | Episode Q0:     4.26
Episode: 189/7000 | Episode reward:   131.24 | Episode steps:  336 | Average reward:    97.10 | Step Count: 47343 | Episode Q0:     4.26
Episode: 190/7000 | Episode reward:   370.84 | Episode steps:  575 | Average reward:   131.40 | Step Count: 47918 | Episode Q0:     4.26
Episode: 191/7000 | Episode reward:    46.04 | Episode steps:  173 | Average reward:   125.57 | Step Count: 48091 | Episode Q0:     4.26
Episode: 192/7000 | Episode reward:   130.39 | Episode steps:  273 | Average reward:   109.86 | Step Count: 48364 | Episode Q0:     4.26
Episode: 193/7000 | Episode reward:    71.53 | Episode steps:  158 | Average reward:   105.10 | Step Count: 48522 | Episode Q0:     4.26
Episode: 194/7000 | Episode reward:    95.65 | Episode steps:  306 | Average reward:   102.74 | Step Count: 48828 | Episode Q0:     4.26
Episode: 195/7000 | Episode reward:    69.86 | Episode steps:  160 | Average reward:   106.47 | Step Count: 48988 | Episode Q0:     4.26
Episode: 196/7000 | Episode reward:    63.83 | Episode steps:  132 | Average reward:   104.33 | Step Count: 49120 | Episode Q0:     4.26
Episode: 197/7000 | Episode reward:    24.47 | Episode steps:  120 | Average reward:   103.86 | Step Count: 49240 | Episode Q0:     4.26
Episode: 198/7000 | Episode reward:    16.59 | Episode steps:  111 | Average reward:   102.04 | Step Count: 49351 | Episode Q0:     4.26
Episode: 199/7000 | Episode reward:   248.31 | Episode steps:  820 | Average reward:   113.75 | Step Count: 50171 | Episode Q0:     5.26
Episode: 200/7000 | Episode reward:   124.27 | Episode steps:  295 | Average reward:    89.09 | Step Count: 50466 | Episode Q0:     5.26
Episode: 201/7000 | Episode reward:    53.31 | Episode steps:  141 | Average reward:    89.82 | Step Count: 50607 | Episode Q0:     5.26
Episode: 202/7000 | Episode reward:    20.53 | Episode steps:  102 | Average reward:    78.84 | Step Count: 50709 | Episode Q0:     5.26
Episode: 203/7000 | Episode reward:    71.12 | Episode steps:  318 | Average reward:    78.80 | Step Count: 51027 | Episode Q0:     5.26
Episode: 204/7000 | Episode reward:   188.68 | Episode steps:  339 | Average reward:    88.10 | Step Count: 51366 | Episode Q0:     5.26
Episode: 205/7000 | Episode reward:    26.19 | Episode steps:  136 | Average reward:    83.73 | Step Count: 51502 | Episode Q0:     5.26
Episode: 206/7000 | Episode reward:    85.26 | Episode steps:  165 | Average reward:    85.87 | Step Count: 51667 | Episode Q0:     5.26
Episode: 207/7000 | Episode reward:    49.17 | Episode steps:  126 | Average reward:    88.34 | Step Count: 51793 | Episode Q0:     5.26
Episode: 208/7000 | Episode reward:    38.97 | Episode steps:  143 | Average reward:    90.58 | Step Count: 51936 | Episode Q0:     5.26
Episode: 209/7000 | Episode reward:   165.81 | Episode steps:  335 | Average reward:    82.33 | Step Count: 52271 | Episode Q0:     6.41
Episode: 210/7000 | Episode reward:    86.54 | Episode steps:  217 | Average reward:    78.56 | Step Count: 52488 | Episode Q0:     6.41
Episode: 211/7000 | Episode reward:   141.52 | Episode steps:  291 | Average reward:    87.38 | Step Count: 52779 | Episode Q0:     6.41
Episode: 212/7000 | Episode reward:   153.14 | Episode steps:  464 | Average reward:   100.64 | Step Count: 53243 | Episode Q0:     6.41
Episode: 213/7000 | Episode reward:    67.15 | Episode steps:  100 | Average reward:   100.24 | Step Count: 53343 | Episode Q0:     6.41
Episode: 214/7000 | Episode reward:   180.94 | Episode steps:  371 | Average reward:    99.47 | Step Count: 53714 | Episode Q0:     6.41
Episode: 215/7000 | Episode reward:    69.01 | Episode steps:  640 | Average reward:   103.75 | Step Count: 54354 | Episode Q0:     6.41
Episode: 216/7000 | Episode reward:   313.37 | Episode steps:  752 | Average reward:   126.56 | Step Count: 55106 | Episode Q0:     6.41
Episode: 217/7000 | Episode reward:    39.64 | Episode steps:  120 | Average reward:   125.61 | Step Count: 55226 | Episode Q0:     6.41
Episode: 218/7000 | Episode reward:   105.97 | Episode steps:  165 | Average reward:   132.31 | Step Count: 55391 | Episode Q0:     6.41
Episode: 219/7000 | Episode reward:   163.96 | Episode steps:  339 | Average reward:   132.12 | Step Count: 55730 | Episode Q0:     6.41
Episode: 220/7000 | Episode reward:    41.02 | Episode steps:  107 | Average reward:   127.57 | Step Count: 55837 | Episode Q0:     6.41
Episode: 221/7000 | Episode reward:    56.98 | Episode steps:  139 | Average reward:   119.12 | Step Count: 55976 | Episode Q0:     7.53
Episode: 222/7000 | Episode reward:   207.80 | Episode steps:  393 | Average reward:   124.58 | Step Count: 56369 | Episode Q0:     7.53
Episode: 223/7000 | Episode reward:    95.18 | Episode steps:  229 | Average reward:   127.39 | Step Count: 56598 | Episode Q0:     7.53
Episode: 224/7000 | Episode reward:   193.73 | Episode steps:  472 | Average reward:   128.67 | Step Count: 57070 | Episode Q0:     7.53
Episode: 225/7000 | Episode reward:    85.85 | Episode steps:  144 | Average reward:   130.35 | Step Count: 57214 | Episode Q0:     7.53
Episode: 226/7000 | Episode reward:   135.58 | Episode steps:  316 | Average reward:   112.57 | Step Count: 57530 | Episode Q0:     7.53
Episode: 227/7000 | Episode reward:    47.41 | Episode steps:  132 | Average reward:   113.35 | Step Count: 57662 | Episode Q0:     7.53
Episode: 228/7000 | Episode reward:    57.52 | Episode steps:  166 | Average reward:   108.50 | Step Count: 57828 | Episode Q0:     7.53
Episode: 229/7000 | Episode reward:   104.92 | Episode steps:  132 | Average reward:   102.60 | Step Count: 57960 | Episode Q0:     7.53
Episode: 230/7000 | Episode reward:   115.88 | Episode steps:  181 | Average reward:   110.09 | Step Count: 58141 | Episode Q0:     7.53
Episode: 231/7000 | Episode reward:   114.99 | Episode steps:  325 | Average reward:   115.89 | Step Count: 58466 | Episode Q0:     7.53
Episode: 232/7000 | Episode reward:    40.19 | Episode steps:  163 | Average reward:    99.13 | Step Count: 58629 | Episode Q0:     7.53
Episode: 233/7000 | Episode reward:    22.12 | Episode steps:  100 | Average reward:    91.82 | Step Count: 58729 | Episode Q0:     8.87
Episode: 234/7000 | Episode reward:    81.30 | Episode steps:  210 | Average reward:    80.58 | Step Count: 58939 | Episode Q0:     8.87
Episode: 235/7000 | Episode reward:   134.78 | Episode steps:  276 | Average reward:    85.47 | Step Count: 59215 | Episode Q0:     8.87
Episode: 236/7000 | Episode reward:    67.68 | Episode steps:  188 | Average reward:    78.68 | Step Count: 59403 | Episode Q0:     8.87
Episode: 237/7000 | Episode reward:   273.03 | Episode steps:  825 | Average reward:   101.24 | Step Count: 60228 | Episode Q0:     8.87
Episode: 238/7000 | Episode reward:    35.35 | Episode steps:  146 | Average reward:    99.02 | Step Count: 60374 | Episode Q0:     8.87
Episode: 239/7000 | Episode reward:    70.11 | Episode steps:  269 | Average reward:    95.54 | Step Count: 60643 | Episode Q0:     8.87
Episode: 240/7000 | Episode reward:   122.36 | Episode steps:  278 | Average reward:    96.19 | Step Count: 60921 | Episode Q0:     8.87
Episode: 241/7000 | Episode reward:   276.62 | Episode steps:  358 | Average reward:   112.35 | Step Count: 61279 | Episode Q0:     8.87
Episode: 242/7000 | Episode reward:    56.62 | Episode steps:  145 | Average reward:   114.00 | Step Count: 61424 | Episode Q0:     8.87
Episode: 243/7000 | Episode reward:   194.63 | Episode steps:  487 | Average reward:   131.25 | Step Count: 61911 | Episode Q0:    10.15
Episode: 244/7000 | Episode reward:    53.67 | Episode steps:  144 | Average reward:   128.48 | Step Count: 62055 | Episode Q0:    10.15
Episode: 245/7000 | Episode reward:    65.57 | Episode steps:  135 | Average reward:   121.56 | Step Count: 62190 | Episode Q0:    10.15
Episode: 246/7000 | Episode reward:    75.29 | Episode steps:  215 | Average reward:   122.32 | Step Count: 62405 | Episode Q0:    10.15
Episode: 247/7000 | Episode reward:   121.85 | Episode steps:  156 | Average reward:   107.21 | Step Count: 62561 | Episode Q0:    10.15
Episode: 248/7000 | Episode reward:    72.60 | Episode steps:  149 | Average reward:   110.93 | Step Count: 62710 | Episode Q0:    10.15
Episode: 249/7000 | Episode reward:   184.21 | Episode steps:  654 | Average reward:   122.34 | Step Count: 63364 | Episode Q0:    10.15
Episode: 250/7000 | Episode reward:   151.29 | Episode steps:  561 | Average reward:   125.23 | Step Count: 63925 | Episode Q0:    10.15
Episode: 251/7000 | Episode reward:    80.65 | Episode steps:  295 | Average reward:   105.64 | Step Count: 64220 | Episode Q0:    10.15
Episode: 252/7000 | Episode reward:   209.81 | Episode steps:  495 | Average reward:   120.96 | Step Count: 64715 | Episode Q0:    10.15
Episode: 253/7000 | Episode reward:    81.55 | Episode steps:  173 | Average reward:   109.65 | Step Count: 64888 | Episode Q0:    10.15
Episode: 254/7000 | Episode reward:    63.17 | Episode steps:  211 | Average reward:   110.60 | Step Count: 65099 | Episode Q0:    11.45
Episode: 255/7000 | Episode reward:   125.59 | Episode steps:  303 | Average reward:   116.60 | Step Count: 65402 | Episode Q0:    11.45
Episode: 256/7000 | Episode reward:    98.52 | Episode steps:  294 | Average reward:   118.92 | Step Count: 65696 | Episode Q0:    11.45
Episode: 257/7000 | Episode reward:    66.03 | Episode steps:  265 | Average reward:   113.34 | Step Count: 65961 | Episode Q0:    11.45
Episode: 258/7000 | Episode reward:   211.83 | Episode steps:  419 | Average reward:   127.26 | Step Count: 66380 | Episode Q0:    11.45
Episode: 259/7000 | Episode reward:   222.03 | Episode steps:  374 | Average reward:   131.05 | Step Count: 66754 | Episode Q0:    11.45
Episode: 260/7000 | Episode reward:   154.23 | Episode steps:  413 | Average reward:   131.34 | Step Count: 67167 | Episode Q0:    11.45
Episode: 261/7000 | Episode reward:   102.48 | Episode steps:  183 | Average reward:   133.53 | Step Count: 67350 | Episode Q0:    11.45
Episode: 262/7000 | Episode reward:   285.04 | Episode steps:  627 | Average reward:   141.05 | Step Count: 67977 | Episode Q0:    11.45
Episode: 263/7000 | Episode reward:   233.16 | Episode steps:  304 | Average reward:   156.21 | Step Count: 68281 | Episode Q0:    11.45
Episode: 264/7000 | Episode reward:    78.54 | Episode steps:  208 | Average reward:   157.74 | Step Count: 68489 | Episode Q0:    12.89
Episode: 265/7000 | Episode reward:    82.73 | Episode steps:  103 | Average reward:   153.46 | Step Count: 68592 | Episode Q0:    12.89
Episode: 266/7000 | Episode reward:    69.71 | Episode steps:  153 | Average reward:   150.58 | Step Count: 68745 | Episode Q0:    12.89
Episode: 267/7000 | Episode reward:   163.35 | Episode steps:  269 | Average reward:   160.31 | Step Count: 69014 | Episode Q0:    12.89
Episode: 268/7000 | Episode reward:    46.61 | Episode steps:   63 | Average reward:   143.79 | Step Count: 69077 | Episode Q0:    12.89
Episode: 269/7000 | Episode reward:    40.60 | Episode steps:  143 | Average reward:   125.64 | Step Count: 69220 | Episode Q0:    12.89
Episode: 270/7000 | Episode reward:    55.01 | Episode steps:  116 | Average reward:   115.72 | Step Count: 69336 | Episode Q0:    12.89
Episode: 271/7000 | Episode reward:   257.80 | Episode steps: 1148 | Average reward:   131.25 | Step Count: 70484 | Episode Q0:    12.89
Episode: 272/7000 | Episode reward:    29.40 | Episode steps:  152 | Average reward:   105.69 | Step Count: 70636 | Episode Q0:    12.89
Episode: 273/7000 | Episode reward:   138.90 | Episode steps:  235 | Average reward:    96.26 | Step Count: 70871 | Episode Q0:    12.89
Episode: 274/7000 | Episode reward:   114.44 | Episode steps:  155 | Average reward:    99.85 | Step Count: 71026 | Episode Q0:    12.89
Episode: 275/7000 | Episode reward:   292.51 | Episode steps:  588 | Average reward:   120.83 | Step Count: 71614 | Episode Q0:    14.18
Episode: 276/7000 | Episode reward:    77.32 | Episode steps:  278 | Average reward:   121.59 | Step Count: 71892 | Episode Q0:    14.18
Episode: 277/7000 | Episode reward:   131.14 | Episode steps:  293 | Average reward:   118.37 | Step Count: 72185 | Episode Q0:    14.18
Episode: 278/7000 | Episode reward:    80.81 | Episode steps:  291 | Average reward:   121.79 | Step Count: 72476 | Episode Q0:    14.18
Episode: 279/7000 | Episode reward:   103.62 | Episode steps:  310 | Average reward:   128.10 | Step Count: 72786 | Episode Q0:    14.18
Episode: 280/7000 | Episode reward:    42.11 | Episode steps:  139 | Average reward:   126.81 | Step Count: 72925 | Episode Q0:    14.18
Episode: 281/7000 | Episode reward:   134.61 | Episode steps:  338 | Average reward:   114.49 | Step Count: 73263 | Episode Q0:    14.18
Episode: 282/7000 | Episode reward:   228.62 | Episode steps:  576 | Average reward:   134.41 | Step Count: 73839 | Episode Q0:    14.18
Episode: 283/7000 | Episode reward:    71.19 | Episode steps:  150 | Average reward:   127.64 | Step Count: 73989 | Episode Q0:    14.18
Episode: 284/7000 | Episode reward:   102.70 | Episode steps:  190 | Average reward:   126.46 | Step Count: 74179 | Episode Q0:    14.18
Episode: 285/7000 | Episode reward:   112.74 | Episode steps:  247 | Average reward:   108.49 | Step Count: 74426 | Episode Q0:    15.48
Episode: 286/7000 | Episode reward:    89.86 | Episode steps:  354 | Average reward:   109.74 | Step Count: 74780 | Episode Q0:    15.48
Episode: 287/7000 | Episode reward:   197.41 | Episode steps: 1186 | Average reward:   116.37 | Step Count: 75966 | Episode Q0:    15.48
Episode: 288/7000 | Episode reward:    92.30 | Episode steps:  266 | Average reward:   117.52 | Step Count: 76232 | Episode Q0:    15.48
Episode: 289/7000 | Episode reward:    99.29 | Episode steps:  308 | Average reward:   117.08 | Step Count: 76540 | Episode Q0:    15.48
Episode: 290/7000 | Episode reward:   155.87 | Episode steps:  499 | Average reward:   128.46 | Step Count: 77039 | Episode Q0:    15.48
Episode: 291/7000 | Episode reward:    32.24 | Episode steps:   90 | Average reward:   118.22 | Step Count: 77129 | Episode Q0:    15.48
Episode: 292/7000 | Episode reward:    99.89 | Episode steps:  240 | Average reward:   105.35 | Step Count: 77369 | Episode Q0:    15.48
Episode: 293/7000 | Episode reward:   177.05 | Episode steps:  349 | Average reward:   115.93 | Step Count: 77718 | Episode Q0:    15.48
Episode: 294/7000 | Episode reward:    35.04 | Episode steps:  127 | Average reward:   109.17 | Step Count: 77845 | Episode Q0:    15.48
Episode: 295/7000 | Episode reward:    33.70 | Episode steps:  144 | Average reward:   101.27 | Step Count: 77989 | Episode Q0:    15.48
Episode: 296/7000 | Episode reward:    65.96 | Episode steps:  200 | Average reward:    98.88 | Step Count: 78189 | Episode Q0:    16.68
Episode: 297/7000 | Episode reward:   113.97 | Episode steps:  287 | Average reward:    90.53 | Step Count: 78476 | Episode Q0:    16.68
Episode: 298/7000 | Episode reward:   223.78 | Episode steps:  625 | Average reward:   103.68 | Step Count: 79101 | Episode Q0:    16.68
Episode: 299/7000 | Episode reward:   130.57 | Episode steps:  265 | Average reward:   106.81 | Step Count: 79366 | Episode Q0:    16.68
Episode: 300/7000 | Episode reward:   107.81 | Episode steps:  267 | Average reward:   102.00 | Step Count: 79633 | Episode Q0:    16.68
Episode: 301/7000 | Episode reward:    75.31 | Episode steps:  213 | Average reward:   106.31 | Step Count: 79846 | Episode Q0:    16.68
Episode: 302/7000 | Episode reward:   148.86 | Episode steps:  439 | Average reward:   111.21 | Step Count: 80285 | Episode Q0:    16.68
Episode: 303/7000 | Episode reward:    16.81 | Episode steps:  105 | Average reward:    95.18 | Step Count: 80390 | Episode Q0:    16.68
Episode: 304/7000 | Episode reward:   134.61 | Episode steps:  473 | Average reward:   105.14 | Step Count: 80863 | Episode Q0:    16.68
Episode: 305/7000 | Episode reward:    38.20 | Episode steps:  117 | Average reward:   105.59 | Step Count: 80980 | Episode Q0:    16.68
Episode: 306/7000 | Episode reward:    98.33 | Episode steps:  223 | Average reward:   108.82 | Step Count: 81203 | Episode Q0:    18.13
Episode: 307/7000 | Episode reward:   239.96 | Episode steps:  624 | Average reward:   121.42 | Step Count: 81827 | Episode Q0:    18.13
Episode: 308/7000 | Episode reward:   106.98 | Episode steps:  311 | Average reward:   109.74 | Step Count: 82138 | Episode Q0:    18.13
Episode: 309/7000 | Episode reward:   101.75 | Episode steps:  287 | Average reward:   106.86 | Step Count: 82425 | Episode Q0:    18.13
Episode: 310/7000 | Episode reward:    22.56 | Episode steps:  101 | Average reward:    98.34 | Step Count: 82526 | Episode Q0:    18.13
Episode: 311/7000 | Episode reward:    79.17 | Episode steps:  168 | Average reward:    98.72 | Step Count: 82694 | Episode Q0:    18.13
Episode: 312/7000 | Episode reward:    62.50 | Episode steps:  385 | Average reward:    90.09 | Step Count: 83079 | Episode Q0:    18.13
Episode: 313/7000 | Episode reward:   256.11 | Episode steps:  532 | Average reward:   114.02 | Step Count: 83611 | Episode Q0:    18.13
Episode: 314/7000 | Episode reward:   277.83 | Episode steps:  686 | Average reward:   128.34 | Step Count: 84297 | Episode Q0:    18.13
Episode: 315/7000 | Episode reward:   235.76 | Episode steps:  497 | Average reward:   148.10 | Step Count: 84794 | Episode Q0:    18.13
Episode: 316/7000 | Episode reward:    86.47 | Episode steps:  210 | Average reward:   146.91 | Step Count: 85004 | Episode Q0:    19.45
Episode: 317/7000 | Episode reward:   200.91 | Episode steps:  445 | Average reward:   143.00 | Step Count: 85449 | Episode Q0:    19.45
Episode: 318/7000 | Episode reward:    59.03 | Episode steps:  144 | Average reward:   138.21 | Step Count: 85593 | Episode Q0:    19.45
Episode: 319/7000 | Episode reward:    24.83 | Episode steps:  113 | Average reward:   130.52 | Step Count: 85706 | Episode Q0:    19.45
Episode: 320/7000 | Episode reward:   175.01 | Episode steps:  431 | Average reward:   145.76 | Step Count: 86137 | Episode Q0:    19.45
Episode: 321/7000 | Episode reward:    34.45 | Episode steps:  127 | Average reward:   141.29 | Step Count: 86264 | Episode Q0:    19.45
Episode: 322/7000 | Episode reward:   345.17 | Episode steps:  819 | Average reward:   169.56 | Step Count: 87083 | Episode Q0:    19.45
Episode: 323/7000 | Episode reward:   111.09 | Episode steps:  388 | Average reward:   155.06 | Step Count: 87471 | Episode Q0:    19.45
Episode: 324/7000 | Episode reward:    83.20 | Episode steps:  219 | Average reward:   135.59 | Step Count: 87690 | Episode Q0:    19.45
Episode: 325/7000 | Episode reward:    57.18 | Episode steps:   77 | Average reward:   117.73 | Step Count: 87767 | Episode Q0:    19.45
Episode: 326/7000 | Episode reward:    44.73 | Episode steps:  135 | Average reward:   113.56 | Step Count: 87902 | Episode Q0:    19.45
Episode: 327/7000 | Episode reward:    49.41 | Episode steps:  136 | Average reward:    98.41 | Step Count: 88038 | Episode Q0:    19.45
Episode: 328/7000 | Episode reward:   123.39 | Episode steps:  312 | Average reward:   104.85 | Step Count: 88350 | Episode Q0:    20.61
Episode: 329/7000 | Episode reward:   113.69 | Episode steps:  404 | Average reward:   113.73 | Step Count: 88754 | Episode Q0:    20.61
Episode: 330/7000 | Episode reward:   120.47 | Episode steps:  268 | Average reward:   108.28 | Step Count: 89022 | Episode Q0:    20.61
Episode: 331/7000 | Episode reward:   232.12 | Episode steps:  300 | Average reward:   128.05 | Step Count: 89322 | Episode Q0:    20.61
Episode: 332/7000 | Episode reward:    94.33 | Episode steps:  256 | Average reward:   102.96 | Step Count: 89578 | Episode Q0:    20.61
Episode: 333/7000 | Episode reward:    70.90 | Episode steps:  213 | Average reward:    98.94 | Step Count: 89791 | Episode Q0:    20.61
Episode: 334/7000 | Episode reward:   260.44 | Episode steps:  668 | Average reward:   116.67 | Step Count: 90459 | Episode Q0:    20.61
Episode: 335/7000 | Episode reward:    48.73 | Episode steps:  156 | Average reward:   115.82 | Step Count: 90615 | Episode Q0:    20.61
Episode: 336/7000 | Episode reward:   169.10 | Episode steps:  417 | Average reward:   128.26 | Step Count: 91032 | Episode Q0:    20.61
Episode: 337/7000 | Episode reward:   106.11 | Episode steps:  291 | Average reward:   133.93 | Step Count: 91323 | Episode Q0:    20.61
Episode: 338/7000 | Episode reward:    72.86 | Episode steps:  190 | Average reward:   128.88 | Step Count: 91513 | Episode Q0:    20.61
Episode: 339/7000 | Episode reward:    28.17 | Episode steps:  107 | Average reward:   120.32 | Step Count: 91620 | Episode Q0:    21.96
Episode: 340/7000 | Episode reward:   155.72 | Episode steps:  302 | Average reward:   123.85 | Step Count: 91922 | Episode Q0:    21.96
Episode: 341/7000 | Episode reward:    43.45 | Episode steps:   73 | Average reward:   104.98 | Step Count: 91995 | Episode Q0:    21.96
Episode: 342/7000 | Episode reward:   190.17 | Episode steps:  543 | Average reward:   114.56 | Step Count: 92538 | Episode Q0:    21.96
Episode: 343/7000 | Episode reward:   232.24 | Episode steps:  566 | Average reward:   130.70 | Step Count: 93104 | Episode Q0:    21.96
Episode: 344/7000 | Episode reward:    30.42 | Episode steps:  142 | Average reward:   107.70 | Step Count: 93246 | Episode Q0:    21.96
Episode: 345/7000 | Episode reward:    47.42 | Episode steps:  112 | Average reward:   107.57 | Step Count: 93358 | Episode Q0:    21.96
Episode: 346/7000 | Episode reward:   286.84 | Episode steps:  598 | Average reward:   119.34 | Step Count: 93956 | Episode Q0:    21.96
Episode: 347/7000 | Episode reward:   102.70 | Episode steps:  318 | Average reward:   119.00 | Step Count: 94274 | Episode Q0:    21.96
Episode: 348/7000 | Episode reward:   103.49 | Episode steps:  273 | Average reward:   122.06 | Step Count: 94547 | Episode Q0:    23.39
Episode: 349/7000 | Episode reward:   149.57 | Episode steps:  328 | Average reward:   134.20 | Step Count: 94875 | Episode Q0:    23.39
Episode: 350/7000 | Episode reward:   207.94 | Episode steps:  241 | Average reward:   139.42 | Step Count: 95116 | Episode Q0:    23.39
Episode: 351/7000 | Episode reward:    55.99 | Episode steps:  185 | Average reward:   140.68 | Step Count: 95301 | Episode Q0:    23.39
Episode: 352/7000 | Episode reward:   300.47 | Episode steps:  958 | Average reward:   151.71 | Step Count: 96259 | Episode Q0:    23.39
Episode: 353/7000 | Episode reward:    43.09 | Episode steps:  148 | Average reward:   132.79 | Step Count: 96407 | Episode Q0:    23.39
Episode: 354/7000 | Episode reward:   113.26 | Episode steps:  270 | Average reward:   141.08 | Step Count: 96677 | Episode Q0:    23.39
Episode: 355/7000 | Episode reward:    44.74 | Episode steps:  134 | Average reward:   140.81 | Step Count: 96811 | Episode Q0:    23.39
Episode: 356/7000 | Episode reward:    79.96 | Episode steps:  225 | Average reward:   120.12 | Step Count: 97036 | Episode Q0:    23.39
Episode: 357/7000 | Episode reward:   132.62 | Episode steps:  264 | Average reward:   123.11 | Step Count: 97300 | Episode Q0:    23.39
Episode: 358/7000 | Episode reward:    98.67 | Episode steps:  226 | Average reward:   122.63 | Step Count: 97526 | Episode Q0:    23.39
Episode: 359/7000 | Episode reward:   223.90 | Episode steps:  455 | Average reward:   130.07 | Step Count: 97981 | Episode Q0:    24.77
Episode: 360/7000 | Episode reward:    70.45 | Episode steps:  173 | Average reward:   116.32 | Step Count: 98154 | Episode Q0:    24.77
Episode: 361/7000 | Episode reward:    79.61 | Episode steps:  221 | Average reward:   118.68 | Step Count: 98375 | Episode Q0:    24.77
Episode: 362/7000 | Episode reward:   244.56 | Episode steps:  751 | Average reward:   113.09 | Step Count: 99126 | Episode Q0:    24.77
Episode: 363/7000 | Episode reward:   111.62 | Episode steps:  183 | Average reward:   119.94 | Step Count: 99309 | Episode Q0:    24.77
Episode: 364/7000 | Episode reward:    59.78 | Episode steps:  193 | Average reward:   114.59 | Step Count: 99502 | Episode Q0:    24.77
Episode: 365/7000 | Episode reward:    64.83 | Episode steps:  161 | Average reward:   116.60 | Step Count: 99663 | Episode Q0:    24.77
Episode: 366/7000 | Episode reward:    78.71 | Episode steps:  121 | Average reward:   116.48 | Step Count: 99784 | Episode Q0:    24.77
Episode: 367/7000 | Episode reward:   237.82 | Episode steps:  606 | Average reward:   127.00 | Step Count: 100390 | Episode Q0:    24.77
Episode: 368/7000 | Episode reward:   141.91 | Episode steps:  410 | Average reward:   131.32 | Step Count: 100800 | Episode Q0:    25.96
Episode: 369/7000 | Episode reward:   273.36 | Episode steps:  749 | Average reward:   136.27 | Step Count: 101549 | Episode Q0:    25.96
Episode: 370/7000 | Episode reward:   165.48 | Episode steps:  304 | Average reward:   145.77 | Step Count: 101853 | Episode Q0:    25.96
Episode: 371/7000 | Episode reward:   197.37 | Episode steps:  497 | Average reward:   157.55 | Step Count: 102350 | Episode Q0:    25.96
Episode: 372/7000 | Episode reward:   438.52 | Episode steps: 1096 | Average reward:   176.94 | Step Count: 103446 | Episode Q0:    25.96
Episode: 373/7000 | Episode reward:    24.52 | Episode steps:  114 | Average reward:   168.23 | Step Count: 103560 | Episode Q0:    25.96
Episode: 374/7000 | Episode reward:    51.02 | Episode steps:  172 | Average reward:   167.36 | Step Count: 103732 | Episode Q0:    25.96
Episode: 375/7000 | Episode reward:    80.73 | Episode steps:  285 | Average reward:   168.95 | Step Count: 104017 | Episode Q0:    25.96
Episode: 376/7000 | Episode reward:   135.12 | Episode steps:  278 | Average reward:   174.59 | Step Count: 104295 | Episode Q0:    25.96
Episode: 377/7000 | Episode reward:   287.28 | Episode steps:  472 | Average reward:   179.53 | Step Count: 104767 | Episode Q0:    25.96
Episode: 378/7000 | Episode reward:    58.58 | Episode steps:  150 | Average reward:   171.20 | Step Count: 104917 | Episode Q0:    25.96
Episode: 379/7000 | Episode reward:    85.15 | Episode steps:  229 | Average reward:   152.38 | Step Count: 105146 | Episode Q0:    26.47
Episode: 380/7000 | Episode reward:   150.45 | Episode steps:  426 | Average reward:   150.87 | Step Count: 105572 | Episode Q0:    26.47
Episode: 381/7000 | Episode reward:   159.08 | Episode steps:  301 | Average reward:   147.05 | Step Count: 105873 | Episode Q0:    26.47
Episode: 382/7000 | Episode reward:    24.00 | Episode steps:  119 | Average reward:   105.59 | Step Count: 105992 | Episode Q0:    26.47
Episode: 383/7000 | Episode reward:   206.18 | Episode steps:  527 | Average reward:   123.76 | Step Count: 106519 | Episode Q0:    26.47
Episode: 384/7000 | Episode reward:   144.85 | Episode steps:  281 | Average reward:   133.14 | Step Count: 106800 | Episode Q0:    26.47
Episode: 385/7000 | Episode reward:   133.85 | Episode steps:  297 | Average reward:   138.45 | Step Count: 107097 | Episode Q0:    26.47
Episode: 386/7000 | Episode reward:    61.95 | Episode steps:  138 | Average reward:   131.14 | Step Count: 107235 | Episode Q0:    26.47
Episode: 387/7000 | Episode reward:    18.40 | Episode steps:  122 | Average reward:   104.25 | Step Count: 107357 | Episode Q0:    26.47
Episode: 388/7000 | Episode reward:   112.37 | Episode steps:  279 | Average reward:   109.63 | Step Count: 107636 | Episode Q0:    26.47
Episode: 389/7000 | Episode reward:   109.05 | Episode steps:  347 | Average reward:   112.02 | Step Count: 107983 | Episode Q0:    28.28
Episode: 390/7000 | Episode reward:    21.55 | Episode steps:  121 | Average reward:    99.13 | Step Count: 108104 | Episode Q0:    28.28
Episode: 391/7000 | Episode reward:   130.04 | Episode steps:  389 | Average reward:    96.22 | Step Count: 108493 | Episode Q0:    28.28
Episode: 392/7000 | Episode reward:   162.75 | Episode steps:  299 | Average reward:   110.10 | Step Count: 108792 | Episode Q0:    28.28
Episode: 393/7000 | Episode reward:   144.10 | Episode steps:  285 | Average reward:   103.89 | Step Count: 109077 | Episode Q0:    28.28
Episode: 394/7000 | Episode reward:   100.55 | Episode steps:  274 | Average reward:    99.46 | Step Count: 109351 | Episode Q0:    28.28
Episode: 395/7000 | Episode reward:   101.04 | Episode steps:  224 | Average reward:    96.18 | Step Count: 109575 | Episode Q0:    28.28
Episode: 396/7000 | Episode reward:    61.11 | Episode steps:  164 | Average reward:    96.10 | Step Count: 109739 | Episode Q0:    28.28
Episode: 397/7000 | Episode reward:    54.86 | Episode steps:   71 | Average reward:    99.74 | Step Count: 109810 | Episode Q0:    28.28
Episode: 398/7000 | Episode reward:    35.73 | Episode steps:   51 | Average reward:    92.08 | Step Count: 109861 | Episode Q0:    28.28
Episode: 399/7000 | Episode reward:   152.81 | Episode steps:  335 | Average reward:    96.45 | Step Count: 110196 | Episode Q0:    28.28
Episode: 400/7000 | Episode reward:   105.73 | Episode steps:  131 | Average reward:   104.87 | Step Count: 110327 | Episode Q0:    29.19
Episode: 401/7000 | Episode reward:   181.35 | Episode steps:  330 | Average reward:   110.00 | Step Count: 110657 | Episode Q0:    29.19
Episode: 402/7000 | Episode reward:   110.88 | Episode steps:  296 | Average reward:   104.82 | Step Count: 110953 | Episode Q0:    29.19
Episode: 403/7000 | Episode reward:    36.52 | Episode steps:  169 | Average reward:    94.06 | Step Count: 111122 | Episode Q0:    29.19
Episode: 404/7000 | Episode reward:    24.89 | Episode steps:  521 | Average reward:    86.49 | Step Count: 111643 | Episode Q0:    29.19
Episode: 405/7000 | Episode reward:    25.70 | Episode steps:  138 | Average reward:    78.96 | Step Count: 111781 | Episode Q0:    29.19
Episode: 406/7000 | Episode reward:   136.85 | Episode steps:  274 | Average reward:    86.53 | Step Count: 112055 | Episode Q0:    29.19
Episode: 407/7000 | Episode reward:   155.03 | Episode steps:  341 | Average reward:    96.55 | Step Count: 112396 | Episode Q0:    29.19
Episode: 408/7000 | Episode reward:    24.74 | Episode steps:  127 | Average reward:    95.45 | Step Count: 112523 | Episode Q0:    29.19
Episode: 409/7000 | Episode reward:   116.05 | Episode steps:  277 | Average reward:    91.77 | Step Count: 112800 | Episode Q0:    30.09
Episode: 410/7000 | Episode reward:    72.20 | Episode steps:  196 | Average reward:    88.42 | Step Count: 112996 | Episode Q0:    30.09
Episode: 411/7000 | Episode reward:   186.17 | Episode steps:  703 | Average reward:    88.90 | Step Count: 113699 | Episode Q0:    30.09
Episode: 412/7000 | Episode reward:    94.66 | Episode steps:  221 | Average reward:    87.28 | Step Count: 113920 | Episode Q0:    30.09
Episode: 413/7000 | Episode reward:    23.16 | Episode steps:  130 | Average reward:    85.94 | Step Count: 114050 | Episode Q0:    30.09
Episode: 414/7000 | Episode reward:   169.19 | Episode steps:  668 | Average reward:   100.38 | Step Count: 114718 | Episode Q0:    30.09
Episode: 415/7000 | Episode reward:    80.68 | Episode steps:  215 | Average reward:   105.87 | Step Count: 114933 | Episode Q0:    30.09
Episode: 416/7000 | Episode reward:   131.24 | Episode steps:  273 | Average reward:   105.31 | Step Count: 115206 | Episode Q0:    30.09
Episode: 417/7000 | Episode reward:    60.10 | Episode steps:   90 | Average reward:    95.82 | Step Count: 115296 | Episode Q0:    30.09
Episode: 418/7000 | Episode reward:    45.45 | Episode steps:   61 | Average reward:    97.89 | Step Count: 115357 | Episode Q0:    30.09
Episode: 419/7000 | Episode reward:    32.33 | Episode steps:  146 | Average reward:    89.52 | Step Count: 115503 | Episode Q0:    30.09
Episode: 420/7000 | Episode reward:    77.20 | Episode steps:  334 | Average reward:    90.02 | Step Count: 115837 | Episode Q0:    31.36
Episode: 421/7000 | Episode reward:   322.21 | Episode steps:  627 | Average reward:   103.62 | Step Count: 116464 | Episode Q0:    31.36
Episode: 422/7000 | Episode reward:    86.84 | Episode steps:  161 | Average reward:   102.84 | Step Count: 116625 | Episode Q0:    31.36
Episode: 423/7000 | Episode reward:   179.60 | Episode steps:  442 | Average reward:   118.48 | Step Count: 117067 | Episode Q0:    31.36
Episode: 424/7000 | Episode reward:   209.85 | Episode steps:  477 | Average reward:   122.55 | Step Count: 117544 | Episode Q0:    31.36
Episode: 425/7000 | Episode reward:   246.49 | Episode steps:  529 | Average reward:   139.13 | Step Count: 118073 | Episode Q0:    31.36
Episode: 426/7000 | Episode reward:   193.79 | Episode steps:  415 | Average reward:   145.39 | Step Count: 118488 | Episode Q0:    31.36
Episode: 427/7000 | Episode reward:   360.32 | Episode steps:  810 | Average reward:   175.41 | Step Count: 119298 | Episode Q0:    31.36
Episode: 428/7000 | Episode reward:   218.64 | Episode steps:  709 | Average reward:   192.73 | Step Count: 120007 | Episode Q0:    31.36
Episode: 429/7000 | Episode reward:    86.18 | Episode steps:  296 | Average reward:   198.11 | Step Count: 120303 | Episode Q0:    31.74
Episode: 430/7000 | Episode reward:   345.77 | Episode steps: 1182 | Average reward:   224.97 | Step Count: 121485 | Episode Q0:    31.74
Episode: 431/7000 | Episode reward:    72.92 | Episode steps:  211 | Average reward:   200.04 | Step Count: 121696 | Episode Q0:    31.74
Episode: 432/7000 | Episode reward:   137.59 | Episode steps:  391 | Average reward:   205.12 | Step Count: 122087 | Episode Q0:    31.74
Episode: 433/7000 | Episode reward:    71.25 | Episode steps:  267 | Average reward:   194.28 | Step Count: 122354 | Episode Q0:    31.74
Episode: 434/7000 | Episode reward:    32.90 | Episode steps:  117 | Average reward:   176.59 | Step Count: 122471 | Episode Q0:    31.74
Episode: 435/7000 | Episode reward:    32.14 | Episode steps:  144 | Average reward:   155.15 | Step Count: 122615 | Episode Q0:    31.74
Episode: 436/7000 | Episode reward:   143.78 | Episode steps:  311 | Average reward:   150.15 | Step Count: 122926 | Episode Q0:    31.74
Episode: 437/7000 | Episode reward:    78.83 | Episode steps:  110 | Average reward:   122.00 | Step Count: 123036 | Episode Q0:    31.74
Episode: 438/7000 | Episode reward:    24.59 | Episode steps:  108 | Average reward:   102.59 | Step Count: 123144 | Episode Q0:    31.74
Episode: 439/7000 | Episode reward:    30.18 | Episode steps:  131 | Average reward:    96.99 | Step Count: 123275 | Episode Q0:    31.74
Episode: 440/7000 | Episode reward:    35.10 | Episode steps:  614 | Average reward:    65.93 | Step Count: 123889 | Episode Q0:    32.32
Episode: 441/7000 | Episode reward:   112.08 | Episode steps:  286 | Average reward:    69.84 | Step Count: 124175 | Episode Q0:    32.32
Episode: 442/7000 | Episode reward:    96.02 | Episode steps:  118 | Average reward:    65.69 | Step Count: 124293 | Episode Q0:    32.32
Episode: 443/7000 | Episode reward:   141.98 | Episode steps:  290 | Average reward:    72.76 | Step Count: 124583 | Episode Q0:    32.32
Episode: 444/7000 | Episode reward:   101.14 | Episode steps:  351 | Average reward:    79.58 | Step Count: 124934 | Episode Q0:    32.32
Episode: 445/7000 | Episode reward:    99.18 | Episode steps:  157 | Average reward:    86.29 | Step Count: 125091 | Episode Q0:    32.32
Episode: 446/7000 | Episode reward:   190.17 | Episode steps:  505 | Average reward:    90.93 | Step Count: 125596 | Episode Q0:    32.32
Episode: 447/7000 | Episode reward:   104.95 | Episode steps:  181 | Average reward:    93.54 | Step Count: 125777 | Episode Q0:    32.32
Episode: 448/7000 | Episode reward:   119.84 | Episode steps:  157 | Average reward:   103.06 | Step Count: 125934 | Episode Q0:    32.32
Episode: 449/7000 | Episode reward:    67.49 | Episode steps:  158 | Average reward:   106.79 | Step Count: 126092 | Episode Q0:    32.32
Episode: 450/7000 | Episode reward:   122.53 | Episode steps:  173 | Average reward:   115.54 | Step Count: 126265 | Episode Q0:    32.32
Episode: 451/7000 | Episode reward:   148.47 | Episode steps:  395 | Average reward:   119.18 | Step Count: 126660 | Episode Q0:    33.00
Episode: 452/7000 | Episode reward:   109.02 | Episode steps:  254 | Average reward:   120.48 | Step Count: 126914 | Episode Q0:    33.00
Episode: 453/7000 | Episode reward:    59.47 | Episode steps:  181 | Average reward:   112.23 | Step Count: 127095 | Episode Q0:    33.00
Episode: 454/7000 | Episode reward:    93.08 | Episode steps:  217 | Average reward:   111.42 | Step Count: 127312 | Episode Q0:    33.00
Episode: 455/7000 | Episode reward:    73.77 | Episode steps:  227 | Average reward:   108.88 | Step Count: 127539 | Episode Q0:    33.00
Episode: 456/7000 | Episode reward:    67.98 | Episode steps:  102 | Average reward:    96.66 | Step Count: 127641 | Episode Q0:    33.00
Episode: 457/7000 | Episode reward:    40.69 | Episode steps:  161 | Average reward:    90.23 | Step Count: 127802 | Episode Q0:    33.00
Episode: 458/7000 | Episode reward:   113.35 | Episode steps:  245 | Average reward:    89.58 | Step Count: 128047 | Episode Q0:    33.00
Episode: 459/7000 | Episode reward:    28.36 | Episode steps:  145 | Average reward:    85.67 | Step Count: 128192 | Episode Q0:    33.00
Episode: 460/7000 | Episode reward:   151.92 | Episode steps:  307 | Average reward:    88.61 | Step Count: 128499 | Episode Q0:    33.00
Episode: 461/7000 | Episode reward:   131.51 | Episode steps:  317 | Average reward:    86.92 | Step Count: 128816 | Episode Q0:    34.48
Episode: 462/7000 | Episode reward:    42.51 | Episode steps:   79 | Average reward:    80.26 | Step Count: 128895 | Episode Q0:    34.48
Episode: 463/7000 | Episode reward:   135.78 | Episode steps:  295 | Average reward:    87.90 | Step Count: 129190 | Episode Q0:    34.48
Episode: 464/7000 | Episode reward:    51.72 | Episode steps:  169 | Average reward:    83.76 | Step Count: 129359 | Episode Q0:    34.48
Episode: 465/7000 | Episode reward:    95.77 | Episode steps:  312 | Average reward:    85.96 | Step Count: 129671 | Episode Q0:    34.48
Episode: 466/7000 | Episode reward:    36.93 | Episode steps:  152 | Average reward:    82.85 | Step Count: 129823 | Episode Q0:    34.48
Episode: 467/7000 | Episode reward:    77.38 | Episode steps:  301 | Average reward:    86.52 | Step Count: 130124 | Episode Q0:    34.48
Episode: 468/7000 | Episode reward:    92.26 | Episode steps:  229 | Average reward:    84.41 | Step Count: 130353 | Episode Q0:    34.48
Episode: 469/7000 | Episode reward:    39.54 | Episode steps:  134 | Average reward:    85.53 | Step Count: 130487 | Episode Q0:    34.48
Episode: 470/7000 | Episode reward:    27.25 | Episode steps:  112 | Average reward:    73.06 | Step Count: 130599 | Episode Q0:    34.48
Episode: 471/7000 | Episode reward:    85.99 | Episode steps:  209 | Average reward:    68.51 | Step Count: 130808 | Episode Q0:    34.48
Episode: 472/7000 | Episode reward:   224.55 | Episode steps:  601 | Average reward:    86.72 | Step Count: 131409 | Episode Q0:    34.73
Episode: 473/7000 | Episode reward:    47.66 | Episode steps:  136 | Average reward:    77.90 | Step Count: 131545 | Episode Q0:    34.73
Episode: 474/7000 | Episode reward:    35.33 | Episode steps:   77 | Average reward:    76.27 | Step Count: 131622 | Episode Q0:    34.73
Episode: 475/7000 | Episode reward:    80.85 | Episode steps:  223 | Average reward:    74.77 | Step Count: 131845 | Episode Q0:    34.73
Episode: 476/7000 | Episode reward:   100.06 | Episode steps:  285 | Average reward:    81.09 | Step Count: 132130 | Episode Q0:    34.73
Episode: 477/7000 | Episode reward:    56.28 | Episode steps:   92 | Average reward:    78.98 | Step Count: 132222 | Episode Q0:    34.73
Episode: 478/7000 | Episode reward:    42.01 | Episode steps:  148 | Average reward:    73.95 | Step Count: 132370 | Episode Q0:    34.73
Episode: 479/7000 | Episode reward:    32.31 | Episode steps:   53 | Average reward:    73.23 | Step Count: 132423 | Episode Q0:    34.73
Episode: 480/7000 | Episode reward:    80.08 | Episode steps:  205 | Average reward:    78.51 | Step Count: 132628 | Episode Q0:    34.73
Episode: 481/7000 | Episode reward:   102.58 | Episode steps:  379 | Average reward:    80.17 | Step Count: 133007 | Episode Q0:    34.73
Episode: 482/7000 | Episode reward:    26.15 | Episode steps:   82 | Average reward:    60.33 | Step Count: 133089 | Episode Q0:    36.20
Episode: 483/7000 | Episode reward:   130.08 | Episode steps:  297 | Average reward:    68.57 | Step Count: 133386 | Episode Q0:    36.20
Episode: 484/7000 | Episode reward:   100.07 | Episode steps:  153 | Average reward:    75.05 | Step Count: 133539 | Episode Q0:    36.20
Episode: 485/7000 | Episode reward:   667.03 | Episode steps: 2427 | Average reward:   133.67 | Step Count: 135966 | Episode Q0:    36.20
Episode: 486/7000 | Episode reward:   104.82 | Episode steps:  239 | Average reward:   134.14 | Step Count: 136205 | Episode Q0:    36.20
Episode: 487/7000 | Episode reward:    72.63 | Episode steps:  202 | Average reward:   135.78 | Step Count: 136407 | Episode Q0:    36.20
Episode: 488/7000 | Episode reward:    71.56 | Episode steps:  197 | Average reward:   138.73 | Step Count: 136604 | Episode Q0:    36.20
Episode: 489/7000 | Episode reward:    71.01 | Episode steps:   92 | Average reward:   142.60 | Step Count: 136696 | Episode Q0:    36.20
Episode: 490/7000 | Episode reward:   363.13 | Episode steps: 1063 | Average reward:   170.91 | Step Count: 137759 | Episode Q0:    36.20
Episode: 491/7000 | Episode reward:    81.44 | Episode steps:  106 | Average reward:   168.79 | Step Count: 137865 | Episode Q0:    36.20
Episode: 492/7000 | Episode reward:    35.19 | Episode steps:  114 | Average reward:   169.70 | Step Count: 137979 | Episode Q0:    36.20
Episode: 493/7000 | Episode reward:   355.94 | Episode steps:  887 | Average reward:   192.28 | Step Count: 138866 | Episode Q0:    36.01
Episode: 494/7000 | Episode reward:   291.87 | Episode steps:  633 | Average reward:   211.46 | Step Count: 139499 | Episode Q0:    36.01
Episode: 495/7000 | Episode reward:   269.14 | Episode steps: 1189 | Average reward:   171.67 | Step Count: 140688 | Episode Q0:    36.01
Episode: 496/7000 | Episode reward:   198.85 | Episode steps:  428 | Average reward:   181.08 | Step Count: 141116 | Episode Q0:    36.01
Episode: 497/7000 | Episode reward:   156.40 | Episode steps:  330 | Average reward:   189.45 | Step Count: 141446 | Episode Q0:    36.01
Episode: 498/7000 | Episode reward:    28.19 | Episode steps:   94 | Average reward:   185.12 | Step Count: 141540 | Episode Q0:    36.01
Episode: 499/7000 | Episode reward:   220.99 | Episode steps:  811 | Average reward:   200.11 | Step Count: 142351 | Episode Q0:    36.01
Episode: 500/7000 | Episode reward:    93.72 | Episode steps:  250 | Average reward:   173.17 | Step Count: 142601 | Episode Q0:    36.01
Episode: 501/7000 | Episode reward:   120.30 | Episode steps:  291 | Average reward:   177.06 | Step Count: 142892 | Episode Q0:    36.01
Episode: 502/7000 | Episode reward:    95.96 | Episode steps:  359 | Average reward:   183.14 | Step Count: 143251 | Episode Q0:    35.74
Episode: 503/7000 | Episode reward:   132.60 | Episode steps:  423 | Average reward:   160.80 | Step Count: 143674 | Episode Q0:    35.74
Episode: 504/7000 | Episode reward:   146.23 | Episode steps:  400 | Average reward:   146.24 | Step Count: 144074 | Episode Q0:    35.74
Episode: 505/7000 | Episode reward:   136.69 | Episode steps:  273 | Average reward:   132.99 | Step Count: 144347 | Episode Q0:    35.74
Episode: 506/7000 | Episode reward:   232.10 | Episode steps:  755 | Average reward:   136.32 | Step Count: 145102 | Episode Q0:    35.74
Episode: 507/7000 | Episode reward:    51.58 | Episode steps:  130 | Average reward:   125.84 | Step Count: 145232 | Episode Q0:    35.74
Episode: 508/7000 | Episode reward:   194.02 | Episode steps:  364 | Average reward:   142.42 | Step Count: 145596 | Episode Q0:    35.74
Episode: 509/7000 | Episode reward:    44.20 | Episode steps:  131 | Average reward:   124.74 | Step Count: 145727 | Episode Q0:    35.74
Episode: 510/7000 | Episode reward:    57.43 | Episode steps:  129 | Average reward:   121.11 | Step Count: 145856 | Episode Q0:    35.74
Episode: 511/7000 | Episode reward:    47.52 | Episode steps:  127 | Average reward:   113.83 | Step Count: 145983 | Episode Q0:    35.74
Episode: 512/7000 | Episode reward:    18.12 | Episode steps:  104 | Average reward:   106.05 | Step Count: 146087 | Episode Q0:    35.74
Episode: 513/7000 | Episode reward:    59.73 | Episode steps:  297 | Average reward:    98.76 | Step Count: 146384 | Episode Q0:    36.92
Episode: 514/7000 | Episode reward:   141.90 | Episode steps:  487 | Average reward:    98.33 | Step Count: 146871 | Episode Q0:    36.92
Episode: 515/7000 | Episode reward:   101.67 | Episode steps:  251 | Average reward:    94.83 | Step Count: 147122 | Episode Q0:    36.92
Episode: 516/7000 | Episode reward:    55.10 | Episode steps:  108 | Average reward:    77.13 | Step Count: 147230 | Episode Q0:    36.92
Episode: 517/7000 | Episode reward:   125.83 | Episode steps:  400 | Average reward:    84.55 | Step Count: 147630 | Episode Q0:    36.92
Episode: 518/7000 | Episode reward:   209.68 | Episode steps:  949 | Average reward:    86.12 | Step Count: 148579 | Episode Q0:    36.92
Episode: 519/7000 | Episode reward:    96.04 | Episode steps:  247 | Average reward:    91.30 | Step Count: 148826 | Episode Q0:    36.92
Episode: 520/7000 | Episode reward:   217.21 | Episode steps:  615 | Average reward:   107.28 | Step Count: 149441 | Episode Q0:    36.92
Episode: 521/7000 | Episode reward:   133.68 | Episode steps:  179 | Average reward:   115.90 | Step Count: 149620 | Episode Q0:    36.92
Episode: 522/7000 | Episode reward:    79.87 | Episode steps:  221 | Average reward:   122.07 | Step Count: 149841 | Episode Q0:    36.92
Episode: 523/7000 | Episode reward:    37.33 | Episode steps:  117 | Average reward:   119.83 | Step Count: 149958 | Episode Q0:    36.92
Episode: 524/7000 | Episode reward:   174.40 | Episode steps:  464 | Average reward:   123.08 | Step Count: 150422 | Episode Q0:    37.05
Episode: 525/7000 | Episode reward:   125.63 | Episode steps:  498 | Average reward:   125.48 | Step Count: 150920 | Episode Q0:    37.05
Episode: 526/7000 | Episode reward:    96.71 | Episode steps:  373 | Average reward:   129.64 | Step Count: 151293 | Episode Q0:    37.05
Episode: 527/7000 | Episode reward:    28.94 | Episode steps:  106 | Average reward:   119.95 | Step Count: 151399 | Episode Q0:    37.05
Episode: 528/7000 | Episode reward:   217.98 | Episode steps:  571 | Average reward:   120.78 | Step Count: 151970 | Episode Q0:    37.05
Episode: 529/7000 | Episode reward:    72.74 | Episode steps:  116 | Average reward:   118.45 | Step Count: 152086 | Episode Q0:    37.05
Episode: 530/7000 | Episode reward:    13.67 | Episode steps:   89 | Average reward:    98.09 | Step Count: 152175 | Episode Q0:    37.05
Episode: 531/7000 | Episode reward:   167.38 | Episode steps:  430 | Average reward:   101.46 | Step Count: 152605 | Episode Q0:    37.05
Episode: 532/7000 | Episode reward:    49.55 | Episode steps:  391 | Average reward:    98.43 | Step Count: 152996 | Episode Q0:    37.05
Episode: 533/7000 | Episode reward:    32.78 | Episode steps:  135 | Average reward:    97.98 | Step Count: 153131 | Episode Q0:    37.05
Episode: 534/7000 | Episode reward:   212.10 | Episode steps:  441 | Average reward:   101.75 | Step Count: 153572 | Episode Q0:    37.05
Episode: 535/7000 | Episode reward:   246.68 | Episode steps:  963 | Average reward:   113.85 | Step Count: 154535 | Episode Q0:    37.32
Episode: 536/7000 | Episode reward:    64.99 | Episode steps:  143 | Average reward:   110.68 | Step Count: 154678 | Episode Q0:    37.32
Episode: 537/7000 | Episode reward:   151.60 | Episode steps:  840 | Average reward:   122.95 | Step Count: 155518 | Episode Q0:    37.32
Episode: 538/7000 | Episode reward:    64.51 | Episode steps:  136 | Average reward:   107.60 | Step Count: 155654 | Episode Q0:    37.32
Episode: 539/7000 | Episode reward:   131.43 | Episode steps:  301 | Average reward:   113.47 | Step Count: 155955 | Episode Q0:    37.32
Episode: 540/7000 | Episode reward:    87.36 | Episode steps:  526 | Average reward:   120.84 | Step Count: 156481 | Episode Q0:    37.32
Episode: 541/7000 | Episode reward:   275.55 | Episode steps:  644 | Average reward:   131.66 | Step Count: 157125 | Episode Q0:    37.32
Episode: 542/7000 | Episode reward:    92.01 | Episode steps:  312 | Average reward:   135.90 | Step Count: 157437 | Episode Q0:    37.32
Episode: 543/7000 | Episode reward:    40.49 | Episode steps:  155 | Average reward:   136.67 | Step Count: 157592 | Episode Q0:    37.32
Episode: 544/7000 | Episode reward:    88.24 | Episode steps:  234 | Average reward:   124.29 | Step Count: 157826 | Episode Q0:    37.32
Episode: 545/7000 | Episode reward:    69.52 | Episode steps:   91 | Average reward:   106.57 | Step Count: 157917 | Episode Q0:    37.32
Episode: 546/7000 | Episode reward:   112.87 | Episode steps:  253 | Average reward:   111.36 | Step Count: 158170 | Episode Q0:    37.32
Episode: 547/7000 | Episode reward:    58.72 | Episode steps:  102 | Average reward:   102.07 | Step Count: 158272 | Episode Q0:    37.61
Episode: 548/7000 | Episode reward:   196.48 | Episode steps:  594 | Average reward:   115.27 | Step Count: 158866 | Episode Q0:    37.61
Episode: 549/7000 | Episode reward:   102.13 | Episode steps:  235 | Average reward:   112.34 | Step Count: 159101 | Episode Q0:    37.61
Episode: 550/7000 | Episode reward:   221.11 | Episode steps:  715 | Average reward:   125.71 | Step Count: 159816 | Episode Q0:    37.61
Episode: 551/7000 | Episode reward:   158.32 | Episode steps:  336 | Average reward:   113.99 | Step Count: 160152 | Episode Q0:    37.61
Episode: 552/7000 | Episode reward:    97.10 | Episode steps:  234 | Average reward:   114.50 | Step Count: 160386 | Episode Q0:    37.61
Episode: 553/7000 | Episode reward:    73.44 | Episode steps:  223 | Average reward:   117.79 | Step Count: 160609 | Episode Q0:    37.61
Episode: 554/7000 | Episode reward:    55.11 | Episode steps:  187 | Average reward:   114.48 | Step Count: 160796 | Episode Q0:    37.61
Episode: 555/7000 | Episode reward:   117.56 | Episode steps:  258 | Average reward:   119.28 | Step Count: 161054 | Episode Q0:    37.61
Episode: 556/7000 | Episode reward:    72.04 | Episode steps:  130 | Average reward:   115.20 | Step Count: 161184 | Episode Q0:    37.61
Episode: 557/7000 | Episode reward:   149.48 | Episode steps:  287 | Average reward:   124.28 | Step Count: 161471 | Episode Q0:    37.61
Episode: 558/7000 | Episode reward:    41.61 | Episode steps:  165 | Average reward:   108.79 | Step Count: 161636 | Episode Q0:    38.29
Episode: 559/7000 | Episode reward:    88.74 | Episode steps:  143 | Average reward:   107.45 | Step Count: 161779 | Episode Q0:    38.29
Episode: 560/7000 | Episode reward:    73.46 | Episode steps:   96 | Average reward:    92.69 | Step Count: 161875 | Episode Q0:    38.29
Episode: 561/7000 | Episode reward:    22.92 | Episode steps:   98 | Average reward:    79.15 | Step Count: 161973 | Episode Q0:    38.29
Episode: 562/7000 | Episode reward:   177.55 | Episode steps:  625 | Average reward:    87.19 | Step Count: 162598 | Episode Q0:    38.29
Episode: 563/7000 | Episode reward:    62.55 | Episode steps:   79 | Average reward:    86.10 | Step Count: 162677 | Episode Q0:    38.29
Episode: 564/7000 | Episode reward:    51.50 | Episode steps:  128 | Average reward:    85.74 | Step Count: 162805 | Episode Q0:    38.29
Episode: 565/7000 | Episode reward:    44.13 | Episode steps:   64 | Average reward:    78.40 | Step Count: 162869 | Episode Q0:    38.29
Episode: 566/7000 | Episode reward:   141.17 | Episode steps:  293 | Average reward:    85.31 | Step Count: 163162 | Episode Q0:    38.29
Episode: 567/7000 | Episode reward:    62.01 | Episode steps:  123 | Average reward:    76.56 | Step Count: 163285 | Episode Q0:    38.29
Episode: 568/7000 | Episode reward:    30.27 | Episode steps:  110 | Average reward:    75.43 | Step Count: 163395 | Episode Q0:    38.29
Episode: 569/7000 | Episode reward:    47.82 | Episode steps:  101 | Average reward:    71.34 | Step Count: 163496 | Episode Q0:    38.29
