Training console diary: C:\Users\abuj\Code\Reinforcement-Learning-Furuta-Inverted-Pendulum\results\TD3\run_20260708_143037_td3_mathworks_style_pi_current_1c_500hz_theta1_offset_scratch\training_console.log
Episode:   1/2000 | Episode reward:   -18.39 | Episode steps:   24 | Average reward:   -18.39 | Step Count:   24 | Episode Q0:    -0.15
Episode:   2/2000 | Episode reward:   -42.94 | Episode steps:   53 | Average reward:   -30.66 | Step Count:   77 | Episode Q0:    -0.15
Episode:   3/2000 | Episode reward:   -48.11 | Episode steps:   48 | Average reward:   -36.48 | Step Count:  125 | Episode Q0:    -0.15
Episode:   4/2000 | Episode reward:   -15.94 | Episode steps:   30 | Average reward:   -31.34 | Step Count:  155 | Episode Q0:    -0.15
Episode:   5/2000 | Episode reward:   -48.19 | Episode steps:   46 | Average reward:   -34.71 | Step Count:  201 | Episode Q0:    -0.15
Episode:   6/2000 | Episode reward:   -40.92 | Episode steps:   55 | Average reward:   -35.75 | Step Count:  256 | Episode Q0:    -0.15
Episode:   7/2000 | Episode reward:   -18.53 | Episode steps:   30 | Average reward:   -33.29 | Step Count:  286 | Episode Q0:    -0.15
Episode:   8/2000 | Episode reward:   -43.05 | Episode steps:   50 | Average reward:   -34.51 | Step Count:  336 | Episode Q0:    -0.15
Episode:   9/2000 | Episode reward:   -60.89 | Episode steps:   46 | Average reward:   -37.44 | Step Count:  382 | Episode Q0:    -0.15
Episode:  10/2000 | Episode reward:   -50.17 | Episode steps:   47 | Average reward:   -38.71 | Step Count:  429 | Episode Q0:    -0.15
Episode:  11/2000 | Episode reward:   -22.88 | Episode steps:   29 | Average reward:   -39.16 | Step Count:  458 | Episode Q0:    -0.15
Episode:  12/2000 | Episode reward:    -5.34 | Episode steps:   28 | Average reward:   -35.40 | Step Count:  486 | Episode Q0:    -0.15
Episode:  13/2000 | Episode reward:    -9.63 | Episode steps:   26 | Average reward:   -31.55 | Step Count:  512 | Episode Q0:    -0.15
Episode:  14/2000 | Episode reward:   -50.18 | Episode steps:   45 | Average reward:   -34.98 | Step Count:  557 | Episode Q0:    -0.15
Episode:  15/2000 | Episode reward:   -19.73 | Episode steps:   28 | Average reward:   -32.13 | Step Count:  585 | Episode Q0:    -0.15
Episode:  16/2000 | Episode reward:    -9.18 | Episode steps:   23 | Average reward:   -28.96 | Step Count:  608 | Episode Q0:    -0.15
Episode:  17/2000 | Episode reward:   -18.97 | Episode steps:   29 | Average reward:   -29.00 | Step Count:  637 | Episode Q0:    -0.15
Episode:  18/2000 | Episode reward:   -15.80 | Episode steps:   26 | Average reward:   -26.28 | Step Count:  663 | Episode Q0:    -0.15
Episode:  19/2000 | Episode reward:    -9.57 | Episode steps:   42 | Average reward:   -21.15 | Step Count:  705 | Episode Q0:    -0.15
Episode:  20/2000 | Episode reward:   -21.07 | Episode steps:   30 | Average reward:   -18.24 | Step Count:  735 | Episode Q0:    -0.15
Episode:  21/2000 | Episode reward:   -21.15 | Episode steps:   56 | Average reward:   -18.06 | Step Count:  791 | Episode Q0:    -0.15
Episode:  22/2000 | Episode reward:    -9.71 | Episode steps:   24 | Average reward:   -18.50 | Step Count:  815 | Episode Q0:    -0.15
Episode:  23/2000 | Episode reward:   -19.24 | Episode steps:   29 | Average reward:   -19.46 | Step Count:  844 | Episode Q0:    -0.15
Episode:  24/2000 | Episode reward:   -18.96 | Episode steps:   23 | Average reward:   -16.34 | Step Count:  867 | Episode Q0:    -0.15
Episode:  25/2000 | Episode reward:     3.25 | Episode steps:   47 | Average reward:   -14.04 | Step Count:  914 | Episode Q0:    -0.15
Episode:  26/2000 | Episode reward:   -39.74 | Episode steps:   49 | Average reward:   -17.10 | Step Count:  963 | Episode Q0:    -0.15
Episode:  27/2000 | Episode reward:    -8.08 | Episode steps:   47 | Average reward:   -16.01 | Step Count: 1010 | Episode Q0:    -0.15
Episode:  28/2000 | Episode reward:   -32.75 | Episode steps:   47 | Average reward:   -17.70 | Step Count: 1057 | Episode Q0:    -0.15
Episode:  29/2000 | Episode reward:   -36.82 | Episode steps:   53 | Average reward:   -20.43 | Step Count: 1110 | Episode Q0:    -0.15
Episode:  30/2000 | Episode reward:    -3.42 | Episode steps:   35 | Average reward:   -18.66 | Step Count: 1145 | Episode Q0:    -0.15
Episode:  31/2000 | Episode reward:   -13.22 | Episode steps:   27 | Average reward:   -17.87 | Step Count: 1172 | Episode Q0:    -0.15
Episode:  32/2000 | Episode reward:   -41.82 | Episode steps:   48 | Average reward:   -21.08 | Step Count: 1220 | Episode Q0:    -0.15
Episode:  33/2000 | Episode reward:   -22.26 | Episode steps:   27 | Average reward:   -21.38 | Step Count: 1247 | Episode Q0:    -0.15
Episode:  34/2000 | Episode reward:   -12.65 | Episode steps:   37 | Average reward:   -20.75 | Step Count: 1284 | Episode Q0:    -0.15
Episode:  35/2000 | Episode reward:   -70.09 | Episode steps:   40 | Average reward:   -28.08 | Step Count: 1324 | Episode Q0:    -0.15
Episode:  36/2000 | Episode reward:   -67.06 | Episode steps:   41 | Average reward:   -30.82 | Step Count: 1365 | Episode Q0:    -0.15
Episode:  37/2000 | Episode reward:   -16.68 | Episode steps:   26 | Average reward:   -31.68 | Step Count: 1391 | Episode Q0:    -0.15
Episode:  38/2000 | Episode reward:   -19.15 | Episode steps:   25 | Average reward:   -30.32 | Step Count: 1416 | Episode Q0:    -0.15
Episode:  39/2000 | Episode reward:   -63.98 | Episode steps:   47 | Average reward:   -33.03 | Step Count: 1463 | Episode Q0:    -0.15
Episode:  40/2000 | Episode reward:    -8.01 | Episode steps:   29 | Average reward:   -33.49 | Step Count: 1492 | Episode Q0:    -0.15
Episode:  41/2000 | Episode reward:   -45.29 | Episode steps:   59 | Average reward:   -36.70 | Step Count: 1551 | Episode Q0:    -0.15
Episode:  42/2000 | Episode reward:   -45.94 | Episode steps:   58 | Average reward:   -37.11 | Step Count: 1609 | Episode Q0:    -0.15
Episode:  43/2000 | Episode reward:   -25.45 | Episode steps:   25 | Average reward:   -37.43 | Step Count: 1634 | Episode Q0:    -0.15
Episode:  44/2000 | Episode reward:   -49.81 | Episode steps:   53 | Average reward:   -41.15 | Step Count: 1687 | Episode Q0:    -0.15
Episode:  45/2000 | Episode reward:   -12.31 | Episode steps:   22 | Average reward:   -35.37 | Step Count: 1709 | Episode Q0:    -0.15
Episode:  46/2000 | Episode reward:    -4.97 | Episode steps:   27 | Average reward:   -29.16 | Step Count: 1736 | Episode Q0:    -0.15
Episode:  47/2000 | Episode reward:     1.55 | Episode steps:   32 | Average reward:   -27.34 | Step Count: 1768 | Episode Q0:    -0.15
Episode:  48/2000 | Episode reward:   -14.36 | Episode steps:   32 | Average reward:   -26.86 | Step Count: 1800 | Episode Q0:    -0.15
Episode:  49/2000 | Episode reward:   -43.22 | Episode steps:   47 | Average reward:   -24.78 | Step Count: 1847 | Episode Q0:    -0.15
Episode:  50/2000 | Episode reward:   -12.93 | Episode steps:   25 | Average reward:   -25.27 | Step Count: 1872 | Episode Q0:    -0.15
Episode:  51/2000 | Episode reward:   -58.24 | Episode steps:   48 | Average reward:   -26.57 | Step Count: 1920 | Episode Q0:    -0.15
Episode:  52/2000 | Episode reward:   -34.50 | Episode steps:   53 | Average reward:   -25.42 | Step Count: 1973 | Episode Q0:    -0.15
Episode:  53/2000 | Episode reward:    -6.48 | Episode steps:   29 | Average reward:   -23.53 | Step Count: 2002 | Episode Q0:    -0.15
Episode:  54/2000 | Episode reward:    -8.57 | Episode steps:   39 | Average reward:   -19.40 | Step Count: 2041 | Episode Q0:    -0.15
Episode:  55/2000 | Episode reward:   -34.02 | Episode steps:   59 | Average reward:   -21.57 | Step Count: 2100 | Episode Q0:    -0.15
Episode:  56/2000 | Episode reward:   -64.45 | Episode steps:   48 | Average reward:   -27.52 | Step Count: 2148 | Episode Q0:    -0.15
Episode:  57/2000 | Episode reward:    -7.36 | Episode steps:   29 | Average reward:   -28.41 | Step Count: 2177 | Episode Q0:    -0.15
Episode:  58/2000 | Episode reward:   -18.99 | Episode steps:   25 | Average reward:   -28.88 | Step Count: 2202 | Episode Q0:    -0.15
Episode:  59/2000 | Episode reward:   -19.19 | Episode steps:   29 | Average reward:   -26.47 | Step Count: 2231 | Episode Q0:    -0.15
Episode:  60/2000 | Episode reward:   -57.73 | Episode steps:   46 | Average reward:   -30.95 | Step Count: 2277 | Episode Q0:    -0.15
Episode:  61/2000 | Episode reward:     5.14 | Episode steps:   42 | Average reward:   -24.61 | Step Count: 2319 | Episode Q0:    -0.15
Episode:  62/2000 | Episode reward:    -2.94 | Episode steps:   36 | Average reward:   -21.46 | Step Count: 2355 | Episode Q0:    -0.15
Episode:  63/2000 | Episode reward:   -33.40 | Episode steps:   55 | Average reward:   -24.15 | Step Count: 2410 | Episode Q0:    -0.15
Episode:  64/2000 | Episode reward:   -14.81 | Episode steps:   28 | Average reward:   -24.77 | Step Count: 2438 | Episode Q0:    -0.15
Episode:  65/2000 | Episode reward:   -58.52 | Episode steps:   48 | Average reward:   -27.22 | Step Count: 2486 | Episode Q0:    -0.15
Episode:  66/2000 | Episode reward:   -20.89 | Episode steps:   31 | Average reward:   -22.87 | Step Count: 2517 | Episode Q0:    -0.15
Episode:  67/2000 | Episode reward:   -55.52 | Episode steps:   55 | Average reward:   -27.68 | Step Count: 2572 | Episode Q0:    -0.15
Episode:  68/2000 | Episode reward:   -48.94 | Episode steps:   52 | Average reward:   -30.68 | Step Count: 2624 | Episode Q0:    -0.15
Episode:  69/2000 | Episode reward:   -10.20 | Episode steps:   34 | Average reward:   -29.78 | Step Count: 2658 | Episode Q0:    -0.15
Episode:  70/2000 | Episode reward:   -49.59 | Episode steps:   62 | Average reward:   -28.97 | Step Count: 2720 | Episode Q0:    -0.15
Episode:  71/2000 | Episode reward:   -59.10 | Episode steps:   44 | Average reward:   -35.39 | Step Count: 2764 | Episode Q0:    -0.15
Episode:  72/2000 | Episode reward:   -63.59 | Episode steps:   39 | Average reward:   -41.46 | Step Count: 2803 | Episode Q0:    -0.15
Episode:  73/2000 | Episode reward:   -50.04 | Episode steps:   56 | Average reward:   -43.12 | Step Count: 2859 | Episode Q0:    -0.15
Episode:  74/2000 | Episode reward:   -39.32 | Episode steps:   46 | Average reward:   -45.57 | Step Count: 2905 | Episode Q0:    -0.15
Episode:  75/2000 | Episode reward:   -18.43 | Episode steps:   68 | Average reward:   -41.56 | Step Count: 2973 | Episode Q0:    -0.15
Episode:  76/2000 | Episode reward:   -26.96 | Episode steps:   58 | Average reward:   -42.17 | Step Count: 3031 | Episode Q0:    -0.15
Episode:  77/2000 | Episode reward:   -48.08 | Episode steps:   47 | Average reward:   -41.43 | Step Count: 3078 | Episode Q0:    -0.15
Episode:  78/2000 | Episode reward:   -52.40 | Episode steps:   51 | Average reward:   -41.77 | Step Count: 3129 | Episode Q0:    -0.15
Episode:  79/2000 | Episode reward:    -9.05 | Episode steps:   30 | Average reward:   -41.66 | Step Count: 3159 | Episode Q0:    -0.15
Episode:  80/2000 | Episode reward:   -23.01 | Episode steps:   24 | Average reward:   -39.00 | Step Count: 3183 | Episode Q0:    -0.15
Episode:  81/2000 | Episode reward:   -22.47 | Episode steps:   25 | Average reward:   -35.34 | Step Count: 3208 | Episode Q0:    -0.15
Episode:  82/2000 | Episode reward:   -29.12 | Episode steps:   65 | Average reward:   -31.89 | Step Count: 3273 | Episode Q0:    -0.15
Episode:  83/2000 | Episode reward:    -9.60 | Episode steps:   27 | Average reward:   -27.85 | Step Count: 3300 | Episode Q0:    -0.15
Episode:  84/2000 | Episode reward:   -17.62 | Episode steps:   28 | Average reward:   -25.68 | Step Count: 3328 | Episode Q0:    -0.15
Episode:  85/2000 | Episode reward:   -69.01 | Episode steps:   44 | Average reward:   -30.73 | Step Count: 3372 | Episode Q0:    -0.15
Episode:  86/2000 | Episode reward:   -59.20 | Episode steps:   52 | Average reward:   -33.96 | Step Count: 3424 | Episode Q0:    -0.15
Episode:  87/2000 | Episode reward:   -42.84 | Episode steps:   54 | Average reward:   -33.43 | Step Count: 3478 | Episode Q0:    -0.15
Episode:  88/2000 | Episode reward:   -12.61 | Episode steps:   34 | Average reward:   -29.45 | Step Count: 3512 | Episode Q0:    -0.15
Episode:  89/2000 | Episode reward:   -10.75 | Episode steps:   38 | Average reward:   -29.62 | Step Count: 3550 | Episode Q0:    -0.15
Episode:  90/2000 | Episode reward:   -19.58 | Episode steps:   29 | Average reward:   -29.28 | Step Count: 3579 | Episode Q0:    -0.15
