Training console diary: C:\Users\abuj\Code\Reinforcement-Learning-Furuta-Inverted-Pendulum\results\TD3\run_20260709_065958_td3_mathworks_style_pi_current_1c_500hz_capture_tune_from_scratch7000\training_console.log
Starting parallel pool (parpool) using the 'Processes' profile ...
Preserving jobs with IDs: 1 8 because they contain crash dump files.
You can use 'delete(myCluster.Jobs)' to remove all jobs created with profile Processes. To create 'myCluster' use 'myCluster = parcluster('Processes')'.
Connected to parallel pool with 22 workers.
Episode:   1/2000 | Episode reward:   889.10 | Episode steps: 2500 | Average reward:   889.10 | Step Count: 2500 | Episode Q0:    49.10
Episode:   2/2000 | Episode reward:   911.87 | Episode steps: 2500 | Average reward:   900.49 | Step Count: 5000 | Episode Q0:    48.86
Episode:   3/2000 | Episode reward:   764.60 | Episode steps: 2500 | Average reward:   855.19 | Step Count: 7500 | Episode Q0:    48.86
Episode:   4/2000 | Episode reward:   844.76 | Episode steps: 2500 | Average reward:   852.58 | Step Count: 10000 | Episode Q0:    48.86
Episode:   5/2000 | Episode reward:   931.58 | Episode steps: 2500 | Average reward:   868.38 | Step Count: 12500 | Episode Q0:    48.86
Episode:   6/2000 | Episode reward:   962.85 | Episode steps: 2500 | Average reward:   884.13 | Step Count: 15000 | Episode Q0:    48.86
Episode:   7/2000 | Episode reward:   769.84 | Episode steps: 2500 | Average reward:   867.80 | Step Count: 17500 | Episode Q0:    48.86
Episode:   8/2000 | Episode reward:   887.12 | Episode steps: 2500 | Average reward:   870.22 | Step Count: 20000 | Episode Q0:    48.86
Episode:   9/2000 | Episode reward:   942.39 | Episode steps: 2500 | Average reward:   878.24 | Step Count: 22500 | Episode Q0:    48.86
Episode:  10/2000 | Episode reward:   957.94 | Episode steps: 2500 | Average reward:   886.21 | Step Count: 25000 | Episode Q0:    48.86
Episode:  11/2000 | Episode reward:   961.47 | Episode steps: 2500 | Average reward:   893.44 | Step Count: 27500 | Episode Q0:    48.86
Episode:  12/2000 | Episode reward:   964.25 | Episode steps: 2500 | Average reward:   898.68 | Step Count: 30000 | Episode Q0:    48.86
Episode:  13/2000 | Episode reward:   919.95 | Episode steps: 2500 | Average reward:   914.22 | Step Count: 32500 | Episode Q0:    48.86
Episode:  14/2000 | Episode reward:   837.29 | Episode steps: 2500 | Average reward:   913.47 | Step Count: 35000 | Episode Q0:    47.30
Episode:  15/2000 | Episode reward:   973.20 | Episode steps: 2500 | Average reward:   917.63 | Step Count: 37500 | Episode Q0:    47.30
Episode:  16/2000 | Episode reward:   955.83 | Episode steps: 2500 | Average reward:   916.93 | Step Count: 40000 | Episode Q0:    47.30
Episode:  17/2000 | Episode reward:   776.61 | Episode steps: 2500 | Average reward:   917.61 | Step Count: 42500 | Episode Q0:    47.30
Episode:  18/2000 | Episode reward:   912.89 | Episode steps: 2500 | Average reward:   920.18 | Step Count: 45000 | Episode Q0:    47.30
Episode:  19/2000 | Episode reward:   905.11 | Episode steps: 2500 | Average reward:   916.45 | Step Count: 47500 | Episode Q0:    47.30
Episode:  20/2000 | Episode reward:   935.29 | Episode steps: 2500 | Average reward:   914.19 | Step Count: 50000 | Episode Q0:    47.30
Episode:  21/2000 | Episode reward:   967.82 | Episode steps: 2500 | Average reward:   914.82 | Step Count: 52500 | Episode Q0:    47.30
Episode:  22/2000 | Episode reward:   758.63 | Episode steps: 2500 | Average reward:   894.26 | Step Count: 55000 | Episode Q0:    47.30
Episode:  23/2000 | Episode reward:   923.41 | Episode steps: 2500 | Average reward:   894.61 | Step Count: 57500 | Episode Q0:    47.30
Episode:  24/2000 | Episode reward:   806.35 | Episode steps: 2500 | Average reward:   891.52 | Step Count: 60000 | Episode Q0:    47.30
Episode:  25/2000 | Episode reward:   945.81 | Episode steps: 2500 | Average reward:   888.78 | Step Count: 62500 | Episode Q0:    47.30
Episode:  26/2000 | Episode reward:   761.25 | Episode steps: 2500 | Average reward:   869.32 | Step Count: 65000 | Episode Q0:    47.30
Episode:  27/2000 | Episode reward:   761.23 | Episode steps: 2500 | Average reward:   867.78 | Step Count: 67500 | Episode Q0:    47.30
Episode:  28/2000 | Episode reward:   961.92 | Episode steps: 2500 | Average reward:   872.68 | Step Count: 70000 | Episode Q0:    47.30
Episode:  29/2000 | Episode reward:   921.46 | Episode steps: 2500 | Average reward:   874.32 | Step Count: 72500 | Episode Q0:    47.30
Episode:  30/2000 | Episode reward:   850.14 | Episode steps: 2500 | Average reward:   865.80 | Step Count: 75000 | Episode Q0:    47.30
Episode:  31/2000 | Episode reward:   774.72 | Episode steps: 2500 | Average reward:   846.49 | Step Count: 77500 | Episode Q0:    47.30
Episode:  32/2000 | Episode reward:   959.51 | Episode steps: 2500 | Average reward:   866.58 | Step Count: 80000 | Episode Q0:    47.30
Episode:  33/2000 | Episode reward:   912.84 | Episode steps: 2500 | Average reward:   865.52 | Step Count: 82500 | Episode Q0:    47.30
Episode:  34/2000 | Episode reward:   958.18 | Episode steps: 2500 | Average reward:   880.71 | Step Count: 85000 | Episode Q0:    47.30
Episode:  35/2000 | Episode reward:   947.13 | Episode steps: 2500 | Average reward:   880.84 | Step Count: 87500 | Episode Q0:    47.30
Episode:  36/2000 | Episode reward:   925.65 | Episode steps: 2500 | Average reward:   897.28 | Step Count: 90000 | Episode Q0:    47.30
Episode:  37/2000 | Episode reward:   812.59 | Episode steps: 2500 | Average reward:   902.41 | Step Count: 92500 | Episode Q0:    47.30
Episode:  38/2000 | Episode reward:   735.76 | Episode steps: 2500 | Average reward:   879.80 | Step Count: 95000 | Episode Q0:    47.30
Episode:  39/2000 | Episode reward:   930.86 | Episode steps: 2500 | Average reward:   880.74 | Step Count: 97500 | Episode Q0:    47.30
Episode:  40/2000 | Episode reward:   936.79 | Episode steps: 2500 | Average reward:   889.40 | Step Count: 100000 | Episode Q0:    47.30
Episode:  41/2000 | Episode reward:   907.84 | Episode steps: 2500 | Average reward:   902.72 | Step Count: 102500 | Episode Q0:    47.30
Episode:  42/2000 | Episode reward:   832.53 | Episode steps: 2500 | Average reward:   890.02 | Step Count: 105000 | Episode Q0:    47.30
Episode:  43/2000 | Episode reward:   923.82 | Episode steps: 2500 | Average reward:   891.11 | Step Count: 107500 | Episode Q0:    47.30
Episode:  44/2000 | Episode reward:   951.55 | Episode steps: 2500 | Average reward:   890.45 | Step Count: 110000 | Episode Q0:    47.30
Episode:  45/2000 | Episode reward:   955.48 | Episode steps: 2500 | Average reward:   891.29 | Step Count: 112500 | Episode Q0:    47.30
Episode:  46/2000 | Episode reward:   944.44 | Episode steps: 2500 | Average reward:   893.16 | Step Count: 115000 | Episode Q0:    47.78
Episode:  47/2000 | Episode reward:  1022.16 | Episode steps: 2500 | Average reward:   914.12 | Step Count: 117500 | Episode Q0:    47.78
Episode:  48/2000 | Episode reward:   993.26 | Episode steps: 2500 | Average reward:   939.87 | Step Count: 120000 | Episode Q0:    47.78
Episode:  49/2000 | Episode reward:  1026.27 | Episode steps: 2500 | Average reward:   949.41 | Step Count: 122500 | Episode Q0:    47.78
Episode:  50/2000 | Episode reward:   990.73 | Episode steps: 2500 | Average reward:   954.81 | Step Count: 125000 | Episode Q0:    47.78
Episode:  51/2000 | Episode reward:  1021.70 | Episode steps: 2500 | Average reward:   966.19 | Step Count: 127500 | Episode Q0:    47.78
Episode:  52/2000 | Episode reward:  1006.41 | Episode steps: 2500 | Average reward:   983.58 | Step Count: 130000 | Episode Q0:    47.78
Episode:  53/2000 | Episode reward:  1013.94 | Episode steps: 2500 | Average reward:   992.59 | Step Count: 132500 | Episode Q0:    47.78
Episode:  54/2000 | Episode reward:  1013.82 | Episode steps: 2500 | Average reward:   998.82 | Step Count: 135000 | Episode Q0:    47.78
Episode:  55/2000 | Episode reward:  1010.18 | Episode steps: 2500 | Average reward:  1004.29 | Step Count: 137500 | Episode Q0:    47.78
Episode:  56/2000 | Episode reward:   976.12 | Episode steps: 2500 | Average reward:  1007.46 | Step Count: 140000 | Episode Q0:    47.78
Episode:  57/2000 | Episode reward:  1026.51 | Episode steps: 2500 | Average reward:  1007.89 | Step Count: 142500 | Episode Q0:    47.78
Episode:  58/2000 | Episode reward:  1106.00 | Episode steps: 2500 | Average reward:  1019.17 | Step Count: 145000 | Episode Q0:    46.58
Episode:  59/2000 | Episode reward:  1207.62 | Episode steps: 2500 | Average reward:  1037.30 | Step Count: 147500 | Episode Q0:    46.58
Episode:  60/2000 | Episode reward:  1046.80 | Episode steps: 2500 | Average reward:  1042.91 | Step Count: 150000 | Episode Q0:    46.58
Episode:  61/2000 | Episode reward:  1191.83 | Episode steps: 2500 | Average reward:  1059.92 | Step Count: 152500 | Episode Q0:    46.58
Episode:  62/2000 | Episode reward:  1036.28 | Episode steps: 2500 | Average reward:  1062.91 | Step Count: 155000 | Episode Q0:    46.58
Episode:  63/2000 | Episode reward:  1045.40 | Episode steps: 2500 | Average reward:  1066.06 | Step Count: 157500 | Episode Q0:    46.58
Episode:  64/2000 | Episode reward:  1041.00 | Episode steps: 2500 | Average reward:  1068.78 | Step Count: 160000 | Episode Q0:    46.58
Episode:  65/2000 | Episode reward:   971.54 | Episode steps: 2500 | Average reward:  1064.91 | Step Count: 162500 | Episode Q0:    46.58
Episode:  66/2000 | Episode reward:   982.64 | Episode steps: 2500 | Average reward:  1065.56 | Step Count: 165000 | Episode Q0:    46.58
Episode:  67/2000 | Episode reward:  1090.70 | Episode steps: 2500 | Average reward:  1071.98 | Step Count: 167500 | Episode Q0:    46.58
Episode:  68/2000 | Episode reward:  1030.78 | Episode steps: 2500 | Average reward:  1064.46 | Step Count: 170000 | Episode Q0:    46.58
Episode:  69/2000 | Episode reward:  1219.11 | Episode steps: 2500 | Average reward:  1065.61 | Step Count: 172500 | Episode Q0:    46.58
Episode:  70/2000 | Episode reward:  1200.78 | Episode steps: 2500 | Average reward:  1081.01 | Step Count: 175000 | Episode Q0:    46.58
Episode:  71/2000 | Episode reward:  1210.03 | Episode steps: 2500 | Average reward:  1082.83 | Step Count: 177500 | Episode Q0:    46.58
Episode:  72/2000 | Episode reward:  1200.58 | Episode steps: 2500 | Average reward:  1099.26 | Step Count: 180000 | Episode Q0:    46.58
Episode:  73/2000 | Episode reward:  1101.84 | Episode steps: 2500 | Average reward:  1104.90 | Step Count: 182500 | Episode Q0:    46.58
Episode:  74/2000 | Episode reward:  1185.23 | Episode steps: 2500 | Average reward:  1119.32 | Step Count: 185000 | Episode Q0:    46.58
Episode:  75/2000 | Episode reward:  1145.98 | Episode steps: 2500 | Average reward:  1136.77 | Step Count: 187500 | Episode Q0:    46.58
Episode:  76/2000 | Episode reward:  1166.11 | Episode steps: 2500 | Average reward:  1155.11 | Step Count: 190000 | Episode Q0:    46.58
Episode:  77/2000 | Episode reward:  1217.54 | Episode steps: 2500 | Average reward:  1167.80 | Step Count: 192500 | Episode Q0:    46.58
Episode:  78/2000 | Episode reward:  1125.53 | Episode steps: 2500 | Average reward:  1177.27 | Step Count: 195000 | Episode Q0:    46.58
Episode:  79/2000 | Episode reward:  1166.02 | Episode steps: 2500 | Average reward:  1171.96 | Step Count: 197500 | Episode Q0:    46.58
Episode:  80/2000 | Episode reward:   797.33 | Episode steps: 2500 | Average reward:  1131.62 | Step Count: 200000 | Episode Q0:    46.58
Episode:  81/2000 | Episode reward:  1134.54 | Episode steps: 2500 | Average reward:  1124.07 | Step Count: 202500 | Episode Q0:    46.58
Episode:  82/2000 | Episode reward:  1214.00 | Episode steps: 2500 | Average reward:  1125.41 | Step Count: 205000 | Episode Q0:    46.58
Episode:  83/2000 | Episode reward:  1207.26 | Episode steps: 2500 | Average reward:  1135.95 | Step Count: 207500 | Episode Q0:    46.58
Episode:  84/2000 | Episode reward:  1175.96 | Episode steps: 2500 | Average reward:  1135.03 | Step Count: 210000 | Episode Q0:    46.58
Episode:  85/2000 | Episode reward:  1191.01 | Episode steps: 2500 | Average reward:  1139.53 | Step Count: 212500 | Episode Q0:    46.58
Episode:  86/2000 | Episode reward:  1086.95 | Episode steps: 2500 | Average reward:  1131.61 | Step Count: 215000 | Episode Q0:    46.58
Episode:  87/2000 | Episode reward:  1203.62 | Episode steps: 2500 | Average reward:  1130.22 | Step Count: 217500 | Episode Q0:    46.58
Episode:  88/2000 | Episode reward:  1203.16 | Episode steps: 2500 | Average reward:  1137.99 | Step Count: 220000 | Episode Q0:    46.58
Episode:  89/2000 | Episode reward:  1090.54 | Episode steps: 2500 | Average reward:  1130.44 | Step Count: 222500 | Episode Q0:    46.58
Episode:  90/2000 | Episode reward:    -4.95 | Episode steps:  307 | Average reward:  1050.21 | Step Count: 222807 | Episode Q0:    43.62
Episode:  91/2000 | Episode reward:    99.91 | Episode steps:  546 | Average reward:   946.75 | Step Count: 223353 | Episode Q0:    43.62
Episode:  92/2000 | Episode reward:   161.02 | Episode steps:  995 | Average reward:   841.45 | Step Count: 224348 | Episode Q0:    43.62
Episode:  93/2000 | Episode reward:    95.92 | Episode steps:  723 | Average reward:   730.31 | Step Count: 225071 | Episode Q0:    43.62
Episode:  94/2000 | Episode reward:   220.53 | Episode steps:  837 | Average reward:   634.77 | Step Count: 225908 | Episode Q0:    43.62
Episode:  95/2000 | Episode reward:    93.58 | Episode steps:  536 | Average reward:   525.03 | Step Count: 226444 | Episode Q0:    43.62
Episode:  96/2000 | Episode reward:   -67.95 | Episode steps:  276 | Average reward:   409.54 | Step Count: 226720 | Episode Q0:    43.62
Episode:  97/2000 | Episode reward:   122.74 | Episode steps:  572 | Average reward:   301.45 | Step Count: 227292 | Episode Q0:    43.62
Episode:  98/2000 | Episode reward:    15.99 | Episode steps:  335 | Average reward:   182.73 | Step Count: 227627 | Episode Q0:    43.62
Episode:  99/2000 | Episode reward:   -31.34 | Episode steps:  288 | Average reward:    70.54 | Step Count: 227915 | Episode Q0:    43.62
Episode: 100/2000 | Episode reward:   119.32 | Episode steps:  531 | Average reward:    82.97 | Step Count: 228446 | Episode Q0:    43.62
Episode: 101/2000 | Episode reward:   -61.42 | Episode steps:  274 | Average reward:    66.84 | Step Count: 228720 | Episode Q0:    43.62
Episode: 102/2000 | Episode reward:   114.63 | Episode steps:  252 | Average reward:    62.20 | Step Count: 228972 | Episode Q0:    43.62
Episode: 103/2000 | Episode reward:   250.06 | Episode steps:  357 | Average reward:    77.61 | Step Count: 229329 | Episode Q0:    43.62
Episode: 104/2000 | Episode reward:    15.27 | Episode steps:  121 | Average reward:    57.09 | Step Count: 229450 | Episode Q0:    43.62
Episode: 105/2000 | Episode reward:   -19.44 | Episode steps:  159 | Average reward:    45.79 | Step Count: 229609 | Episode Q0:    43.62
Episode: 106/2000 | Episode reward:   117.49 | Episode steps:  337 | Average reward:    64.33 | Step Count: 229946 | Episode Q0:    43.62
Episode: 107/2000 | Episode reward:   116.61 | Episode steps:  377 | Average reward:    63.72 | Step Count: 230323 | Episode Q0:    43.62
Episode: 108/2000 | Episode reward:    31.56 | Episode steps:  123 | Average reward:    65.27 | Step Count: 230446 | Episode Q0:    43.62
Episode: 109/2000 | Episode reward:    20.58 | Episode steps:  105 | Average reward:    70.46 | Step Count: 230551 | Episode Q0:    43.62
Episode: 110/2000 | Episode reward:    23.29 | Episode steps:  122 | Average reward:    60.86 | Step Count: 230673 | Episode Q0:    43.62
Episode: 111/2000 | Episode reward:    29.06 | Episode steps:  123 | Average reward:    69.91 | Step Count: 230796 | Episode Q0:    43.62
Episode: 112/2000 | Episode reward:    95.44 | Episode steps:  332 | Average reward:    67.99 | Step Count: 231128 | Episode Q0:    43.62
Episode: 113/2000 | Episode reward:    13.46 | Episode steps:  112 | Average reward:    44.33 | Step Count: 231240 | Episode Q0:    43.62
Episode: 114/2000 | Episode reward:   -11.58 | Episode steps:  149 | Average reward:    41.65 | Step Count: 231389 | Episode Q0:    43.62
Episode: 115/2000 | Episode reward:    28.08 | Episode steps:  131 | Average reward:    46.40 | Step Count: 231520 | Episode Q0:    43.62
Episode: 116/2000 | Episode reward:    31.15 | Episode steps:  167 | Average reward:    37.77 | Step Count: 231687 | Episode Q0:    43.62
Episode: 117/2000 | Episode reward:    26.35 | Episode steps:  116 | Average reward:    28.74 | Step Count: 231803 | Episode Q0:    43.62
Episode: 118/2000 | Episode reward:    61.31 | Episode steps:  204 | Average reward:    31.71 | Step Count: 232007 | Episode Q0:    43.62
Episode: 119/2000 | Episode reward:   110.03 | Episode steps:  366 | Average reward:    40.66 | Step Count: 232373 | Episode Q0:    43.62
Episode: 120/2000 | Episode reward:   115.44 | Episode steps:  316 | Average reward:    49.87 | Step Count: 232689 | Episode Q0:    43.62
Episode: 121/2000 | Episode reward:   177.37 | Episode steps:  436 | Average reward:    64.71 | Step Count: 233125 | Episode Q0:    43.62
Episode: 122/2000 | Episode reward:    31.82 | Episode steps:  122 | Average reward:    58.34 | Step Count: 233247 | Episode Q0:    43.62
Episode: 123/2000 | Episode reward:     8.01 | Episode steps:  153 | Average reward:    57.80 | Step Count: 233400 | Episode Q0:    43.62
Episode: 124/2000 | Episode reward:    29.33 | Episode steps:  133 | Average reward:    61.89 | Step Count: 233533 | Episode Q0:    43.62
Episode: 125/2000 | Episode reward:    23.01 | Episode steps:  105 | Average reward:    61.38 | Step Count: 233638 | Episode Q0:    43.62
Episode: 126/2000 | Episode reward:    24.56 | Episode steps:  135 | Average reward:    60.72 | Step Count: 233773 | Episode Q0:    43.62
Episode: 127/2000 | Episode reward:    88.52 | Episode steps:  338 | Average reward:    66.94 | Step Count: 234111 | Episode Q0:    42.06
Episode: 128/2000 | Episode reward:    22.14 | Episode steps:  121 | Average reward:    63.02 | Step Count: 234232 | Episode Q0:    42.06
Episode: 129/2000 | Episode reward:   110.53 | Episode steps:  309 | Average reward:    63.07 | Step Count: 234541 | Episode Q0:    42.06
Episode: 130/2000 | Episode reward:    82.52 | Episode steps:  328 | Average reward:    59.78 | Step Count: 234869 | Episode Q0:    42.06
Episode: 131/2000 | Episode reward:    -5.85 | Episode steps:  170 | Average reward:    41.46 | Step Count: 235039 | Episode Q0:    42.06
Episode: 132/2000 | Episode reward:    30.60 | Episode steps:  173 | Average reward:    41.34 | Step Count: 235212 | Episode Q0:    42.06
Episode: 133/2000 | Episode reward:    13.32 | Episode steps:  135 | Average reward:    41.87 | Step Count: 235347 | Episode Q0:    42.06
Episode: 134/2000 | Episode reward:    12.74 | Episode steps:  120 | Average reward:    40.21 | Step Count: 235467 | Episode Q0:    42.06
Episode: 135/2000 | Episode reward:   112.85 | Episode steps:  297 | Average reward:    49.19 | Step Count: 235764 | Episode Q0:    42.06
Episode: 136/2000 | Episode reward:   -26.09 | Episode steps:  184 | Average reward:    44.13 | Step Count: 235948 | Episode Q0:    42.06
Episode: 137/2000 | Episode reward:   106.70 | Episode steps:  300 | Average reward:    45.94 | Step Count: 236248 | Episode Q0:    42.06
Episode: 138/2000 | Episode reward:   100.16 | Episode steps:  269 | Average reward:    53.75 | Step Count: 236517 | Episode Q0:    42.06
Episode: 139/2000 | Episode reward:   118.48 | Episode steps:  304 | Average reward:    54.54 | Step Count: 236821 | Episode Q0:    42.06
Episode: 140/2000 | Episode reward:   127.51 | Episode steps:  266 | Average reward:    59.04 | Step Count: 237087 | Episode Q0:    42.06
Episode: 141/2000 | Episode reward:    13.28 | Episode steps:  201 | Average reward:    60.95 | Step Count: 237288 | Episode Q0:    42.06
Episode: 142/2000 | Episode reward:    79.61 | Episode steps:  209 | Average reward:    65.86 | Step Count: 237497 | Episode Q0:    42.06
Episode: 143/2000 | Episode reward:    31.38 | Episode steps:  144 | Average reward:    67.66 | Step Count: 237641 | Episode Q0:    42.06
Episode: 144/2000 | Episode reward:    50.77 | Episode steps:  187 | Average reward:    71.46 | Step Count: 237828 | Episode Q0:    42.06
Episode: 145/2000 | Episode reward:   100.55 | Episode steps:  295 | Average reward:    70.23 | Step Count: 238123 | Episode Q0:    42.06
Episode: 146/2000 | Episode reward:    52.75 | Episode steps:  188 | Average reward:    78.12 | Step Count: 238311 | Episode Q0:    42.06
Episode: 147/2000 | Episode reward:    24.06 | Episode steps:  124 | Average reward:    69.85 | Step Count: 238435 | Episode Q0:    42.06
Episode: 148/2000 | Episode reward:    72.33 | Episode steps:  228 | Average reward:    67.07 | Step Count: 238663 | Episode Q0:    42.06
Episode: 149/2000 | Episode reward:     8.68 | Episode steps:  121 | Average reward:    56.09 | Step Count: 238784 | Episode Q0:    42.06
Episode: 150/2000 | Episode reward:   116.78 | Episode steps:  314 | Average reward:    55.02 | Step Count: 239098 | Episode Q0:    42.06
Episode: 151/2000 | Episode reward:   122.74 | Episode steps:  308 | Average reward:    65.96 | Step Count: 239406 | Episode Q0:    42.06
Episode: 152/2000 | Episode reward:    14.02 | Episode steps:  219 | Average reward:    59.40 | Step Count: 239625 | Episode Q0:    42.06
Episode: 153/2000 | Episode reward:    34.08 | Episode steps:  161 | Average reward:    59.68 | Step Count: 239786 | Episode Q0:    42.06
Episode: 154/2000 | Episode reward:    41.29 | Episode steps:  195 | Average reward:    58.73 | Step Count: 239981 | Episode Q0:    42.06
Episode: 155/2000 | Episode reward:    35.01 | Episode steps:  184 | Average reward:    52.17 | Step Count: 240165 | Episode Q0:    42.06
Episode: 156/2000 | Episode reward:    25.13 | Episode steps:  178 | Average reward:    49.41 | Step Count: 240343 | Episode Q0:    42.06
Episode: 157/2000 | Episode reward:    22.97 | Episode steps:  133 | Average reward:    49.30 | Step Count: 240476 | Episode Q0:    42.06
Episode: 158/2000 | Episode reward:    32.40 | Episode steps:  123 | Average reward:    45.31 | Step Count: 240599 | Episode Q0:    42.06
Episode: 159/2000 | Episode reward:   117.37 | Episode steps:  310 | Average reward:    56.18 | Step Count: 240909 | Episode Q0:    42.06
Episode: 160/2000 | Episode reward:    10.08 | Episode steps:  127 | Average reward:    45.51 | Step Count: 241036 | Episode Q0:    42.06
Episode: 161/2000 | Episode reward:    45.83 | Episode steps:  196 | Average reward:    37.82 | Step Count: 241232 | Episode Q0:    42.06
Episode: 162/2000 | Episode reward:    24.93 | Episode steps:  111 | Average reward:    38.91 | Step Count: 241343 | Episode Q0:    41.94
Episode: 163/2000 | Episode reward:    88.53 | Episode steps:  213 | Average reward:    44.35 | Step Count: 241556 | Episode Q0:    41.94
Episode: 164/2000 | Episode reward:    28.68 | Episode steps:  217 | Average reward:    43.09 | Step Count: 241773 | Episode Q0:    41.94
Episode: 165/2000 | Episode reward:   -18.71 | Episode steps:  159 | Average reward:    37.72 | Step Count: 241932 | Episode Q0:    41.94
Episode: 166/2000 | Episode reward:    20.56 | Episode steps:   95 | Average reward:    37.26 | Step Count: 242027 | Episode Q0:    41.94
Episode: 167/2000 | Episode reward:     3.08 | Episode steps:  132 | Average reward:    35.27 | Step Count: 242159 | Episode Q0:    41.94
Episode: 168/2000 | Episode reward:    72.35 | Episode steps:  214 | Average reward:    39.27 | Step Count: 242373 | Episode Q0:    41.94
Episode: 169/2000 | Episode reward:    27.57 | Episode steps:  140 | Average reward:    30.29 | Step Count: 242513 | Episode Q0:    41.94
Episode: 170/2000 | Episode reward:     5.87 | Episode steps:  226 | Average reward:    29.87 | Step Count: 242739 | Episode Q0:    41.94
Episode: 171/2000 | Episode reward:   103.41 | Episode steps:  281 | Average reward:    35.63 | Step Count: 243020 | Episode Q0:    41.94
Episode: 172/2000 | Episode reward:   119.06 | Episode steps:  295 | Average reward:    45.04 | Step Count: 243315 | Episode Q0:    41.94
Episode: 173/2000 | Episode reward:    90.64 | Episode steps:  261 | Average reward:    45.25 | Step Count: 243576 | Episode Q0:    41.94
Episode: 174/2000 | Episode reward:   276.93 | Episode steps:  363 | Average reward:    70.08 | Step Count: 243939 | Episode Q0:    41.94
Episode: 175/2000 | Episode reward:     3.72 | Episode steps:  214 | Average reward:    72.32 | Step Count: 244153 | Episode Q0:    41.94
Episode: 176/2000 | Episode reward:    79.55 | Episode steps:  215 | Average reward:    78.22 | Step Count: 244368 | Episode Q0:    41.94
Episode: 177/2000 | Episode reward:    16.98 | Episode steps:  100 | Average reward:    79.61 | Step Count: 244468 | Episode Q0:    41.94
Episode: 178/2000 | Episode reward:    11.25 | Episode steps:  186 | Average reward:    73.50 | Step Count: 244654 | Episode Q0:    41.94
Episode: 179/2000 | Episode reward:    18.25 | Episode steps:   94 | Average reward:    72.57 | Step Count: 244748 | Episode Q0:    41.94
Episode: 180/2000 | Episode reward:   110.20 | Episode steps:  289 | Average reward:    83.00 | Step Count: 245037 | Episode Q0:    41.94
Episode: 181/2000 | Episode reward:    19.53 | Episode steps:  137 | Average reward:    74.61 | Step Count: 245174 | Episode Q0:    41.94
Episode: 182/2000 | Episode reward:    71.18 | Episode steps:  230 | Average reward:    69.82 | Step Count: 245404 | Episode Q0:    41.94
Episode: 183/2000 | Episode reward:   112.07 | Episode steps:  289 | Average reward:    71.97 | Step Count: 245693 | Episode Q0:    41.94
Episode: 184/2000 | Episode reward:   116.22 | Episode steps:  302 | Average reward:    55.90 | Step Count: 245995 | Episode Q0:    41.94
Episode: 185/2000 | Episode reward:    59.74 | Episode steps:  200 | Average reward:    61.50 | Step Count: 246195 | Episode Q0:    41.94
Episode: 186/2000 | Episode reward:    22.45 | Episode steps:  109 | Average reward:    55.79 | Step Count: 246304 | Episode Q0:    41.94
Episode: 187/2000 | Episode reward:    32.05 | Episode steps:  122 | Average reward:    57.29 | Step Count: 246426 | Episode Q0:    41.94
Episode: 188/2000 | Episode reward:     6.52 | Episode steps:  196 | Average reward:    56.82 | Step Count: 246622 | Episode Q0:    41.94
Episode: 189/2000 | Episode reward:    35.99 | Episode steps:  121 | Average reward:    58.59 | Step Count: 246743 | Episode Q0:    41.94
Episode: 190/2000 | Episode reward:    47.72 | Episode steps:  184 | Average reward:    52.35 | Step Count: 246927 | Episode Q0:    41.94
Episode: 191/2000 | Episode reward:    18.33 | Episode steps:  137 | Average reward:    52.23 | Step Count: 247064 | Episode Q0:    41.94
Episode: 192/2000 | Episode reward:   -13.66 | Episode steps:  149 | Average reward:    43.74 | Step Count: 247213 | Episode Q0:    41.94
Episode: 193/2000 | Episode reward:    14.05 | Episode steps:  173 | Average reward:    33.94 | Step Count: 247386 | Episode Q0:    41.94
Episode: 194/2000 | Episode reward:    74.31 | Episode steps:  227 | Average reward:    29.75 | Step Count: 247613 | Episode Q0:    41.94
Episode: 195/2000 | Episode reward:   -27.98 | Episode steps:  186 | Average reward:    20.98 | Step Count: 247799 | Episode Q0:    41.94
Episode: 196/2000 | Episode reward:    12.25 | Episode steps:  186 | Average reward:    19.96 | Step Count: 247985 | Episode Q0:    41.94
Episode: 197/2000 | Episode reward:     5.52 | Episode steps:  140 | Average reward:    17.30 | Step Count: 248125 | Episode Q0:    41.94
Episode: 198/2000 | Episode reward:   -35.04 | Episode steps:  186 | Average reward:    13.15 | Step Count: 248311 | Episode Q0:    42.42
Episode: 199/2000 | Episode reward:    19.12 | Episode steps:  135 | Average reward:    11.46 | Step Count: 248446 | Episode Q0:    42.42
Episode: 200/2000 | Episode reward:    19.55 | Episode steps:  137 | Average reward:     8.64 | Step Count: 248583 | Episode Q0:    42.42
Episode: 201/2000 | Episode reward:    31.00 | Episode steps:  147 | Average reward:     9.91 | Step Count: 248730 | Episode Q0:    42.42
Episode: 202/2000 | Episode reward:   110.43 | Episode steps:  297 | Average reward:    22.32 | Step Count: 249027 | Episode Q0:    42.42
Episode: 203/2000 | Episode reward:    33.11 | Episode steps:  118 | Average reward:    24.23 | Step Count: 249145 | Episode Q0:    42.42
Episode: 204/2000 | Episode reward:    33.60 | Episode steps:  124 | Average reward:    20.16 | Step Count: 249269 | Episode Q0:    42.42
Episode: 205/2000 | Episode reward:   114.10 | Episode steps:  286 | Average reward:    34.36 | Step Count: 249555 | Episode Q0:    42.42
Episode: 206/2000 | Episode reward:    31.58 | Episode steps:  126 | Average reward:    36.30 | Step Count: 249681 | Episode Q0:    42.42
Episode: 207/2000 | Episode reward:    36.37 | Episode steps:  154 | Average reward:    39.38 | Step Count: 249835 | Episode Q0:    42.42
Episode: 208/2000 | Episode reward:    32.47 | Episode steps:  195 | Average reward:    46.13 | Step Count: 250030 | Episode Q0:    42.42
Episode: 209/2000 | Episode reward:     1.78 | Episode steps:  137 | Average reward:    44.40 | Step Count: 250167 | Episode Q0:    42.42
Episode: 210/2000 | Episode reward:   120.22 | Episode steps:  302 | Average reward:    54.47 | Step Count: 250469 | Episode Q0:    42.42
Episode: 211/2000 | Episode reward:    -8.02 | Episode steps:  176 | Average reward:    50.56 | Step Count: 250645 | Episode Q0:    42.42
Episode: 212/2000 | Episode reward:   -12.22 | Episode steps:  181 | Average reward:    38.30 | Step Count: 250826 | Episode Q0:    42.42
Episode: 213/2000 | Episode reward:   116.63 | Episode steps:  303 | Average reward:    46.65 | Step Count: 251129 | Episode Q0:    42.42
Episode: 214/2000 | Episode reward:   105.19 | Episode steps:  285 | Average reward:    53.81 | Step Count: 251414 | Episode Q0:    42.42
Episode: 215/2000 | Episode reward:    34.32 | Episode steps:  198 | Average reward:    45.83 | Step Count: 251612 | Episode Q0:    42.42
Episode: 216/2000 | Episode reward:    52.91 | Episode steps:  215 | Average reward:    47.96 | Step Count: 251827 | Episode Q0:    42.42
Episode: 217/2000 | Episode reward:    30.96 | Episode steps:  251 | Average reward:    47.42 | Step Count: 252078 | Episode Q0:    42.42
Episode: 218/2000 | Episode reward:    27.19 | Episode steps:  118 | Average reward:    46.89 | Step Count: 252196 | Episode Q0:    42.42
Episode: 219/2000 | Episode reward:    34.80 | Episode steps:  146 | Average reward:    50.20 | Step Count: 252342 | Episode Q0:    42.42
Episode: 220/2000 | Episode reward:   119.79 | Episode steps:  301 | Average reward:    50.15 | Step Count: 252643 | Episode Q0:    42.42
Episode: 221/2000 | Episode reward:    18.03 | Episode steps:  103 | Average reward:    52.76 | Step Count: 252746 | Episode Q0:    42.42
Episode: 222/2000 | Episode reward:   114.04 | Episode steps:  292 | Average reward:    65.39 | Step Count: 253038 | Episode Q0:    42.42
Episode: 223/2000 | Episode reward:   109.35 | Episode steps:  305 | Average reward:    64.66 | Step Count: 253343 | Episode Q0:    42.42
Episode: 224/2000 | Episode reward:   115.68 | Episode steps:  293 | Average reward:    65.71 | Step Count: 253636 | Episode Q0:    42.42
Episode: 225/2000 | Episode reward:    35.53 | Episode steps:  197 | Average reward:    65.83 | Step Count: 253833 | Episode Q0:    42.42
Episode: 226/2000 | Episode reward:   112.67 | Episode steps:  297 | Average reward:    71.80 | Step Count: 254130 | Episode Q0:    42.42
Episode: 227/2000 | Episode reward:   121.57 | Episode steps:  308 | Average reward:    80.86 | Step Count: 254438 | Episode Q0:    42.42
Episode: 228/2000 | Episode reward:    19.93 | Episode steps:  117 | Average reward:    80.14 | Step Count: 254555 | Episode Q0:    42.42
Episode: 229/2000 | Episode reward:    41.90 | Episode steps:  209 | Average reward:    80.85 | Step Count: 254764 | Episode Q0:    42.42
Episode: 230/2000 | Episode reward:    11.42 | Episode steps:  188 | Average reward:    70.01 | Step Count: 254952 | Episode Q0:    42.42
Episode: 231/2000 | Episode reward:    52.81 | Episode steps:  198 | Average reward:    73.49 | Step Count: 255150 | Episode Q0:    42.42
Episode: 232/2000 | Episode reward:   124.30 | Episode steps:  304 | Average reward:    74.51 | Step Count: 255454 | Episode Q0:    42.42
Episode: 233/2000 | Episode reward:    17.25 | Episode steps:  104 | Average reward:    65.30 | Step Count: 255558 | Episode Q0:    40.50
Episode: 234/2000 | Episode reward:   106.85 | Episode steps:  299 | Average reward:    64.42 | Step Count: 255857 | Episode Q0:    40.50
Episode: 235/2000 | Episode reward:    27.78 | Episode steps:  110 | Average reward:    63.65 | Step Count: 255967 | Episode Q0:    40.50
Episode: 236/2000 | Episode reward:    24.58 | Episode steps:  222 | Average reward:    54.84 | Step Count: 256189 | Episode Q0:    40.50
Episode: 237/2000 | Episode reward:    31.61 | Episode steps:  128 | Average reward:    45.84 | Step Count: 256317 | Episode Q0:    40.50
Episode: 238/2000 | Episode reward:    24.80 | Episode steps:  191 | Average reward:    46.33 | Step Count: 256508 | Episode Q0:    40.50
Episode: 239/2000 | Episode reward:    97.75 | Episode steps:  308 | Average reward:    51.91 | Step Count: 256816 | Episode Q0:    40.50
Episode: 240/2000 | Episode reward:    33.25 | Episode steps:  136 | Average reward:    54.10 | Step Count: 256952 | Episode Q0:    40.50
Episode: 241/2000 | Episode reward:    43.17 | Episode steps:  181 | Average reward:    53.13 | Step Count: 257133 | Episode Q0:    40.50
Episode: 242/2000 | Episode reward:    26.21 | Episode steps:  121 | Average reward:    43.32 | Step Count: 257254 | Episode Q0:    40.50
Episode: 243/2000 | Episode reward:   105.96 | Episode steps:  329 | Average reward:    52.19 | Step Count: 257583 | Episode Q0:    40.50
Episode: 244/2000 | Episode reward:   123.84 | Episode steps:  321 | Average reward:    53.89 | Step Count: 257904 | Episode Q0:    40.50
Episode: 245/2000 | Episode reward:    61.35 | Episode steps:  328 | Average reward:    57.25 | Step Count: 258232 | Episode Q0:    40.50
Episode: 246/2000 | Episode reward:    95.61 | Episode steps:  344 | Average reward:    64.35 | Step Count: 258576 | Episode Q0:    40.50
Episode: 247/2000 | Episode reward:   127.19 | Episode steps:  322 | Average reward:    73.91 | Step Count: 258898 | Episode Q0:    40.50
Episode: 248/2000 | Episode reward:    70.24 | Episode steps:  346 | Average reward:    78.46 | Step Count: 259244 | Episode Q0:    40.50
Episode: 249/2000 | Episode reward:   108.17 | Episode steps:  334 | Average reward:    79.50 | Step Count: 259578 | Episode Q0:    40.50
Episode: 250/2000 | Episode reward:    55.60 | Episode steps:  186 | Average reward:    81.73 | Step Count: 259764 | Episode Q0:    40.50
Episode: 251/2000 | Episode reward:   210.86 | Episode steps:  428 | Average reward:    98.50 | Step Count: 260192 | Episode Q0:    40.50
Episode: 252/2000 | Episode reward:    95.25 | Episode steps:  337 | Average reward:   105.41 | Step Count: 260529 | Episode Q0:    40.50
Episode: 253/2000 | Episode reward:    62.65 | Episode steps:  202 | Average reward:   101.08 | Step Count: 260731 | Episode Q0:    40.50
Episode: 254/2000 | Episode reward:   127.44 | Episode steps:  324 | Average reward:   101.44 | Step Count: 261055 | Episode Q0:    40.50
Episode: 255/2000 | Episode reward:    -7.23 | Episode steps:  205 | Average reward:    94.58 | Step Count: 261260 | Episode Q0:    40.50
Episode: 256/2000 | Episode reward:    84.40 | Episode steps:  348 | Average reward:    93.46 | Step Count: 261608 | Episode Q0:    40.50
Episode: 257/2000 | Episode reward:    34.50 | Episode steps:  187 | Average reward:    84.19 | Step Count: 261795 | Episode Q0:    40.50
Episode: 258/2000 | Episode reward:   126.36 | Episode steps:  314 | Average reward:    89.80 | Step Count: 262109 | Episode Q0:    40.50
Episode: 259/2000 | Episode reward:   126.00 | Episode steps:  326 | Average reward:    91.58 | Step Count: 262435 | Episode Q0:    40.50
Episode: 260/2000 | Episode reward:    85.02 | Episode steps:  214 | Average reward:    94.52 | Step Count: 262649 | Episode Q0:    40.50
Episode: 261/2000 | Episode reward:    56.61 | Episode steps:  360 | Average reward:    79.10 | Step Count: 263009 | Episode Q0:    40.50
Episode: 262/2000 | Episode reward:   134.61 | Episode steps:  328 | Average reward:    83.04 | Step Count: 263337 | Episode Q0:    40.50
Episode: 263/2000 | Episode reward:   135.40 | Episode steps:  331 | Average reward:    90.31 | Step Count: 263668 | Episode Q0:    40.50
Episode: 264/2000 | Episode reward:   123.25 | Episode steps:  346 | Average reward:    89.89 | Step Count: 264014 | Episode Q0:    40.50
Episode: 265/2000 | Episode reward:    52.38 | Episode steps:  203 | Average reward:    95.85 | Step Count: 264217 | Episode Q0:    40.49
Episode: 266/2000 | Episode reward:   121.99 | Episode steps:  314 | Average reward:    99.61 | Step Count: 264531 | Episode Q0:    40.49
Episode: 267/2000 | Episode reward:   164.32 | Episode steps:  406 | Average reward:   112.59 | Step Count: 264937 | Episode Q0:    40.49
Episode: 268/2000 | Episode reward:   118.76 | Episode steps:  305 | Average reward:   111.83 | Step Count: 265242 | Episode Q0:    40.49
Episode: 269/2000 | Episode reward:   115.86 | Episode steps:  348 | Average reward:   110.82 | Step Count: 265590 | Episode Q0:    40.49
Episode: 270/2000 | Episode reward:    -6.29 | Episode steps:  213 | Average reward:   101.69 | Step Count: 265803 | Episode Q0:    40.49
Episode: 271/2000 | Episode reward:    80.11 | Episode steps:  363 | Average reward:   104.04 | Step Count: 266166 | Episode Q0:    40.49
Episode: 272/2000 | Episode reward:   174.77 | Episode steps:  283 | Average reward:   108.06 | Step Count: 266449 | Episode Q0:    40.49
Episode: 273/2000 | Episode reward:   111.02 | Episode steps:  329 | Average reward:   105.62 | Step Count: 266778 | Episode Q0:    40.49
Episode: 274/2000 | Episode reward:     8.92 | Episode steps:  193 | Average reward:    94.18 | Step Count: 266971 | Episode Q0:    40.49
Episode: 275/2000 | Episode reward:   120.91 | Episode steps:  320 | Average reward:   101.04 | Step Count: 267291 | Episode Q0:    40.49
Episode: 276/2000 | Episode reward:    14.22 | Episode steps:  186 | Average reward:    90.26 | Step Count: 267477 | Episode Q0:    40.49
Episode: 277/2000 | Episode reward:   879.36 | Episode steps: 2500 | Average reward:   161.76 | Step Count: 269977 | Episode Q0:    39.46
Episode: 278/2000 | Episode reward:   869.10 | Episode steps: 2500 | Average reward:   236.80 | Step Count: 272477 | Episode Q0:    39.46
Episode: 279/2000 | Episode reward:   868.98 | Episode steps: 2500 | Average reward:   312.11 | Step Count: 274977 | Episode Q0:    39.46
Episode: 280/2000 | Episode reward:   895.37 | Episode steps: 2500 | Average reward:   402.28 | Step Count: 277477 | Episode Q0:    39.46
Episode: 281/2000 | Episode reward:   784.88 | Episode steps: 2500 | Average reward:   472.75 | Step Count: 279977 | Episode Q0:    39.46
Episode: 282/2000 | Episode reward:  1039.19 | Episode steps: 2500 | Average reward:   559.19 | Step Count: 282477 | Episode Q0:    39.46
Episode: 283/2000 | Episode reward:   829.78 | Episode steps: 2500 | Average reward:   631.07 | Step Count: 284977 | Episode Q0:    39.46
Episode: 284/2000 | Episode reward:   859.17 | Episode steps: 2500 | Average reward:   716.10 | Step Count: 287477 | Episode Q0:    39.46
Episode: 285/2000 | Episode reward:   871.04 | Episode steps: 2500 | Average reward:   791.11 | Step Count: 289977 | Episode Q0:    39.46
Episode: 286/2000 | Episode reward:   853.50 | Episode steps: 2500 | Average reward:   875.04 | Step Count: 292477 | Episode Q0:    39.46
Episode: 287/2000 | Episode reward:   891.50 | Episode steps: 2500 | Average reward:   876.25 | Step Count: 294977 | Episode Q0:    39.46
Episode: 288/2000 | Episode reward:   841.61 | Episode steps: 2500 | Average reward:   873.50 | Step Count: 297477 | Episode Q0:    39.46
Episode: 289/2000 | Episode reward:   834.11 | Episode steps: 2500 | Average reward:   870.02 | Step Count: 299977 | Episode Q0:    39.46
Episode: 290/2000 | Episode reward:   877.73 | Episode steps: 2500 | Average reward:   868.25 | Step Count: 302477 | Episode Q0:    39.46
Episode: 291/2000 | Episode reward:   878.16 | Episode steps: 2500 | Average reward:   877.58 | Step Count: 304977 | Episode Q0:    39.46
Episode: 292/2000 | Episode reward:   873.50 | Episode steps: 2500 | Average reward:   861.01 | Step Count: 307477 | Episode Q0:    39.46
Episode: 293/2000 | Episode reward:   834.80 | Episode steps: 2500 | Average reward:   861.51 | Step Count: 309977 | Episode Q0:    39.46
Episode: 294/2000 | Episode reward:   884.84 | Episode steps: 2500 | Average reward:   864.08 | Step Count: 312477 | Episode Q0:    39.46
Episode: 295/2000 | Episode reward:   762.99 | Episode steps: 2500 | Average reward:   853.27 | Step Count: 314977 | Episode Q0:    39.46
Episode: 296/2000 | Episode reward:   887.57 | Episode steps: 2500 | Average reward:   856.68 | Step Count: 317477 | Episode Q0:    39.46
Episode: 297/2000 | Episode reward:   849.44 | Episode steps: 2500 | Average reward:   852.47 | Step Count: 319977 | Episode Q0:    39.46
Episode: 298/2000 | Episode reward:   845.35 | Episode steps: 2500 | Average reward:   852.85 | Step Count: 322477 | Episode Q0:    39.46
Episode: 299/2000 | Episode reward:   884.80 | Episode steps: 2500 | Average reward:   857.92 | Step Count: 324977 | Episode Q0:    39.46
Episode: 300/2000 | Episode reward:   866.70 | Episode steps: 2500 | Average reward:   856.82 | Step Count: 327477 | Episode Q0:    39.46
Episode: 301/2000 | Episode reward:   844.67 | Episode steps: 2500 | Average reward:   853.47 | Step Count: 329977 | Episode Q0:    39.46
Episode: 302/2000 | Episode reward:   914.28 | Episode steps: 2500 | Average reward:   857.54 | Step Count: 332477 | Episode Q0:    39.46
Episode: 303/2000 | Episode reward:   891.83 | Episode steps: 2500 | Average reward:   863.25 | Step Count: 334977 | Episode Q0:    39.46
Episode: 304/2000 | Episode reward:   897.80 | Episode steps: 2500 | Average reward:   864.54 | Step Count: 337477 | Episode Q0:    39.46
Episode: 305/2000 | Episode reward:   854.40 | Episode steps: 2500 | Average reward:   873.68 | Step Count: 339977 | Episode Q0:    39.46
Episode: 306/2000 | Episode reward:   950.79 | Episode steps: 2500 | Average reward:   880.01 | Step Count: 342477 | Episode Q0:    39.46
Episode: 307/2000 | Episode reward:   879.86 | Episode steps: 2500 | Average reward:   883.05 | Step Count: 344977 | Episode Q0:    39.46
Episode: 308/2000 | Episode reward:   882.87 | Episode steps: 2500 | Average reward:   886.80 | Step Count: 347477 | Episode Q0:    39.46
Episode: 309/2000 | Episode reward:   973.35 | Episode steps: 2500 | Average reward:   895.66 | Step Count: 349977 | Episode Q0:    39.21
Episode: 310/2000 | Episode reward:   970.12 | Episode steps: 2500 | Average reward:   906.00 | Step Count: 352477 | Episode Q0:    39.21
Episode: 311/2000 | Episode reward:  1030.13 | Episode steps: 2500 | Average reward:   924.54 | Step Count: 354977 | Episode Q0:    39.21
Episode: 312/2000 | Episode reward:  1011.71 | Episode steps: 2500 | Average reward:   934.29 | Step Count: 357477 | Episode Q0:    39.21
Episode: 313/2000 | Episode reward:   917.14 | Episode steps: 2500 | Average reward:   936.82 | Step Count: 359977 | Episode Q0:    39.21
Episode: 314/2000 | Episode reward:   909.93 | Episode steps: 2500 | Average reward:   938.03 | Step Count: 362477 | Episode Q0:    39.21
Episode: 315/2000 | Episode reward:   933.48 | Episode steps: 2500 | Average reward:   945.94 | Step Count: 364977 | Episode Q0:    39.21
Episode: 316/2000 | Episode reward:  1020.88 | Episode steps: 2500 | Average reward:   952.95 | Step Count: 367477 | Episode Q0:    39.21
Episode: 317/2000 | Episode reward:   968.39 | Episode steps: 2500 | Average reward:   961.80 | Step Count: 369977 | Episode Q0:    39.21
Episode: 318/2000 | Episode reward:   855.77 | Episode steps: 2500 | Average reward:   959.09 | Step Count: 372477 | Episode Q0:    39.21
Episode: 319/2000 | Episode reward:   947.17 | Episode steps: 2500 | Average reward:   956.47 | Step Count: 374977 | Episode Q0:    39.21
Episode: 320/2000 | Episode reward:   966.74 | Episode steps: 2500 | Average reward:   956.14 | Step Count: 377477 | Episode Q0:    39.21
Episode: 321/2000 | Episode reward:    54.31 | Episode steps:  345 | Average reward:   858.55 | Step Count: 377822 | Episode Q0:    39.21
Episode: 322/2000 | Episode reward:   117.32 | Episode steps:  442 | Average reward:   769.11 | Step Count: 378264 | Episode Q0:    39.21
Episode: 323/2000 | Episode reward:    23.72 | Episode steps:  195 | Average reward:   679.77 | Step Count: 378459 | Episode Q0:    39.21
Episode: 324/2000 | Episode reward:    30.55 | Episode steps:  236 | Average reward:   591.83 | Step Count: 378695 | Episode Q0:    39.21
Episode: 325/2000 | Episode reward:   121.86 | Episode steps:  334 | Average reward:   510.67 | Step Count: 379029 | Episode Q0:    39.21
Episode: 326/2000 | Episode reward:   222.95 | Episode steps:  505 | Average reward:   430.88 | Step Count: 379534 | Episode Q0:    39.21
Episode: 327/2000 | Episode reward:   140.55 | Episode steps:  504 | Average reward:   348.09 | Step Count: 380038 | Episode Q0:    39.21
Episode: 328/2000 | Episode reward:   133.91 | Episode steps:  352 | Average reward:   275.91 | Step Count: 380390 | Episode Q0:    39.21
Episode: 329/2000 | Episode reward:   151.21 | Episode steps:  522 | Average reward:   196.31 | Step Count: 380912 | Episode Q0:    39.21
Episode: 330/2000 | Episode reward:   131.81 | Episode steps:  494 | Average reward:   112.82 | Step Count: 381406 | Episode Q0:    39.21
Episode: 331/2000 | Episode reward:    24.48 | Episode steps:  209 | Average reward:   109.83 | Step Count: 381615 | Episode Q0:    39.21
Episode: 332/2000 | Episode reward:   224.27 | Episode steps:  344 | Average reward:   120.53 | Step Count: 381959 | Episode Q0:    39.21
Episode: 333/2000 | Episode reward:     0.04 | Episode steps:  178 | Average reward:   118.16 | Step Count: 382137 | Episode Q0:    39.21
Episode: 334/2000 | Episode reward:   144.18 | Episode steps:  531 | Average reward:   129.52 | Step Count: 382668 | Episode Q0:    39.21
Episode: 335/2000 | Episode reward:   138.38 | Episode steps:  506 | Average reward:   131.18 | Step Count: 383174 | Episode Q0:    39.21
Episode: 336/2000 | Episode reward:   169.00 | Episode steps:  419 | Average reward:   125.78 | Step Count: 383593 | Episode Q0:    39.21
Episode: 337/2000 | Episode reward:   138.38 | Episode steps:  511 | Average reward:   125.56 | Step Count: 384104 | Episode Q0:    40.26
Episode: 338/2000 | Episode reward:   115.72 | Episode steps:  380 | Average reward:   123.75 | Step Count: 384484 | Episode Q0:    40.26
Episode: 339/2000 | Episode reward:   125.57 | Episode steps:  350 | Average reward:   121.18 | Step Count: 384834 | Episode Q0:    40.26
Episode: 340/2000 | Episode reward:   118.75 | Episode steps:  528 | Average reward:   119.88 | Step Count: 385362 | Episode Q0:    40.26
Episode: 341/2000 | Episode reward:   210.11 | Episode steps:  518 | Average reward:   138.44 | Step Count: 385880 | Episode Q0:    40.26
Episode: 342/2000 | Episode reward:   132.12 | Episode steps:  362 | Average reward:   129.22 | Step Count: 386242 | Episode Q0:    40.26
Episode: 343/2000 | Episode reward:   122.74 | Episode steps:  339 | Average reward:   141.49 | Step Count: 386581 | Episode Q0:    40.26
Episode: 344/2000 | Episode reward:    80.97 | Episode steps:  397 | Average reward:   135.17 | Step Count: 386978 | Episode Q0:    40.26
Episode: 345/2000 | Episode reward:   109.24 | Episode steps:  324 | Average reward:   132.26 | Step Count: 387302 | Episode Q0:    40.26
Episode: 346/2000 | Episode reward:    27.99 | Episode steps:  130 | Average reward:   118.16 | Step Count: 387432 | Episode Q0:    40.26
Episode: 347/2000 | Episode reward:    67.86 | Episode steps:  377 | Average reward:   111.11 | Step Count: 387809 | Episode Q0:    40.26
Episode: 348/2000 | Episode reward:    18.59 | Episode steps:  217 | Average reward:   101.39 | Step Count: 388026 | Episode Q0:    40.26
Episode: 349/2000 | Episode reward:   248.24 | Episode steps:  355 | Average reward:   113.66 | Step Count: 388381 | Episode Q0:    40.26
Episode: 350/2000 | Episode reward:   143.71 | Episode steps:  516 | Average reward:   116.16 | Step Count: 388897 | Episode Q0:    40.26
Episode: 351/2000 | Episode reward:   104.22 | Episode steps:  323 | Average reward:   105.57 | Step Count: 389220 | Episode Q0:    40.26
Episode: 352/2000 | Episode reward:    46.92 | Episode steps:  205 | Average reward:    97.05 | Step Count: 389425 | Episode Q0:    40.26
Episode: 353/2000 | Episode reward:    62.84 | Episode steps:  191 | Average reward:    91.06 | Step Count: 389616 | Episode Q0:    40.26
Episode: 354/2000 | Episode reward:    45.50 | Episode steps:  149 | Average reward:    87.51 | Step Count: 389765 | Episode Q0:    40.26
Episode: 355/2000 | Episode reward:    -6.32 | Episode steps:  217 | Average reward:    75.96 | Step Count: 389982 | Episode Q0:    40.26
Episode: 356/2000 | Episode reward:    59.12 | Episode steps:  182 | Average reward:    79.07 | Step Count: 390164 | Episode Q0:    40.26
Episode: 357/2000 | Episode reward:    45.33 | Episode steps:  165 | Average reward:    76.82 | Step Count: 390329 | Episode Q0:    40.26
Episode: 358/2000 | Episode reward:    43.11 | Episode steps:  154 | Average reward:    79.27 | Step Count: 390483 | Episode Q0:    40.26
Episode: 359/2000 | Episode reward:    98.71 | Episode steps:  262 | Average reward:    64.32 | Step Count: 390745 | Episode Q0:    40.26
Episode: 360/2000 | Episode reward:    60.18 | Episode steps:  178 | Average reward:    55.96 | Step Count: 390923 | Episode Q0:    40.26
Episode: 361/2000 | Episode reward:    41.67 | Episode steps:  150 | Average reward:    49.71 | Step Count: 391073 | Episode Q0:    40.26
Episode: 362/2000 | Episode reward:     8.64 | Episode steps:  154 | Average reward:    45.88 | Step Count: 391227 | Episode Q0:    40.26
Episode: 363/2000 | Episode reward:    26.18 | Episode steps:  208 | Average reward:    42.21 | Step Count: 391435 | Episode Q0:    40.26
Episode: 364/2000 | Episode reward:    46.99 | Episode steps:  159 | Average reward:    42.36 | Step Count: 391594 | Episode Q0:    40.26
Episode: 365/2000 | Episode reward:    94.51 | Episode steps:  293 | Average reward:    52.44 | Step Count: 391887 | Episode Q0:    40.26
Episode: 366/2000 | Episode reward:    26.60 | Episode steps:  117 | Average reward:    49.19 | Step Count: 392004 | Episode Q0:    40.26
Episode: 367/2000 | Episode reward:   -10.04 | Episode steps:  124 | Average reward:    43.66 | Step Count: 392128 | Episode Q0:    38.58
Episode: 368/2000 | Episode reward:    31.53 | Episode steps:  136 | Average reward:    42.50 | Step Count: 392264 | Episode Q0:    38.58
Episode: 369/2000 | Episode reward:    11.84 | Episode steps:  231 | Average reward:    33.81 | Step Count: 392495 | Episode Q0:    38.58
Episode: 370/2000 | Episode reward:    56.23 | Episode steps:  172 | Average reward:    33.42 | Step Count: 392667 | Episode Q0:    38.58
Episode: 371/2000 | Episode reward:    34.12 | Episode steps:  176 | Average reward:    32.66 | Step Count: 392843 | Episode Q0:    38.58
Episode: 372/2000 | Episode reward:     8.95 | Episode steps:  170 | Average reward:    32.69 | Step Count: 393013 | Episode Q0:    38.58
Episode: 373/2000 | Episode reward:    74.63 | Episode steps:  303 | Average reward:    37.54 | Step Count: 393316 | Episode Q0:    38.58
Episode: 374/2000 | Episode reward:   -13.21 | Episode steps:  180 | Average reward:    31.52 | Step Count: 393496 | Episode Q0:    38.58
Episode: 375/2000 | Episode reward:    63.29 | Episode steps:  192 | Average reward:    28.39 | Step Count: 393688 | Episode Q0:    38.58
Episode: 376/2000 | Episode reward:    69.54 | Episode steps:  247 | Average reward:    32.69 | Step Count: 393935 | Episode Q0:    38.58
Episode: 377/2000 | Episode reward:    45.69 | Episode steps:  168 | Average reward:    38.26 | Step Count: 394103 | Episode Q0:    38.58
Episode: 378/2000 | Episode reward:    52.02 | Episode steps:  172 | Average reward:    40.31 | Step Count: 394275 | Episode Q0:    38.58
Episode: 379/2000 | Episode reward:    32.39 | Episode steps:  149 | Average reward:    42.37 | Step Count: 394424 | Episode Q0:    38.58
Episode: 380/2000 | Episode reward:    37.48 | Episode steps:  199 | Average reward:    40.49 | Step Count: 394623 | Episode Q0:    38.58
Episode: 381/2000 | Episode reward:    -4.09 | Episode steps:  131 | Average reward:    36.67 | Step Count: 394754 | Episode Q0:    38.58
Episode: 382/2000 | Episode reward:    77.66 | Episode steps:  180 | Average reward:    43.54 | Step Count: 394934 | Episode Q0:    38.58
Episode: 383/2000 | Episode reward:   379.63 | Episode steps:  329 | Average reward:    74.04 | Step Count: 395263 | Episode Q0:    38.58
Episode: 384/2000 | Episode reward:     9.36 | Episode steps:  131 | Average reward:    76.30 | Step Count: 395394 | Episode Q0:    38.58
Episode: 385/2000 | Episode reward:    31.64 | Episode steps:  115 | Average reward:    73.13 | Step Count: 395509 | Episode Q0:    38.58
Episode: 386/2000 | Episode reward:   -15.25 | Episode steps:  134 | Average reward:    64.65 | Step Count: 395643 | Episode Q0:    38.58
Episode: 387/2000 | Episode reward:   -40.99 | Episode steps:  234 | Average reward:    55.99 | Step Count: 395877 | Episode Q0:    38.58
Episode: 388/2000 | Episode reward:    35.30 | Episode steps:  131 | Average reward:    54.31 | Step Count: 396008 | Episode Q0:    38.58
Episode: 389/2000 | Episode reward:    22.91 | Episode steps:  111 | Average reward:    53.37 | Step Count: 396119 | Episode Q0:    38.58
Episode: 390/2000 | Episode reward:    33.76 | Episode steps:  120 | Average reward:    52.99 | Step Count: 396239 | Episode Q0:    38.58
Episode: 391/2000 | Episode reward:    35.68 | Episode steps:  126 | Average reward:    56.97 | Step Count: 396365 | Episode Q0:    38.58
Episode: 392/2000 | Episode reward:    42.83 | Episode steps:  153 | Average reward:    53.49 | Step Count: 396518 | Episode Q0:    38.58
Episode: 393/2000 | Episode reward:    21.95 | Episode steps:  124 | Average reward:    17.72 | Step Count: 396642 | Episode Q0:    38.58
Episode: 394/2000 | Episode reward:    46.85 | Episode steps:  166 | Average reward:    21.47 | Step Count: 396808 | Episode Q0:    38.58
Episode: 395/2000 | Episode reward:    33.15 | Episode steps:  114 | Average reward:    21.62 | Step Count: 396922 | Episode Q0:    38.58
Episode: 396/2000 | Episode reward:    44.02 | Episode steps:  100 | Average reward:    27.55 | Step Count: 397022 | Episode Q0:    38.58
Episode: 397/2000 | Episode reward:    37.76 | Episode steps:  126 | Average reward:    35.42 | Step Count: 397148 | Episode Q0:    38.58
Episode: 398/2000 | Episode reward:    49.64 | Episode steps:  173 | Average reward:    36.86 | Step Count: 397321 | Episode Q0:    37.61
Episode: 399/2000 | Episode reward:    36.83 | Episode steps:  152 | Average reward:    38.25 | Step Count: 397473 | Episode Q0:    37.61
Episode: 400/2000 | Episode reward:    11.24 | Episode steps:  125 | Average reward:    36.00 | Step Count: 397598 | Episode Q0:    37.61
Episode: 401/2000 | Episode reward:     1.06 | Episode steps:  137 | Average reward:    32.53 | Step Count: 397735 | Episode Q0:    37.61
Episode: 402/2000 | Episode reward:    35.06 | Episode steps:  147 | Average reward:    31.76 | Step Count: 397882 | Episode Q0:    37.61
Episode: 403/2000 | Episode reward:    47.56 | Episode steps:  170 | Average reward:    34.32 | Step Count: 398052 | Episode Q0:    37.61
Episode: 404/2000 | Episode reward:    13.13 | Episode steps:  124 | Average reward:    30.95 | Step Count: 398176 | Episode Q0:    37.61
Episode: 405/2000 | Episode reward:    40.19 | Episode steps:  122 | Average reward:    31.65 | Step Count: 398298 | Episode Q0:    37.61
Episode: 406/2000 | Episode reward:     1.34 | Episode steps:  111 | Average reward:    27.38 | Step Count: 398409 | Episode Q0:    37.61
Episode: 407/2000 | Episode reward:    13.62 | Episode steps:  110 | Average reward:    24.97 | Step Count: 398519 | Episode Q0:    37.61
Episode: 408/2000 | Episode reward:    -6.71 | Episode steps:  111 | Average reward:    19.33 | Step Count: 398630 | Episode Q0:    37.61
Episode: 409/2000 | Episode reward:    32.30 | Episode steps:  105 | Average reward:    18.88 | Step Count: 398735 | Episode Q0:    37.61
Episode: 410/2000 | Episode reward:    35.14 | Episode steps:  145 | Average reward:    21.27 | Step Count: 398880 | Episode Q0:    37.61
Episode: 411/2000 | Episode reward:    34.42 | Episode steps:   99 | Average reward:    24.60 | Step Count: 398979 | Episode Q0:    37.61
Episode: 412/2000 | Episode reward:    39.26 | Episode steps:  158 | Average reward:    25.02 | Step Count: 399137 | Episode Q0:    37.61
Episode: 413/2000 | Episode reward:   -19.92 | Episode steps:  110 | Average reward:    18.28 | Step Count: 399247 | Episode Q0:    37.61
Episode: 414/2000 | Episode reward:   -20.71 | Episode steps:  116 | Average reward:    14.89 | Step Count: 399363 | Episode Q0:    37.61
Episode: 415/2000 | Episode reward:     9.30 | Episode steps:  121 | Average reward:    11.80 | Step Count: 399484 | Episode Q0:    37.61
Episode: 416/2000 | Episode reward:    39.86 | Episode steps:  141 | Average reward:    15.66 | Step Count: 399625 | Episode Q0:    37.61
Episode: 417/2000 | Episode reward:    31.12 | Episode steps:  137 | Average reward:    17.41 | Step Count: 399762 | Episode Q0:    37.61
Episode: 418/2000 | Episode reward:    56.46 | Episode steps:  149 | Average reward:    23.72 | Step Count: 399911 | Episode Q0:    37.61
Episode: 419/2000 | Episode reward:    28.72 | Episode steps:  108 | Average reward:    23.37 | Step Count: 400019 | Episode Q0:    37.61
Episode: 420/2000 | Episode reward:    38.24 | Episode steps:  125 | Average reward:    23.68 | Step Count: 400144 | Episode Q0:    37.61
Episode: 421/2000 | Episode reward:    19.23 | Episode steps:  113 | Average reward:    22.16 | Step Count: 400257 | Episode Q0:    37.61
Episode: 422/2000 | Episode reward:    40.40 | Episode steps:   98 | Average reward:    22.27 | Step Count: 400355 | Episode Q0:    37.61
Episode: 423/2000 | Episode reward:    45.42 | Episode steps:  124 | Average reward:    28.80 | Step Count: 400479 | Episode Q0:    37.61
Episode: 424/2000 | Episode reward:     5.97 | Episode steps:  107 | Average reward:    31.47 | Step Count: 400586 | Episode Q0:    37.61
Episode: 425/2000 | Episode reward:    41.08 | Episode steps:  144 | Average reward:    34.65 | Step Count: 400730 | Episode Q0:    37.61
Episode: 426/2000 | Episode reward:    39.09 | Episode steps:  106 | Average reward:    34.57 | Step Count: 400836 | Episode Q0:    37.61
Episode: 427/2000 | Episode reward:    10.54 | Episode steps:  115 | Average reward:    32.52 | Step Count: 400951 | Episode Q0:    37.61
Episode: 428/2000 | Episode reward:    50.95 | Episode steps:  143 | Average reward:    31.96 | Step Count: 401094 | Episode Q0:    37.61
Episode: 429/2000 | Episode reward:    39.91 | Episode steps:   96 | Average reward:    33.08 | Step Count: 401190 | Episode Q0:    37.61
Episode: 430/2000 | Episode reward:    53.90 | Episode steps:  164 | Average reward:    34.65 | Step Count: 401354 | Episode Q0:    37.61
Episode: 431/2000 | Episode reward:    31.75 | Episode steps:  100 | Average reward:    35.90 | Step Count: 401454 | Episode Q0:    36.75
Episode: 432/2000 | Episode reward:    29.98 | Episode steps:  170 | Average reward:    34.86 | Step Count: 401624 | Episode Q0:    36.75
Episode: 433/2000 | Episode reward:    24.83 | Episode steps:  223 | Average reward:    32.80 | Step Count: 401847 | Episode Q0:    36.75
Episode: 434/2000 | Episode reward:    22.86 | Episode steps:  114 | Average reward:    34.49 | Step Count: 401961 | Episode Q0:    36.75
Episode: 435/2000 | Episode reward:    39.48 | Episode steps:  104 | Average reward:    34.33 | Step Count: 402065 | Episode Q0:    36.75
Episode: 436/2000 | Episode reward:    32.17 | Episode steps:  109 | Average reward:    33.64 | Step Count: 402174 | Episode Q0:    36.75
Episode: 437/2000 | Episode reward:   -36.08 | Episode steps:  214 | Average reward:    28.97 | Step Count: 402388 | Episode Q0:    36.75
Episode: 438/2000 | Episode reward:    38.79 | Episode steps:  103 | Average reward:    27.76 | Step Count: 402491 | Episode Q0:    36.75
Episode: 439/2000 | Episode reward:    -3.64 | Episode steps:  102 | Average reward:    23.40 | Step Count: 402593 | Episode Q0:    36.75
Episode: 440/2000 | Episode reward:    -9.07 | Episode steps:  144 | Average reward:    17.11 | Step Count: 402737 | Episode Q0:    36.75
Episode: 441/2000 | Episode reward:    36.50 | Episode steps:  134 | Average reward:    17.58 | Step Count: 402871 | Episode Q0:    36.75
Episode: 442/2000 | Episode reward:    20.85 | Episode steps:   96 | Average reward:    16.67 | Step Count: 402967 | Episode Q0:    36.75
Episode: 443/2000 | Episode reward:   -19.72 | Episode steps:  106 | Average reward:    12.21 | Step Count: 403073 | Episode Q0:    36.75
Episode: 444/2000 | Episode reward:   -11.12 | Episode steps:  107 | Average reward:     8.81 | Step Count: 403180 | Episode Q0:    36.75
Episode: 445/2000 | Episode reward:     4.22 | Episode steps:  120 | Average reward:     5.29 | Step Count: 403300 | Episode Q0:    36.75
Episode: 446/2000 | Episode reward:    17.35 | Episode steps:  126 | Average reward:     3.81 | Step Count: 403426 | Episode Q0:    36.75
Episode: 447/2000 | Episode reward:    25.60 | Episode steps:  153 | Average reward:     9.98 | Step Count: 403579 | Episode Q0:    36.75
Episode: 448/2000 | Episode reward:    -2.43 | Episode steps:  103 | Average reward:     5.85 | Step Count: 403682 | Episode Q0:    36.75
Episode: 449/2000 | Episode reward:    29.57 | Episode steps:  106 | Average reward:     9.18 | Step Count: 403788 | Episode Q0:    36.75
Episode: 450/2000 | Episode reward:    37.09 | Episode steps:  111 | Average reward:    13.79 | Step Count: 403899 | Episode Q0:    36.75
Episode: 451/2000 | Episode reward:    -6.06 | Episode steps:  103 | Average reward:     9.54 | Step Count: 404002 | Episode Q0:    36.75
Episode: 452/2000 | Episode reward:    42.21 | Episode steps:   96 | Average reward:    11.67 | Step Count: 404098 | Episode Q0:    36.75
Episode: 453/2000 | Episode reward:    22.88 | Episode steps:  218 | Average reward:    15.93 | Step Count: 404316 | Episode Q0:    36.75
Episode: 454/2000 | Episode reward:    30.43 | Episode steps:  111 | Average reward:    20.09 | Step Count: 404427 | Episode Q0:    36.75
Episode: 455/2000 | Episode reward:    28.71 | Episode steps:  103 | Average reward:    22.54 | Step Count: 404530 | Episode Q0:    36.75
Episode: 456/2000 | Episode reward:    10.13 | Episode steps:   91 | Average reward:    21.81 | Step Count: 404621 | Episode Q0:    36.75
Episode: 457/2000 | Episode reward:    -3.50 | Episode steps:  170 | Average reward:    18.90 | Step Count: 404791 | Episode Q0:    36.75
Episode: 458/2000 | Episode reward:    32.32 | Episode steps:  184 | Average reward:    22.38 | Step Count: 404975 | Episode Q0:    36.75
Episode: 459/2000 | Episode reward:    -5.18 | Episode steps:   92 | Average reward:    18.90 | Step Count: 405067 | Episode Q0:    36.75
Episode: 460/2000 | Episode reward:    -7.78 | Episode steps:  103 | Average reward:    14.42 | Step Count: 405170 | Episode Q0:    36.75
Episode: 461/2000 | Episode reward:    92.11 | Episode steps:  156 | Average reward:    24.23 | Step Count: 405326 | Episode Q0:    36.75
Episode: 462/2000 | Episode reward:    33.11 | Episode steps:  103 | Average reward:    23.32 | Step Count: 405429 | Episode Q0:    36.75
Episode: 463/2000 | Episode reward:    11.00 | Episode steps:  104 | Average reward:    22.14 | Step Count: 405533 | Episode Q0:    36.75
Episode: 464/2000 | Episode reward:    28.09 | Episode steps:  111 | Average reward:    21.90 | Step Count: 405644 | Episode Q0:    35.78
Episode: 465/2000 | Episode reward:    36.54 | Episode steps:  104 | Average reward:    22.69 | Step Count: 405748 | Episode Q0:    35.78
Episode: 466/2000 | Episode reward:   -15.12 | Episode steps:  120 | Average reward:    20.16 | Step Count: 405868 | Episode Q0:    35.78
Episode: 467/2000 | Episode reward:     4.85 | Episode steps:  118 | Average reward:    20.99 | Step Count: 405986 | Episode Q0:    35.78
Episode: 468/2000 | Episode reward:   -18.34 | Episode steps:  183 | Average reward:    15.93 | Step Count: 406169 | Episode Q0:    35.78
Episode: 469/2000 | Episode reward:    42.69 | Episode steps:  148 | Average reward:    20.72 | Step Count: 406317 | Episode Q0:    35.78
Episode: 470/2000 | Episode reward:    28.84 | Episode steps:  103 | Average reward:    24.38 | Step Count: 406420 | Episode Q0:    35.78
Episode: 471/2000 | Episode reward:    -4.96 | Episode steps:  106 | Average reward:    14.67 | Step Count: 406526 | Episode Q0:    35.78
Episode: 472/2000 | Episode reward:    77.90 | Episode steps:  169 | Average reward:    19.15 | Step Count: 406695 | Episode Q0:    35.78
Episode: 473/2000 | Episode reward:    29.48 | Episode steps:  155 | Average reward:    21.00 | Step Count: 406850 | Episode Q0:    35.78
Episode: 474/2000 | Episode reward:   205.84 | Episode steps:  296 | Average reward:    38.77 | Step Count: 407146 | Episode Q0:    35.78
Episode: 475/2000 | Episode reward:    38.30 | Episode steps:  136 | Average reward:    38.95 | Step Count: 407282 | Episode Q0:    35.78
Episode: 476/2000 | Episode reward:    -9.82 | Episode steps:  103 | Average reward:    39.48 | Step Count: 407385 | Episode Q0:    35.78
Episode: 477/2000 | Episode reward:   -15.48 | Episode steps:  162 | Average reward:    37.44 | Step Count: 407547 | Episode Q0:    35.78
Episode: 478/2000 | Episode reward:    40.09 | Episode steps:  109 | Average reward:    43.29 | Step Count: 407656 | Episode Q0:    35.78
Episode: 479/2000 | Episode reward:   -13.32 | Episode steps:  100 | Average reward:    37.69 | Step Count: 407756 | Episode Q0:    35.78
Episode: 480/2000 | Episode reward:    14.00 | Episode steps:  148 | Average reward:    36.20 | Step Count: 407904 | Episode Q0:    35.78
Episode: 481/2000 | Episode reward:   -17.35 | Episode steps:   95 | Average reward:    34.96 | Step Count: 407999 | Episode Q0:    35.78
Episode: 482/2000 | Episode reward:   -25.70 | Episode steps:   98 | Average reward:    24.60 | Step Count: 408097 | Episode Q0:    35.78
Episode: 483/2000 | Episode reward:    37.15 | Episode steps:   90 | Average reward:    25.37 | Step Count: 408187 | Episode Q0:    35.78
Episode: 484/2000 | Episode reward:   -10.38 | Episode steps:  102 | Average reward:     3.75 | Step Count: 408289 | Episode Q0:    35.78
Episode: 485/2000 | Episode reward:   -31.27 | Episode steps:  186 | Average reward:    -3.21 | Step Count: 408475 | Episode Q0:    35.78
Episode: 486/2000 | Episode reward:    40.83 | Episode steps:  113 | Average reward:     1.86 | Step Count: 408588 | Episode Q0:    35.78
Episode: 487/2000 | Episode reward:     5.58 | Episode steps:  108 | Average reward:     3.96 | Step Count: 408696 | Episode Q0:    35.78
Episode: 488/2000 | Episode reward:    21.75 | Episode steps:  121 | Average reward:     2.13 | Step Count: 408817 | Episode Q0:    35.78
Episode: 489/2000 | Episode reward:    -1.00 | Episode steps:  110 | Average reward:     3.36 | Step Count: 408927 | Episode Q0:    35.78
Episode: 490/2000 | Episode reward:    33.51 | Episode steps:  112 | Average reward:     5.31 | Step Count: 409039 | Episode Q0:    35.78
Episode: 491/2000 | Episode reward:    37.34 | Episode steps:  149 | Average reward:    10.78 | Step Count: 409188 | Episode Q0:    35.78
Episode: 492/2000 | Episode reward:    11.97 | Episode steps:   95 | Average reward:    14.55 | Step Count: 409283 | Episode Q0:    35.78
Episode: 493/2000 | Episode reward:    37.16 | Episode steps:   94 | Average reward:    14.55 | Step Count: 409377 | Episode Q0:    35.78
Episode: 494/2000 | Episode reward:    25.48 | Episode steps:  123 | Average reward:    18.13 | Step Count: 409500 | Episode Q0:    35.78
Episode: 495/2000 | Episode reward:    28.39 | Episode steps:  143 | Average reward:    24.10 | Step Count: 409643 | Episode Q0:    35.78
Episode: 496/2000 | Episode reward:     7.19 | Episode steps:  138 | Average reward:    20.74 | Step Count: 409781 | Episode Q0:    35.78
Episode: 497/2000 | Episode reward:    33.13 | Episode steps:  144 | Average reward:    23.49 | Step Count: 409925 | Episode Q0:    36.35
Episode: 498/2000 | Episode reward:    37.94 | Episode steps:  121 | Average reward:    25.11 | Step Count: 410046 | Episode Q0:    36.35
Episode: 499/2000 | Episode reward:    33.69 | Episode steps:  114 | Average reward:    28.58 | Step Count: 410160 | Episode Q0:    36.35
Episode: 500/2000 | Episode reward:   -22.84 | Episode steps:  172 | Average reward:    22.95 | Step Count: 410332 | Episode Q0:    36.35
Episode: 501/2000 | Episode reward:   108.60 | Episode steps:  204 | Average reward:    30.07 | Step Count: 410536 | Episode Q0:    36.35
Episode: 502/2000 | Episode reward:    20.12 | Episode steps:  111 | Average reward:    30.89 | Step Count: 410647 | Episode Q0:    36.35
Episode: 503/2000 | Episode reward:     3.53 | Episode steps:  131 | Average reward:    27.52 | Step Count: 410778 | Episode Q0:    36.35
Episode: 504/2000 | Episode reward:    41.39 | Episode steps:  133 | Average reward:    29.11 | Step Count: 410911 | Episode Q0:    36.35
Episode: 505/2000 | Episode reward:    30.01 | Episode steps:  135 | Average reward:    29.27 | Step Count: 411046 | Episode Q0:    36.35
Episode: 506/2000 | Episode reward:    45.58 | Episode steps:  154 | Average reward:    33.11 | Step Count: 411200 | Episode Q0:    36.35
Episode: 507/2000 | Episode reward:     6.16 | Episode steps:   84 | Average reward:    30.42 | Step Count: 411284 | Episode Q0:    36.35
Episode: 508/2000 | Episode reward:    46.92 | Episode steps:  111 | Average reward:    31.31 | Step Count: 411395 | Episode Q0:    36.35
Episode: 509/2000 | Episode reward:   -18.28 | Episode steps:  187 | Average reward:    26.12 | Step Count: 411582 | Episode Q0:    36.35
Episode: 510/2000 | Episode reward:   -15.06 | Episode steps:  157 | Average reward:    26.90 | Step Count: 411739 | Episode Q0:    36.35
Episode: 511/2000 | Episode reward:   -18.12 | Episode steps:  127 | Average reward:    14.22 | Step Count: 411866 | Episode Q0:    36.35
Episode: 512/2000 | Episode reward:    -3.37 | Episode steps:  100 | Average reward:    11.88 | Step Count: 411966 | Episode Q0:    36.35
Episode: 513/2000 | Episode reward:    -7.86 | Episode steps:   97 | Average reward:    10.74 | Step Count: 412063 | Episode Q0:    36.35
Episode: 514/2000 | Episode reward:    25.21 | Episode steps:  101 | Average reward:     9.12 | Step Count: 412164 | Episode Q0:    36.35
Episode: 515/2000 | Episode reward:    34.15 | Episode steps:  109 | Average reward:     9.53 | Step Count: 412273 | Episode Q0:    36.35
Episode: 516/2000 | Episode reward:    17.99 | Episode steps:  145 | Average reward:     6.77 | Step Count: 412418 | Episode Q0:    36.35
Episode: 517/2000 | Episode reward:   -14.97 | Episode steps:  116 | Average reward:     4.66 | Step Count: 412534 | Episode Q0:    36.35
Episode: 518/2000 | Episode reward:    -4.16 | Episode steps:  176 | Average reward:    -0.45 | Step Count: 412710 | Episode Q0:    36.35
Episode: 519/2000 | Episode reward:    32.36 | Episode steps:  120 | Average reward:     4.62 | Step Count: 412830 | Episode Q0:    36.35
Episode: 520/2000 | Episode reward:    -3.34 | Episode steps:  110 | Average reward:     5.79 | Step Count: 412940 | Episode Q0:    36.35
Episode: 521/2000 | Episode reward:    28.87 | Episode steps:  104 | Average reward:    10.49 | Step Count: 413044 | Episode Q0:    36.35
Episode: 522/2000 | Episode reward:    35.27 | Episode steps:  115 | Average reward:    14.35 | Step Count: 413159 | Episode Q0:    36.35
Episode: 523/2000 | Episode reward:    -7.45 | Episode steps:  130 | Average reward:    14.39 | Step Count: 413289 | Episode Q0:    36.35
Episode: 524/2000 | Episode reward:     7.01 | Episode steps:  153 | Average reward:    12.57 | Step Count: 413442 | Episode Q0:    36.35
Episode: 525/2000 | Episode reward:   -18.67 | Episode steps:  108 | Average reward:     7.29 | Step Count: 413550 | Episode Q0:    36.35
Episode: 526/2000 | Episode reward:   -14.52 | Episode steps:  128 | Average reward:     4.04 | Step Count: 413678 | Episode Q0:    36.35
Episode: 527/2000 | Episode reward:    18.31 | Episode steps:  103 | Average reward:     7.37 | Step Count: 413781 | Episode Q0:    36.35
Episode: 528/2000 | Episode reward:    92.36 | Episode steps:  142 | Average reward:    17.02 | Step Count: 413923 | Episode Q0:    36.35
Episode: 529/2000 | Episode reward:    31.00 | Episode steps:  136 | Average reward:    16.88 | Step Count: 414059 | Episode Q0:    35.86
Episode: 530/2000 | Episode reward:    29.70 | Episode steps:  133 | Average reward:    20.19 | Step Count: 414192 | Episode Q0:    35.86
Episode: 531/2000 | Episode reward:    41.77 | Episode steps:  102 | Average reward:    21.48 | Step Count: 414294 | Episode Q0:    35.86
Episode: 532/2000 | Episode reward:    30.97 | Episode steps:  123 | Average reward:    21.05 | Step Count: 414417 | Episode Q0:    35.86
Episode: 533/2000 | Episode reward:    27.14 | Episode steps:  105 | Average reward:    24.51 | Step Count: 414522 | Episode Q0:    35.86
Episode: 534/2000 | Episode reward:     0.67 | Episode steps:   99 | Average reward:    23.87 | Step Count: 414621 | Episode Q0:    35.86
Episode: 535/2000 | Episode reward:    43.92 | Episode steps:  125 | Average reward:    30.13 | Step Count: 414746 | Episode Q0:    35.86
Episode: 536/2000 | Episode reward:    -8.24 | Episode steps:  195 | Average reward:    30.76 | Step Count: 414941 | Episode Q0:    35.86
Episode: 537/2000 | Episode reward:    41.05 | Episode steps:  100 | Average reward:    33.03 | Step Count: 415041 | Episode Q0:    35.86
Episode: 538/2000 | Episode reward:    27.25 | Episode steps:  152 | Average reward:    26.52 | Step Count: 415193 | Episode Q0:    35.86
Episode: 539/2000 | Episode reward:     4.92 | Episode steps:  107 | Average reward:    23.91 | Step Count: 415300 | Episode Q0:    35.86
Episode: 540/2000 | Episode reward:    -2.81 | Episode steps:  114 | Average reward:    20.66 | Step Count: 415414 | Episode Q0:    35.86
Episode: 541/2000 | Episode reward:    30.10 | Episode steps:  129 | Average reward:    19.50 | Step Count: 415543 | Episode Q0:    35.86
Episode: 542/2000 | Episode reward:    34.81 | Episode steps:  113 | Average reward:    19.88 | Step Count: 415656 | Episode Q0:    35.86
Episode: 543/2000 | Episode reward:   -26.29 | Episode steps:  181 | Average reward:    14.54 | Step Count: 415837 | Episode Q0:    35.86
Episode: 544/2000 | Episode reward:   -14.71 | Episode steps:  131 | Average reward:    13.00 | Step Count: 415968 | Episode Q0:    35.86
Episode: 545/2000 | Episode reward:    23.64 | Episode steps:  128 | Average reward:    10.97 | Step Count: 416096 | Episode Q0:    35.86
Episode: 546/2000 | Episode reward:    33.80 | Episode steps:  122 | Average reward:    15.18 | Step Count: 416218 | Episode Q0:    35.86
Episode: 547/2000 | Episode reward:    -4.72 | Episode steps:  114 | Average reward:    10.60 | Step Count: 416332 | Episode Q0:    35.86
Episode: 548/2000 | Episode reward:     5.35 | Episode steps:  116 | Average reward:     8.41 | Step Count: 416448 | Episode Q0:    35.86
Episode: 549/2000 | Episode reward:    45.31 | Episode steps:  102 | Average reward:    12.45 | Step Count: 416550 | Episode Q0:    35.86
Episode: 550/2000 | Episode reward:    14.60 | Episode steps:  161 | Average reward:    14.19 | Step Count: 416711 | Episode Q0:    35.86
Episode: 551/2000 | Episode reward:    34.45 | Episode steps:  116 | Average reward:    14.62 | Step Count: 416827 | Episode Q0:    35.86
Episode: 552/2000 | Episode reward:    40.94 | Episode steps:  101 | Average reward:    15.24 | Step Count: 416928 | Episode Q0:    35.86
Episode: 553/2000 | Episode reward:    36.90 | Episode steps:  114 | Average reward:    21.56 | Step Count: 417042 | Episode Q0:    35.86
Episode: 554/2000 | Episode reward:    36.16 | Episode steps:  115 | Average reward:    26.64 | Step Count: 417157 | Episode Q0:    35.86
Episode: 555/2000 | Episode reward:    37.99 | Episode steps:  158 | Average reward:    28.08 | Step Count: 417315 | Episode Q0:    35.86
Episode: 556/2000 | Episode reward:    30.70 | Episode steps:  143 | Average reward:    27.77 | Step Count: 417458 | Episode Q0:    35.86
Episode: 557/2000 | Episode reward:    42.82 | Episode steps:  121 | Average reward:    32.52 | Step Count: 417579 | Episode Q0:    35.86
Episode: 558/2000 | Episode reward:    38.17 | Episode steps:  111 | Average reward:    35.81 | Step Count: 417690 | Episode Q0:    35.86
Episode: 559/2000 | Episode reward:    -2.11 | Episode steps:  153 | Average reward:    31.06 | Step Count: 417843 | Episode Q0:    35.86
Episode: 560/2000 | Episode reward:    13.56 | Episode steps:  104 | Average reward:    30.96 | Step Count: 417947 | Episode Q0:    35.86
